Archive member included to satisfy reference by file (symbol)

/usr/lib/gcc/arm-none-eabi/7.3.1/thumb/v6-m/libgcc.a(_dvmd_tls.o)
                              CMakeFiles/fm_example.dir/home/pi/pico/pico-sdk/src/rp2_common/pico_divider/divider.S.obj (__aeabi_idiv0)
/usr/lib/gcc/arm-none-eabi/7.3.1/../../../arm-none-eabi/lib/thumb/v6-m/libg.a(lib_a-atexit.o)
                              /usr/lib/gcc/arm-none-eabi/7.3.1/../../../arm-none-eabi/lib/thumb/v6-m/crt0.o (atexit)
/usr/lib/gcc/arm-none-eabi/7.3.1/../../../arm-none-eabi/lib/thumb/v6-m/libg.a(lib_a-calloc.o)
                              CMakeFiles/fm_example.dir/home/pi/pico/pico-sdk/src/rp2_common/pico_malloc/pico_malloc.c.obj (calloc)
/usr/lib/gcc/arm-none-eabi/7.3.1/../../../arm-none-eabi/lib/thumb/v6-m/libg.a(lib_a-callocr.o)
                              /usr/lib/gcc/arm-none-eabi/7.3.1/../../../arm-none-eabi/lib/thumb/v6-m/libg.a(lib_a-calloc.o) (_calloc_r)
/usr/lib/gcc/arm-none-eabi/7.3.1/../../../arm-none-eabi/lib/thumb/v6-m/libg.a(lib_a-ctype_.o)
                              CMakeFiles/fm_example.dir/home/pi/pico/pico-sdk/lib/tinyusb/src/tusb.c.obj (_ctype_)
/usr/lib/gcc/arm-none-eabi/7.3.1/../../../arm-none-eabi/lib/thumb/v6-m/libg.a(lib_a-fini.o)
                              /usr/lib/gcc/arm-none-eabi/7.3.1/../../../arm-none-eabi/lib/thumb/v6-m/crt0.o (__libc_fini_array)
/usr/lib/gcc/arm-none-eabi/7.3.1/../../../arm-none-eabi/lib/thumb/v6-m/libg.a(lib_a-impure.o)
                              /usr/lib/gcc/arm-none-eabi/7.3.1/../../../arm-none-eabi/lib/thumb/v6-m/libg.a(lib_a-calloc.o) (_impure_ptr)
/usr/lib/gcc/arm-none-eabi/7.3.1/../../../arm-none-eabi/lib/thumb/v6-m/libg.a(lib_a-init.o)
                              /usr/lib/gcc/arm-none-eabi/7.3.1/../../../arm-none-eabi/lib/thumb/v6-m/crt0.o (__libc_init_array)
/usr/lib/gcc/arm-none-eabi/7.3.1/../../../arm-none-eabi/lib/thumb/v6-m/libg.a(lib_a-malloc.o)
                              CMakeFiles/fm_example.dir/home/pi/pico/pico-sdk/src/rp2_common/pico_malloc/pico_malloc.c.obj (malloc)
/usr/lib/gcc/arm-none-eabi/7.3.1/../../../arm-none-eabi/lib/thumb/v6-m/libg.a(lib_a-mallocr.o)
                              /usr/lib/gcc/arm-none-eabi/7.3.1/../../../arm-none-eabi/lib/thumb/v6-m/libg.a(lib_a-callocr.o) (_malloc_r)
/usr/lib/gcc/arm-none-eabi/7.3.1/../../../arm-none-eabi/lib/thumb/v6-m/libg.a(lib_a-memcmp.o)
                              CMakeFiles/fm_example.dir/pico-ss-oled/ss_oled.c.obj (memcmp)
/usr/lib/gcc/arm-none-eabi/7.3.1/../../../arm-none-eabi/lib/thumb/v6-m/libg.a(lib_a-mlock.o)
                              /usr/lib/gcc/arm-none-eabi/7.3.1/../../../arm-none-eabi/lib/thumb/v6-m/libg.a(lib_a-mallocr.o) (__malloc_lock)
/usr/lib/gcc/arm-none-eabi/7.3.1/../../../arm-none-eabi/lib/thumb/v6-m/libg.a(lib_a-sbrkr.o)
                              /usr/lib/gcc/arm-none-eabi/7.3.1/../../../arm-none-eabi/lib/thumb/v6-m/libg.a(lib_a-mallocr.o) (_sbrk_r)
/usr/lib/gcc/arm-none-eabi/7.3.1/../../../arm-none-eabi/lib/thumb/v6-m/libg.a(lib_a-strlen-stub.o)
                              CMakeFiles/fm_example.dir/home/pi/pico/pico-sdk/src/rp2_common/pico_stdio/stdio.c.obj (strlen)
/usr/lib/gcc/arm-none-eabi/7.3.1/../../../arm-none-eabi/lib/thumb/v6-m/libg.a(lib_a-__atexit.o)
                              /usr/lib/gcc/arm-none-eabi/7.3.1/../../../arm-none-eabi/lib/thumb/v6-m/libg.a(lib_a-atexit.o) (__register_exitproc)
/usr/lib/gcc/arm-none-eabi/7.3.1/../../../arm-none-eabi/lib/thumb/v6-m/libg.a(lib_a-freer.o)
                              /usr/lib/gcc/arm-none-eabi/7.3.1/../../../arm-none-eabi/lib/thumb/v6-m/libg.a(lib_a-malloc.o) (_free_r)
/usr/lib/gcc/arm-none-eabi/7.3.1/../../../arm-none-eabi/lib/thumb/v6-m/libg.a(lib_a-reent.o)
                              /usr/lib/gcc/arm-none-eabi/7.3.1/../../../arm-none-eabi/lib/thumb/v6-m/libg.a(lib_a-sbrkr.o) (errno)

Allocating common symbols
Common symbol       size              file

sf_table            0x100             CMakeFiles/fm_example.dir/home/pi/pico/pico-sdk/src/rp2_common/pico_float/float_init_rom.c.obj
errno               0x4               /usr/lib/gcc/arm-none-eabi/7.3.1/../../../arm-none-eabi/lib/thumb/v6-m/libg.a(lib_a-reent.o)
_usbd_qdef_buf      0xc0              CMakeFiles/fm_example.dir/home/pi/pico/pico-sdk/lib/tinyusb/src/device/usbd.c.obj
sf_clz_func         0x4               CMakeFiles/fm_example.dir/home/pi/pico/pico-sdk/src/rp2_common/pico_float/float_init_rom.c.obj
sd_table            0x100             CMakeFiles/fm_example.dir/home/pi/pico/pico-sdk/src/rp2_common/pico_double/double_init_rom.c.obj
uart_char_to_line_feed
                    0x4               CMakeFiles/fm_example.dir/home/pi/pico/pico-sdk/src/rp2_common/hardware_uart/uart.c.obj

Discarded input sections

 .text          0x00000000        0x0 /usr/lib/gcc/arm-none-eabi/7.3.1/thumb/v6-m/crti.o
 .data          0x00000000        0x0 /usr/lib/gcc/arm-none-eabi/7.3.1/thumb/v6-m/crti.o
[...]
Memory Configuration

Name             Origin             Length             Attributes
FLASH            0x10000000         0x00200000         xr
RAM              0x20000000         0x00040000         xrw
SCRATCH_X        0x20040000         0x00001000         xrw
SCRATCH_Y        0x20041000         0x00001000         xrw
*default*        0x00000000         0xffffffff

Linker script and memory map

LOAD /usr/lib/gcc/arm-none-eabi/7.3.1/thumb/v6-m/crti.o
LOAD /usr/lib/gcc/arm-none-eabi/7.3.1/thumb/v6-m/crtbegin.o
LOAD /usr/lib/gcc/arm-none-eabi/7.3.1/../../../arm-none-eabi/lib/thumb/v6-m/crt0.o

.flash_begin    0x10000000        0x0
                0x10000000                __flash_binary_start = .

.boot2          0x10000000      0x100
                0x10000000                __boot2_start__ = .
 *(.boot2)
 .boot2         0x10000000      0x100 /tmp/ccmls62r.o
                0x10000100                __boot2_end__ = .
                0x00000001                ASSERT (((__boot2_end__ - __boot2_start__) == 0x100), ERROR: Pico second stage bootloader must be 256 bytes in size)

.text           0x10000100     0x9e18
                0x10000100                __logical_binary_start = .
 *(.vectors)
 .vectors       0x10000100       0xd4 CMakeFiles/fm_example.dir/home/pi/pico/pico-sdk/src/rp2_common/pico_standard_link/crt0.S.obj
                0x10000100                __vectors
                0x10000100                __VECTOR_TABLE
                0x100001c0                isr_invalid
                0x100001c0                __default_isrs_start
                0x100001c2                isr_nmi
                0x100001c4                isr_hardfault
                0x100001c6                isr_svcall
                0x100001c8                isr_pendsv
                0x100001ca                isr_systick
                0x100001cc                isr_irq30
                0x100001cc                __unhandled_user_irq
                0x100001cc                isr_irq13
                0x100001cc                isr_irq27
                0x100001cc                isr_irq31
                0x100001cc                isr_irq5
                0x100001cc                isr_irq11
                0x100001cc                isr_irq23
                0x100001cc                isr_irq18
                0x100001cc                isr_irq28
                0x100001cc                isr_irq19
                0x100001cc                isr_irq0
                0x100001cc                isr_irq6
                0x100001cc                isr_irq22
                0x100001cc                isr_irq17
                0x100001cc                isr_irq14
                0x100001cc                isr_irq2
                0x100001cc                isr_irq10
                0x100001cc                isr_irq8
                0x100001cc                isr_irq24
                0x100001cc                isr_irq1
                0x100001cc                isr_irq7
                0x100001cc                isr_irq21
                0x100001cc                isr_irq20
                0x100001cc                isr_irq15
                0x100001cc                isr_irq25
                0x100001cc                isr_irq4
                0x100001cc                isr_irq16
                0x100001cc                isr_irq29
                0x100001cc                isr_irq26
                0x100001cc                __default_isrs_end
                0x100001cc                isr_irq3
                0x100001cc                isr_irq12
                0x100001cc                isr_irq9
                0x100001d2                unhandled_user_irq_num_in_r0
 *(.binary_info_header)
 .binary_info_header
                0x100001d4       0x14 CMakeFiles/fm_example.dir/home/pi/pico/pico-sdk/src/rp2_common/pico_standard_link/crt0.S.obj
                0x100001e8                __binary_info_header_end = .
 *(.reset)
 .reset         0x100001e8       0xa8 CMakeFiles/fm_example.dir/home/pi/pico/pico-sdk/src/rp2_common/pico_standard_link/crt0.S.obj
                0x100001e8                _entry_point
                0x10000266                __get_current_exception
 .reset         0x10000290       0x30 CMakeFiles/fm_example.dir/home/pi/pico/pico-sdk/src/rp2_common/pico_standard_link/binary_info.c.obj
 *(.init)
 .init          0x100002c0        0x4 /usr/lib/gcc/arm-none-eabi/7.3.1/thumb/v6-m/crti.o
                0x100002c0                _init
 *(EXCLUDE_FILE(*libm.a: *libc.a:*lib_a-mem*.o *libgcc.a:) .text*)
 .text          0x100002c4       0x98 /usr/lib/gcc/arm-none-eabi/7.3.1/thumb/v6-m/crtbegin.o
 .text._Z41__static_initialization_and_destruction_0ii
                0x1000035c       0x3c CMakeFiles/fm_example.dir/fm_example.cpp.obj
 .text._ZL10print_helpv
                0x10000398       0xb0 CMakeFiles/fm_example.dir/fm_example.cpp.obj
 .text.adc_gpio_init
                0x10000448       0x1e CMakeFiles/fm_example.dir/fm_example.cpp.obj
 *fill*         0x10000466        0x2 
 .text._ZL18print_station_infov
                0x10000468       0x40 CMakeFiles/fm_example.dir/fm_example.cpp.obj
 .text._ZL10update_rdsv
                0x100004a8       0x28 CMakeFiles/fm_example.dir/fm_example.cpp.obj
 .text._ZL4seek19fm_seek_direction_t
                0x100004d0      0x110 CMakeFiles/fm_example.dir/fm_example.cpp.obj
 .text._ZL14print_rds_infov
                0x100005e0      0x108 CMakeFiles/fm_example.dir/fm_example.cpp.obj
 .text._ZL13set_frequencyf
                0x100006e8       0x74 CMakeFiles/fm_example.dir/fm_example.cpp.obj
 .text._ZL4loopv
                0x1000075c      0x438 CMakeFiles/fm_example.dir/fm_example.cpp.obj
 .text.main     0x10000b94      0x13c CMakeFiles/fm_example.dir/fm_example.cpp.obj
                0x10000b94                main
 .text._GLOBAL__sub_I_myOled
                0x10000cd0       0x10 CMakeFiles/fm_example.dir/fm_example.cpp.obj
 .text.fm_frequency_range
                0x10000ce0       0x80 CMakeFiles/fm_example.dir/fm_rda5807/fm_rda5807.c.obj
 .text.fm_channel_to_frequency
                0x10000d60       0x1e CMakeFiles/fm_example.dir/fm_rda5807/fm_rda5807.c.obj
 .text.fm_set_channel_spacing_bits
                0x10000d7e       0x3e CMakeFiles/fm_example.dir/fm_rda5807/fm_rda5807.c.obj
 .text.fm_set_band_bits
                0x10000dbc       0x64 CMakeFiles/fm_example.dir/fm_rda5807/fm_rda5807.c.obj
 .text.fm_write_registers
                0x10000e20       0x58 CMakeFiles/fm_example.dir/fm_rda5807/fm_rda5807.c.obj
 .text.fm_write_registers_up_to
                0x10000e78       0x2c CMakeFiles/fm_example.dir/fm_rda5807/fm_rda5807.c.obj
 .text.fm_write_single_register
                0x10000ea4       0x58 CMakeFiles/fm_example.dir/fm_rda5807/fm_rda5807.c.obj
 .text.fm_read_registers
                0x10000efc       0x60 CMakeFiles/fm_example.dir/fm_rda5807/fm_rda5807.c.obj
 .text.fm_read_registers_up_to
                0x10000f5c       0x2c CMakeFiles/fm_example.dir/fm_rda5807/fm_rda5807.c.obj
 .text.fm_read_single_register
                0x10000f88       0x7c CMakeFiles/fm_example.dir/fm_rda5807/fm_rda5807.c.obj
 .text.fm_set_frequency_async_task
                0x10001004       0xd0 CMakeFiles/fm_example.dir/fm_rda5807/fm_rda5807.c.obj
 .text.fm_seek_async_task
                0x100010d4       0xf0 CMakeFiles/fm_example.dir/fm_rda5807/fm_rda5807.c.obj
 .text.fm_frequency_to_channel
                0x100011c4       0x22 CMakeFiles/fm_example.dir/fm_rda5807/fm_rda5807.c.obj
 .text.fm_init  0x100011e6       0x3a CMakeFiles/fm_example.dir/fm_rda5807/fm_rda5807.c.obj
                0x100011e6                fm_init
 .text.fm_is_powered_up
                0x10001220        0x8 CMakeFiles/fm_example.dir/fm_rda5807/fm_rda5807.c.obj
                0x10001220                fm_is_powered_up
 .text.fm_get_frequency_range
                0x10001228        0xc CMakeFiles/fm_example.dir/fm_rda5807/fm_rda5807.c.obj
                0x10001228                fm_get_frequency_range
 .text.fm_get_frequency
                0x10001234        0x4 CMakeFiles/fm_example.dir/fm_rda5807/fm_rda5807.c.obj
                0x10001234                fm_get_frequency
 .text.fm_set_frequency_async
                0x10001238       0xb4 CMakeFiles/fm_example.dir/fm_rda5807/fm_rda5807.c.obj
                0x10001238                fm_set_frequency_async
 .text.fm_get_seek_threshold
                0x100012ec        0x4 CMakeFiles/fm_example.dir/fm_rda5807/fm_rda5807.c.obj
                0x100012ec                fm_get_seek_threshold
 .text.fm_set_seek_threshold
                0x100012f0       0x70 CMakeFiles/fm_example.dir/fm_rda5807/fm_rda5807.c.obj
                0x100012f0                fm_set_seek_threshold
 .text.fm_seek_async
                0x10001360       0x9c CMakeFiles/fm_example.dir/fm_rda5807/fm_rda5807.c.obj
                0x10001360                fm_seek_async
 .text.fm_get_mute
                0x100013fc        0x6 CMakeFiles/fm_example.dir/fm_rda5807/fm_rda5807.c.obj
                0x100013fc                fm_get_mute
 *fill*         0x10001402        0x2 
 .text.fm_set_mute
                0x10001404       0x78 CMakeFiles/fm_example.dir/fm_rda5807/fm_rda5807.c.obj
                0x10001404                fm_set_mute
 .text.fm_get_softmute
                0x1000147c        0x6 CMakeFiles/fm_example.dir/fm_rda5807/fm_rda5807.c.obj
                0x1000147c                fm_get_softmute
 *fill*         0x10001482        0x2 
 .text.fm_set_softmute
                0x10001484       0x78 CMakeFiles/fm_example.dir/fm_rda5807/fm_rda5807.c.obj
                0x10001484                fm_set_softmute
 .text.fm_get_bass_boost
                0x100014fc        0x6 CMakeFiles/fm_example.dir/fm_rda5807/fm_rda5807.c.obj
                0x100014fc                fm_get_bass_boost
 *fill*         0x10001502        0x2 
 .text.fm_set_bass_boost
                0x10001504       0x78 CMakeFiles/fm_example.dir/fm_rda5807/fm_rda5807.c.obj
                0x10001504                fm_set_bass_boost
 .text.fm_get_mono
                0x1000157c        0x6 CMakeFiles/fm_example.dir/fm_rda5807/fm_rda5807.c.obj
                0x1000157c                fm_get_mono
 *fill*         0x10001582        0x2 
 .text.fm_set_mono
                0x10001584       0x78 CMakeFiles/fm_example.dir/fm_rda5807/fm_rda5807.c.obj
                0x10001584                fm_set_mono
 .text.fm_get_volume
                0x100015fc        0x6 CMakeFiles/fm_example.dir/fm_rda5807/fm_rda5807.c.obj
                0x100015fc                fm_get_volume
 *fill*         0x10001602        0x2 
 .text.fm_set_volume
                0x10001604       0x70 CMakeFiles/fm_example.dir/fm_rda5807/fm_rda5807.c.obj
                0x10001604                fm_set_volume
 .text.fm_get_rssi
                0x10001674       0x3c CMakeFiles/fm_example.dir/fm_rda5807/fm_rda5807.c.obj
                0x10001674                fm_get_rssi
 .text.fm_get_stereo_indicator
                0x100016b0       0x40 CMakeFiles/fm_example.dir/fm_rda5807/fm_rda5807.c.obj
                0x100016b0                fm_get_stereo_indicator
 .text.fm_read_rds_group
                0x100016f0       0x50 CMakeFiles/fm_example.dir/fm_rda5807/fm_rda5807.c.obj
                0x100016f0                fm_read_rds_group
 .text.fm_async_task_tick
                0x10001740       0x74 CMakeFiles/fm_example.dir/fm_rda5807/fm_rda5807.c.obj
                0x10001740                fm_async_task_tick
 .text.fm_set_frequency_blocking
                0x100017b4       0x74 CMakeFiles/fm_example.dir/fm_rda5807/fm_rda5807.c.obj
                0x100017b4                fm_set_frequency_blocking
 .text.fm_power_up
                0x10001828      0x230 CMakeFiles/fm_example.dir/fm_rda5807/fm_rda5807.c.obj
                0x10001828                fm_power_up
 .text.fm_async_task_cancel
                0x10001a58       0x40 CMakeFiles/fm_example.dir/fm_rda5807/fm_rda5807.c.obj
                0x10001a58                fm_async_task_cancel
 .text.fm_power_down
                0x10001a98       0x48 CMakeFiles/fm_example.dir/fm_rda5807/fm_rda5807.c.obj
                0x10001a98                fm_power_down
 .text.i2c_write_blocking_internal
                0x10001ae0      0x122 CMakeFiles/fm_example.dir/home/pi/pico/pico-sdk/src/rp2_common/hardware_i2c/i2c.c.obj
 .text.i2c_read_blocking_internal
                0x10001c02       0xd2 CMakeFiles/fm_example.dir/home/pi/pico/pico-sdk/src/rp2_common/hardware_i2c/i2c.c.obj
 .text.i2c_set_baudrate
                0x10001cd4       0xec CMakeFiles/fm_example.dir/home/pi/pico/pico-sdk/src/rp2_common/hardware_i2c/i2c.c.obj
                0x10001cd4                i2c_set_baudrate
 .text.i2c_init
                0x10001dc0       0x58 CMakeFiles/fm_example.dir/home/pi/pico/pico-sdk/src/rp2_common/hardware_i2c/i2c.c.obj
                0x10001dc0                i2c_init
 .text.i2c_write_blocking
                0x10001e18       0x18 CMakeFiles/fm_example.dir/home/pi/pico/pico-sdk/src/rp2_common/hardware_i2c/i2c.c.obj
                0x10001e18                i2c_write_blocking
 .text.i2c_read_blocking
                0x10001e30       0x18 CMakeFiles/fm_example.dir/home/pi/pico/pico-sdk/src/rp2_common/hardware_i2c/i2c.c.obj
                0x10001e30                i2c_read_blocking
 .text.hw_claim_lock
                0x10001e48       0x18 CMakeFiles/fm_example.dir/home/pi/pico/pico-sdk/src/rp2_common/hardware_claim/claim.c.obj
                0x10001e48                hw_claim_lock
 .text.hw_claim_unlock
                0x10001e60       0x14 CMakeFiles/fm_example.dir/home/pi/pico/pico-sdk/src/rp2_common/hardware_claim/claim.c.obj
                0x10001e60                hw_claim_unlock
 .text.hw_claim_or_assert
                0x10001e74       0x32 CMakeFiles/fm_example.dir/home/pi/pico/pico-sdk/src/rp2_common/hardware_claim/claim.c.obj
                0x10001e74                hw_claim_or_assert
 .text.hw_claim_unused_from_range
                0x10001ea6       0x50 CMakeFiles/fm_example.dir/home/pi/pico/pico-sdk/src/rp2_common/hardware_claim/claim.c.obj
                0x10001ea6                hw_claim_unused_from_range
 *fill*         0x10001ef6        0x2 
 .text.running_on_fpga
                0x10001ef8       0x14 CMakeFiles/fm_example.dir/home/pi/pico/pico-sdk/src/rp2_common/pico_platform/platform.c.obj
                0x10001ef8                running_on_fpga
 .text.spin_locks_reset
                0x10001f0c       0x20 CMakeFiles/fm_example.dir/home/pi/pico/pico-sdk/src/rp2_common/hardware_sync/sync.c.obj
                0x10001f0c                spin_locks_reset
 .text.next_striped_spin_lock_num
                0x10001f2c       0x1c CMakeFiles/fm_example.dir/home/pi/pico/pico-sdk/src/rp2_common/hardware_sync/sync.c.obj
                0x10001f2c                next_striped_spin_lock_num
 .text.spin_lock_claim_unused
                0x10001f48       0x20 CMakeFiles/fm_example.dir/home/pi/pico/pico-sdk/src/rp2_common/hardware_sync/sync.c.obj
                0x10001f48                spin_lock_claim_unused
 .text.rds_get_group_pi
                0x10001f68        0x4 CMakeFiles/fm_example.dir/rds_parser/rds_parser.c.obj
 .text.rds_get_group_type
                0x10001f6c        0x6 CMakeFiles/fm_example.dir/rds_parser/rds_parser.c.obj
 .text.rds_get_group_version
                0x10001f72        0xa CMakeFiles/fm_example.dir/rds_parser/rds_parser.c.obj
 .text.rds_get_group_tp
                0x10001f7c        0xa CMakeFiles/fm_example.dir/rds_parser/rds_parser.c.obj
 .text.rds_get_group_pty
                0x10001f86        0xa CMakeFiles/fm_example.dir/rds_parser/rds_parser.c.obj
 .text.rds_parse_group_basic_di
                0x10001f90       0x28 CMakeFiles/fm_example.dir/rds_parser/rds_parser.c.obj
 .text.rds_add_alt_freq
                0x10001fb8       0x34 CMakeFiles/fm_example.dir/rds_parser/rds_parser.c.obj
 .text.rds_parse_group_basic_alt_freq
                0x10001fec       0x28 CMakeFiles/fm_example.dir/rds_parser/rds_parser.c.obj
 .text.rds_parse_group_basic_ps
                0x10002014       0x30 CMakeFiles/fm_example.dir/rds_parser/rds_parser.c.obj
 .text.rds_parse_group_basic
                0x10002044       0x1c CMakeFiles/fm_example.dir/rds_parser/rds_parser.c.obj
 .text.rds_parse_group_rt
                0x10002060       0x96 CMakeFiles/fm_example.dir/rds_parser/rds_parser.c.obj
 *fill*         0x100020f6        0x2 
 .text.hex_to_char
                0x100020f8       0x30 CMakeFiles/fm_example.dir/rds_parser/rds_parser.c.obj
 .text.rds_parser_reset
                0x10002128        0xc CMakeFiles/fm_example.dir/rds_parser/rds_parser.c.obj
                0x10002128                rds_parser_reset
 .text.rds_parser_update
                0x10002134       0x42 CMakeFiles/fm_example.dir/rds_parser/rds_parser.c.obj
                0x10002134                rds_parser_update
 .text.rds_get_program_id_as_str
                0x10002176       0x3a CMakeFiles/fm_example.dir/rds_parser/rds_parser.c.obj
                0x10002176                rds_get_program_id_as_str
 .text.gpio_set_function
                0x100021b0       0x30 CMakeFiles/fm_example.dir/home/pi/pico/pico-sdk/src/rp2_common/hardware_gpio/gpio.c.obj
                0x100021b0                gpio_set_function
 .text.gpio_set_pulls
                0x100021e0       0x34 CMakeFiles/fm_example.dir/home/pi/pico/pico-sdk/src/rp2_common/hardware_gpio/gpio.c.obj
                0x100021e0                gpio_set_pulls
 .text.gpio_set_input_enabled
                0x10002214       0x30 CMakeFiles/fm_example.dir/home/pi/pico/pico-sdk/src/rp2_common/hardware_gpio/gpio.c.obj
                0x10002214                gpio_set_input_enabled
 .text.gpio_init
                0x10002244       0x16 CMakeFiles/fm_example.dir/home/pi/pico/pico-sdk/src/rp2_common/hardware_gpio/gpio.c.obj
                0x10002244                gpio_init
 *fill*         0x1000225a        0x2 
 .text.uart_set_baudrate
                0x1000225c       0x5c CMakeFiles/fm_example.dir/home/pi/pico/pico-sdk/src/rp2_common/hardware_uart/uart.c.obj
                0x1000225c                uart_set_baudrate
 .text.uart_set_translate_crlf
                0x100022b8       0x28 CMakeFiles/fm_example.dir/home/pi/pico/pico-sdk/src/rp2_common/hardware_uart/uart.c.obj
                0x100022b8                uart_set_translate_crlf
 .text.uart_init
                0x100022e0       0x84 CMakeFiles/fm_example.dir/home/pi/pico/pico-sdk/src/rp2_common/hardware_uart/uart.c.obj
                0x100022e0                uart_init
 .text.alarm_pool_post_alloc_init
                0x10002364       0x40 CMakeFiles/fm_example.dir/home/pi/pico/pico-sdk/src/common/pico_time/time.c.obj
 .text.sleep_until_callback
                0x100023a4       0x30 CMakeFiles/fm_example.dir/home/pi/pico/pico-sdk/src/common/pico_time/time.c.obj
 .text.timer_pool_entry_comparator
                0x100023d4       0x7c CMakeFiles/fm_example.dir/home/pi/pico/pico-sdk/src/common/pico_time/time.c.obj
                0x100023d4                timer_pool_entry_comparator
 .text.ph_add_child_node
                0x10002450       0xa4 CMakeFiles/fm_example.dir/home/pi/pico/pico-sdk/src/common/pico_time/time.c.obj
 .text.ph_merge_nodes
                0x100024f4       0x3a CMakeFiles/fm_example.dir/home/pi/pico/pico-sdk/src/common/pico_time/time.c.obj
 *fill*         0x1000252e        0x2 
 .text.add_alarm_under_lock
                0x10002530      0x180 CMakeFiles/fm_example.dir/home/pi/pico/pico-sdk/src/common/pico_time/time.c.obj
 .text.alarm_pool_alarm_callback
                0x100026b0      0x344 CMakeFiles/fm_example.dir/home/pi/pico/pico-sdk/src/common/pico_time/time.c.obj
 .text.alarm_pool_init_default
                0x100029f4       0x38 CMakeFiles/fm_example.dir/home/pi/pico/pico-sdk/src/common/pico_time/time.c.obj
                0x100029f4                alarm_pool_init_default
 .text.alarm_pool_get_default
                0x10002a2c       0x2c CMakeFiles/fm_example.dir/home/pi/pico/pico-sdk/src/common/pico_time/time.c.obj
                0x10002a2c                alarm_pool_get_default
 .text.alarm_pool_add_alarm_at
                0x10002a58      0x168 CMakeFiles/fm_example.dir/home/pi/pico/pico-sdk/src/common/pico_time/time.c.obj
                0x10002a58                alarm_pool_add_alarm_at
 .text.alarm_pool_cancel_alarm
                0x10002bc0       0xec CMakeFiles/fm_example.dir/home/pi/pico/pico-sdk/src/common/pico_time/time.c.obj
                0x10002bc0                alarm_pool_cancel_alarm
 .text.sleep_until
                0x10002cac       0xfc CMakeFiles/fm_example.dir/home/pi/pico/pico-sdk/src/common/pico_time/time.c.obj
                0x10002cac                sleep_until
 .text.sleep_us
                0x10002da8       0x54 CMakeFiles/fm_example.dir/home/pi/pico/pico-sdk/src/common/pico_time/time.c.obj
                0x10002da8                sleep_us
 .text.sleep_ms
                0x10002dfc       0x14 CMakeFiles/fm_example.dir/home/pi/pico/pico-sdk/src/common/pico_time/time.c.obj
                0x10002dfc                sleep_ms
 .text.best_effort_wfe_or_timeout
                0x10002e10       0x80 CMakeFiles/fm_example.dir/home/pi/pico/pico-sdk/src/common/pico_time/time.c.obj
                0x10002e10                best_effort_wfe_or_timeout
 .text.hardware_alarm_irq_handler
                0x10002e90       0x8c CMakeFiles/fm_example.dir/home/pi/pico/pico-sdk/src/rp2_common/hardware_timer/timer.c.obj
 .text.hardware_alarm_claim
                0x10002f1c       0x18 CMakeFiles/fm_example.dir/home/pi/pico/pico-sdk/src/rp2_common/hardware_timer/timer.c.obj
                0x10002f1c                hardware_alarm_claim
 .text.time_us_64
                0x10002f34       0x18 CMakeFiles/fm_example.dir/home/pi/pico/pico-sdk/src/rp2_common/hardware_timer/timer.c.obj
                0x10002f34                time_us_64
 .text.busy_wait_until
                0x10002f4c       0x28 CMakeFiles/fm_example.dir/home/pi/pico/pico-sdk/src/rp2_common/hardware_timer/timer.c.obj
                0x10002f4c                busy_wait_until
 .text.busy_wait_us
                0x10002f74       0x48 CMakeFiles/fm_example.dir/home/pi/pico/pico-sdk/src/rp2_common/hardware_timer/timer.c.obj
                0x10002f74                busy_wait_us
 .text.hardware_alarm_set_callback
                0x10002fbc       0x90 CMakeFiles/fm_example.dir/home/pi/pico/pico-sdk/src/rp2_common/hardware_timer/timer.c.obj
                0x10002fbc                hardware_alarm_set_callback
 .text.hardware_alarm_set_target
                0x1000304c       0xe8 CMakeFiles/fm_example.dir/home/pi/pico/pico-sdk/src/rp2_common/hardware_timer/timer.c.obj
                0x1000304c                hardware_alarm_set_target
 .text.hardware_alarm_cancel
                0x10003134       0x40 CMakeFiles/fm_example.dir/home/pi/pico/pico-sdk/src/rp2_common/hardware_timer/timer.c.obj
                0x10003134                hardware_alarm_cancel
 .text.lock_init
                0x10003174       0x10 CMakeFiles/fm_example.dir/home/pi/pico/pico-sdk/src/common/pico_sync/lock_core.c.obj
                0x10003174                lock_init
 .text.mutex_init_internal
                0x10003184       0x1e CMakeFiles/fm_example.dir/home/pi/pico/pico-sdk/src/common/pico_sync/mutex.c.obj
 .text.mutex_init
                0x100031a2        0xa CMakeFiles/fm_example.dir/home/pi/pico/pico-sdk/src/common/pico_sync/mutex.c.obj
                0x100031a2                mutex_init
 .text.recursive_mutex_init
                0x100031ac        0xa CMakeFiles/fm_example.dir/home/pi/pico/pico-sdk/src/common/pico_sync/mutex.c.obj
                0x100031ac                recursive_mutex_init
 *fill*         0x100031b6        0x2 
 .text.critical_section_init_with_lock_num
                0x100031b8       0x14 CMakeFiles/fm_example.dir/home/pi/pico/pico-sdk/src/common/pico_sync/critical_section.c.obj
                0x100031b8                critical_section_init_with_lock_num
 .text.critical_section_init
                0x100031cc       0x14 CMakeFiles/fm_example.dir/home/pi/pico/pico-sdk/src/common/pico_sync/critical_section.c.obj
                0x100031cc                critical_section_init
 .text.ph_add_child_node
                0x100031e0       0xa4 CMakeFiles/fm_example.dir/home/pi/pico/pico-sdk/src/common/pico_util/pheap.c.obj
 .text.ph_merge_nodes
                0x10003284       0x3a CMakeFiles/fm_example.dir/home/pi/pico/pico-sdk/src/common/pico_util/pheap.c.obj
 *fill*         0x100032be        0x2 
 .text.ph_clear
                0x100032c0       0x70 CMakeFiles/fm_example.dir/home/pi/pico/pico-sdk/src/common/pico_util/pheap.c.obj
                0x100032c0                ph_clear
 .text.ph_post_alloc_init
                0x10003330        0xe CMakeFiles/fm_example.dir/home/pi/pico/pico-sdk/src/common/pico_util/pheap.c.obj
                0x10003330                ph_post_alloc_init
 *fill*         0x1000333e        0x2 
 .text.ph_merge_two_pass
                0x10003340       0xac CMakeFiles/fm_example.dir/home/pi/pico/pico-sdk/src/common/pico_util/pheap.c.obj
                0x10003340                ph_merge_two_pass
 .text.ph_remove_any_head
                0x100033ec      0x108 CMakeFiles/fm_example.dir/home/pi/pico/pico-sdk/src/common/pico_util/pheap.c.obj
 .text.ph_remove_head
                0x100034f4       0x14 CMakeFiles/fm_example.dir/home/pi/pico/pico-sdk/src/common/pico_util/pheap.c.obj
                0x100034f4                ph_remove_head
 .text.ph_remove_and_free_node
                0x10003508       0xf8 CMakeFiles/fm_example.dir/home/pi/pico/pico-sdk/src/common/pico_util/pheap.c.obj
                0x10003508                ph_remove_and_free_node
 .text.runtime_init
                0x10003600       0xd8 CMakeFiles/fm_example.dir/home/pi/pico/pico-sdk/src/rp2_common/pico_runtime/runtime.c.obj
                0x10003600                runtime_init
 .text._exit    0x100036d8        0x4 CMakeFiles/fm_example.dir/home/pi/pico/pico-sdk/src/rp2_common/pico_runtime/runtime.c.obj
                0x100036d8                _exit
 .text.exit     0x100036dc        0x6 CMakeFiles/fm_example.dir/home/pi/pico/pico-sdk/src/rp2_common/pico_runtime/runtime.c.obj
                0x100036dc                exit
 *fill*         0x100036e2        0x2 
 .text.__assert_func
                0x100036e4       0x3c CMakeFiles/fm_example.dir/home/pi/pico/pico-sdk/src/rp2_common/pico_runtime/runtime.c.obj
                0x100036e4                __assert_func
 .text.panic    0x10003720       0x30 CMakeFiles/fm_example.dir/home/pi/pico/pico-sdk/src/rp2_common/pico_runtime/runtime.c.obj
                0x10003720                panic
 .text.clock_configure
                0x10003750       0xfc CMakeFiles/fm_example.dir/home/pi/pico/pico-sdk/src/rp2_common/hardware_clocks/clocks.c.obj
                0x10003750                clock_configure
 .text.clocks_init
                0x1000384c      0x100 CMakeFiles/fm_example.dir/home/pi/pico/pico-sdk/src/rp2_common/hardware_clocks/clocks.c.obj
                0x1000384c                clocks_init
 .text.clock_get_hz
                0x1000394c        0xc CMakeFiles/fm_example.dir/home/pi/pico/pico-sdk/src/rp2_common/hardware_clocks/clocks.c.obj
                0x1000394c                clock_get_hz
 .text.set_raw_irq_handler_and_unlock
                0x10003958       0x28 CMakeFiles/fm_example.dir/home/pi/pico/pico-sdk/src/rp2_common/hardware_irq/irq.c.obj
 .text.make_branch
                0x10003980       0x34 CMakeFiles/fm_example.dir/home/pi/pico/pico-sdk/src/rp2_common/hardware_irq/irq.c.obj
 .text.insert_branch_and_link
                0x100039b4       0x40 CMakeFiles/fm_example.dir/home/pi/pico/pico-sdk/src/rp2_common/hardware_irq/irq.c.obj
 .text.irq_is_enabled
                0x100039f4       0x18 CMakeFiles/fm_example.dir/home/pi/pico/pico-sdk/src/rp2_common/hardware_irq/irq.c.obj
                0x100039f4                irq_is_enabled
 .text.irq_set_mask_enabled
                0x10003a0c       0x20 CMakeFiles/fm_example.dir/home/pi/pico/pico-sdk/src/rp2_common/hardware_irq/irq.c.obj
                0x10003a0c                irq_set_mask_enabled
 .text.irq_set_enabled
                0x10003a2c        0xe CMakeFiles/fm_example.dir/home/pi/pico/pico-sdk/src/rp2_common/hardware_irq/irq.c.obj
                0x10003a2c                irq_set_enabled
 *fill*         0x10003a3a        0x2 
 .text.irq_set_pending
                0x10003a3c       0x10 CMakeFiles/fm_example.dir/home/pi/pico/pico-sdk/src/rp2_common/hardware_irq/irq.c.obj
                0x10003a3c                irq_set_pending
 .text.irq_get_vtable_handler
                0x10003a4c       0x10 CMakeFiles/fm_example.dir/home/pi/pico/pico-sdk/src/rp2_common/hardware_irq/irq.c.obj
                0x10003a4c                irq_get_vtable_handler
 .text.irq_set_exclusive_handler
                0x10003a5c       0x54 CMakeFiles/fm_example.dir/home/pi/pico/pico-sdk/src/rp2_common/hardware_irq/irq.c.obj
                0x10003a5c                irq_set_exclusive_handler
 .text.irq_remove_handler
                0x10003ab0      0x1b4 CMakeFiles/fm_example.dir/home/pi/pico/pico-sdk/src/rp2_common/hardware_irq/irq.c.obj
                0x10003ab0                irq_remove_handler
 .text.irq_set_priority
                0x10003c64       0x28 CMakeFiles/fm_example.dir/home/pi/pico/pico-sdk/src/rp2_common/hardware_irq/irq.c.obj
                0x10003c64                irq_set_priority
 .text.irq_add_tail_to_free_list
                0x10003c8c       0xf0 CMakeFiles/fm_example.dir/home/pi/pico/pico-sdk/src/rp2_common/hardware_irq/irq.c.obj
                0x10003c8c                irq_add_tail_to_free_list
 .text.irq_init_priorities
                0x10003d7c       0x16 CMakeFiles/fm_example.dir/home/pi/pico/pico-sdk/src/rp2_common/hardware_irq/irq.c.obj
                0x10003d7c                irq_init_priorities
 *fill*         0x10003d92        0x2 
 .text.pll_init
                0x10003d94      0x118 CMakeFiles/fm_example.dir/home/pi/pico/pico-sdk/src/rp2_common/hardware_pll/pll.c.obj
                0x10003d94                pll_init
 .text.watchdog_start_tick
                0x10003eac       0x10 CMakeFiles/fm_example.dir/home/pi/pico/pico-sdk/src/rp2_common/hardware_watchdog/watchdog.c.obj
                0x10003eac                watchdog_start_tick
 .text.watchdog_update
                0x10003ebc       0x14 CMakeFiles/fm_example.dir/home/pi/pico/pico-sdk/src/rp2_common/hardware_watchdog/watchdog.c.obj
                0x10003ebc                watchdog_update
 .text._watchdog_enable
                0x10003ed0       0x6c CMakeFiles/fm_example.dir/home/pi/pico/pico-sdk/src/rp2_common/hardware_watchdog/watchdog.c.obj
                0x10003ed0                _watchdog_enable
 .text.watchdog_reboot
                0x10003f3c       0x44 CMakeFiles/fm_example.dir/home/pi/pico/pico-sdk/src/rp2_common/hardware_watchdog/watchdog.c.obj
                0x10003f3c                watchdog_reboot
 .text.xosc_init
                0x10003f80       0x28 CMakeFiles/fm_example.dir/home/pi/pico/pico-sdk/src/rp2_common/hardware_xosc/xosc.c.obj
                0x10003f80                xosc_init
 .text._out_buffer
                0x10003fa8        0x8 CMakeFiles/fm_example.dir/home/pi/pico/pico-sdk/src/rp2_common/pico_printf/printf.c.obj
 .text._out_null
                0x10003fb0        0x2 CMakeFiles/fm_example.dir/home/pi/pico/pico-sdk/src/rp2_common/pico_printf/printf.c.obj
 .text._out_fct
                0x10003fb2        0xe CMakeFiles/fm_example.dir/home/pi/pico/pico-sdk/src/rp2_common/pico_printf/printf.c.obj
 .text._atoi    0x10003fc0       0x24 CMakeFiles/fm_example.dir/home/pi/pico/pico-sdk/src/rp2_common/pico_printf/printf.c.obj
 .text._out_rev
                0x10003fe4       0x8c CMakeFiles/fm_example.dir/home/pi/pico/pico-sdk/src/rp2_common/pico_printf/printf.c.obj
 .text._ntoa_format
                0x10004070      0x112 CMakeFiles/fm_example.dir/home/pi/pico/pico-sdk/src/rp2_common/pico_printf/printf.c.obj
 .text._ntoa_long
                0x10004182       0x9e CMakeFiles/fm_example.dir/home/pi/pico/pico-sdk/src/rp2_common/pico_printf/printf.c.obj
 .text._ntoa_long_long
                0x10004220       0xe2 CMakeFiles/fm_example.dir/home/pi/pico/pico-sdk/src/rp2_common/pico_printf/printf.c.obj
 *fill*         0x10004302        0x2 
 .text._etoa    0x10004304      0x424 CMakeFiles/fm_example.dir/home/pi/pico/pico-sdk/src/rp2_common/pico_printf/printf.c.obj
 .text._ftoa    0x10004728      0x340 CMakeFiles/fm_example.dir/home/pi/pico/pico-sdk/src/rp2_common/pico_printf/printf.c.obj
 .text._vsnprintf
                0x10004a68      0x640 CMakeFiles/fm_example.dir/home/pi/pico/pico-sdk/src/rp2_common/pico_printf/printf.c.obj
 .text.__wrap_sprintf
                0x100050a8       0x28 CMakeFiles/fm_example.dir/home/pi/pico/pico-sdk/src/rp2_common/pico_printf/printf.c.obj
                0x100050a8                __wrap_sprintf
 .text.vfctprintf
                0x100050d0       0x20 CMakeFiles/fm_example.dir/home/pi/pico/pico-sdk/src/rp2_common/pico_printf/printf.c.obj
                0x100050d0                vfctprintf
 .text          0x100050f0       0x10 CMakeFiles/fm_example.dir/home/pi/pico/pico-sdk/src/rp2_common/pico_bit_ops/bit_ops_aeabi.S.obj
 .text.rom_func_lookup
                0x10005100       0x10 CMakeFiles/fm_example.dir/home/pi/pico/pico-sdk/src/rp2_common/pico_bootrom/bootrom.c.obj
                0x10005100                rom_func_lookup
 .text.rom_data_lookup
                0x10005110       0x10 CMakeFiles/fm_example.dir/home/pi/pico/pico-sdk/src/rp2_common/pico_bootrom/bootrom.c.obj
                0x10005110                rom_data_lookup
 .text.rom_funcs_lookup
                0x10005120       0x36 CMakeFiles/fm_example.dir/home/pi/pico/pico-sdk/src/rp2_common/pico_bootrom/bootrom.c.obj
                0x10005120                rom_funcs_lookup
 *fill*         0x10005156        0x2 
 .text.__wrap___aeabi_idiv
                0x10005158       0x50 CMakeFiles/fm_example.dir/home/pi/pico/pico-sdk/src/rp2_common/pico_divider/divider.S.obj
                0x10005158                __wrap___aeabi_idivmod
                0x10005158                divmod_s32s32
                0x10005158                div_s32s32
                0x10005158                __wrap___aeabi_idiv
                0x10005160                divmod_s32s32_unsafe
                0x1000518c                divmod_s32s32_savestate
 .text.__wrap___aeabi_uidiv
                0x100051a8       0x4c CMakeFiles/fm_example.dir/home/pi/pico/pico-sdk/src/rp2_common/pico_divider/divider.S.obj
                0x100051a8                __wrap___aeabi_uidiv
                0x100051a8                __wrap___aeabi_uidivmod
                0x100051a8                div_u32u32
                0x100051a8                divmod_u32u32
                0x100051b0                divmod_u32u32_unsafe
                0x100051d8                divmod_u32u32_savestate
 .text.__wrap___aeabi_ldiv
                0x100051f4      0x430 CMakeFiles/fm_example.dir/home/pi/pico/pico-sdk/src/rp2_common/pico_divider/divider.S.obj
                0x100051f4                div_s64s64
                0x100051f4                divmod_s64s64
                0x100051f4                __wrap___aeabi_ldivmod
                0x1000522c                div_u64u64
                0x1000522c                divmod_u64u64
                0x1000522c                __wrap___aeabi_uldivmod
                0x1000523c                divmod_u64u64_savestate
                0x10005264                divmod_s64s64_unsafe
                0x100052ec                divmod_u64u64_unsafe
 .text.__wrap___aeabi_darithmetic
                0x10005624       0x80 CMakeFiles/fm_example.dir/home/pi/pico/pico-sdk/src/rp2_common/pico_double/double_aeabi.S.obj
                0x10005624                __wrap___aeabi_drsub
                0x1000562a                __wrap___aeabi_dsub
                0x1000563c                __wrap___aeabi_dadd
                0x1000564e                __wrap___aeabi_ddiv
                0x1000568a                __wrap___aeabi_dmul
 .text.__wrap___aeabi_cdcmple
                0x100056a4       0x6c CMakeFiles/fm_example.dir/home/pi/pico/pico-sdk/src/rp2_common/pico_double/double_aeabi.S.obj
                0x100056a4                __wrap___aeabi_cdrcmple
                0x100056b4                __wrap___aeabi_cdcmple
                0x100056b4                __wrap___aeabi_cdcmpeq
 .text.__wrap___aeabi_dcmplt
                0x10005710        0xc CMakeFiles/fm_example.dir/home/pi/pico/pico-sdk/src/rp2_common/pico_double/double_aeabi.S.obj
                0x10005710                __wrap___aeabi_dcmplt
 .text.__wrap___aeabi_dcmple
                0x1000571c       0x10 CMakeFiles/fm_example.dir/home/pi/pico/pico-sdk/src/rp2_common/pico_double/double_aeabi.S.obj
                0x1000571c                __wrap___aeabi_dcmple
 .text.__wrap___aeabi_dcmpge
                0x1000572c       0x10 CMakeFiles/fm_example.dir/home/pi/pico/pico-sdk/src/rp2_common/pico_double/double_aeabi.S.obj
                0x1000572c                __wrap___aeabi_dcmpge
 .text.__wrap___aeabi_dcmpgt
                0x1000573c        0xa CMakeFiles/fm_example.dir/home/pi/pico/pico-sdk/src/rp2_common/pico_double/double_aeabi.S.obj
                0x1000573c                __wrap___aeabi_dcmpgt
 .text.__wrap___aeabi_dcmpun
                0x10005746       0x1c CMakeFiles/fm_example.dir/home/pi/pico/pico-sdk/src/rp2_common/pico_double/double_aeabi.S.obj
                0x10005746                __wrap___aeabi_dcmpun
 *fill*         0x10005762        0x2 
 .text.__wrap___aeabi_i2d
                0x10005764       0x38 CMakeFiles/fm_example.dir/home/pi/pico/pico-sdk/src/rp2_common/pico_double/double_aeabi.S.obj
                0x10005764                __wrap___aeabi_ui2d
                0x1000576c                __wrap___aeabi_i2d
 .text.__wrap___aeabi_d2iz
                0x1000579c       0x48 CMakeFiles/fm_example.dir/home/pi/pico/pico-sdk/src/rp2_common/pico_double/double_aeabi.S.obj
                0x1000579c                __wrap___aeabi_d2iz
                0x1000579c                double2int_z
 .text.__wrap___aeabi_d2uiz
                0x100057e4       0x18 CMakeFiles/fm_example.dir/home/pi/pico/pico-sdk/src/rp2_common/pico_double/double_aeabi.S.obj
                0x100057e4                double2uint
                0x100057e4                __wrap___aeabi_d2uiz
 .text.__aeabi_double_init
                0x100057fc       0xb8 CMakeFiles/fm_example.dir/home/pi/pico/pico-sdk/src/rp2_common/pico_double/double_init_rom.c.obj
                0x100057fc                __aeabi_double_init
 .text.double_table_shim_on_use_helper
                0x100058b4       0x34 CMakeFiles/fm_example.dir/home/pi/pico/pico-sdk/src/rp2_common/pico_double/double_v1_rom_shim.S.obj
                0x100058b4                double_table_shim_on_use_helper
 .text.__wrap___aeabi_dsub
                0x100058e8       0x10 CMakeFiles/fm_example.dir/home/pi/pico/pico-sdk/src/rp2_common/pico_double/double_v1_rom_shim.S.obj
                0x100058e8                drsub_shim
                0x100058ee                dsub_shim
 .text.dadd_shim
                0x100058f8      0x15c CMakeFiles/fm_example.dir/home/pi/pico/pico-sdk/src/rp2_common/pico_double/double_v1_rom_shim.S.obj
                0x100058f8                dadd_shim
 .text.dmul_shim
                0x10005a54      0x15c CMakeFiles/fm_example.dir/home/pi/pico/pico-sdk/src/rp2_common/pico_double/double_v1_rom_shim.S.obj
                0x10005a54                dmul_shim
 .text.ddiv_shim
                0x10005bb0      0x1b0 CMakeFiles/fm_example.dir/home/pi/pico/pico-sdk/src/rp2_common/pico_double/double_v1_rom_shim.S.obj
                0x10005bb0                ddiv_shim
 .text.dcordic_rot_step
                0x10005d60       0x7c CMakeFiles/fm_example.dir/home/pi/pico/pico-sdk/src/rp2_common/pico_double/double_v1_rom_shim.S.obj
                0x10005d60                dcordic_rot_step
 .text.double2uint_shim
                0x10005ddc        0xe CMakeFiles/fm_example.dir/home/pi/pico/pico-sdk/src/rp2_common/pico_double/double_v1_rom_shim.S.obj
                0x10005ddc                double2uint_shim
                0x10005dde                double2ufix_shim
 *fill*         0x10005dea        0x2 
 .text.double2uint64_shim
                0x10005dec       0x6c CMakeFiles/fm_example.dir/home/pi/pico/pico-sdk/src/rp2_common/pico_double/double_v1_rom_shim.S.obj
                0x10005dec                double2uint64_shim
                0x10005dee                double2ufix64_shim
                0x10005e08                d2fix_a
 .text.dunpacks
                0x10005e58       0x3c CMakeFiles/fm_example.dir/home/pi/pico/pico-sdk/src/rp2_common/pico_double/double_v1_rom_shim.S.obj
                0x10005e58                dunpacks
 .text.__aeabi_lmul
                0x10005e94       0x32 CMakeFiles/fm_example.dir/home/pi/pico/pico-sdk/src/rp2_common/pico_int64_ops/pico_int64_ops_aeabi.S.obj
                0x10005e94                __wrap___aeabi_lmul
 *fill*         0x10005ec6        0x2 
 .text.__wrap___aeabi_farithmetic
                0x10005ec8       0x58 CMakeFiles/fm_example.dir/home/pi/pico/pico-sdk/src/rp2_common/pico_float/float_aeabi.S.obj
                0x10005ec8                __wrap___aeabi_frsub
                0x10005ece                __wrap___aeabi_fsub
                0x10005ed8                __wrap___aeabi_fadd
                0x10005ee2                __wrap___aeabi_fdiv
                0x10005f0e                __wrap___aeabi_fmul
 .text.__wrap___aeabi_cfcmple
                0x10005f20       0x50 CMakeFiles/fm_example.dir/home/pi/pico/pico-sdk/src/rp2_common/pico_float/float_aeabi.S.obj
                0x10005f20                __wrap___aeabi_cfrcmple
                0x10005f2c                __wrap___aeabi_cfcmpeq
                0x10005f2c                __wrap___aeabi_cfcmple
 .text.__wrap___aeabi_fcmpeq
                0x10005f70       0x10 CMakeFiles/fm_example.dir/home/pi/pico/pico-sdk/src/rp2_common/pico_float/float_aeabi.S.obj
                0x10005f70                __wrap___aeabi_fcmpeq
 .text.__wrap___aeabi_fcmplt
                0x10005f80        0xc CMakeFiles/fm_example.dir/home/pi/pico/pico-sdk/src/rp2_common/pico_float/float_aeabi.S.obj
                0x10005f80                __wrap___aeabi_fcmplt
 .text.__wrap___aeabi_fcmpgt
                0x10005f8c        0xa CMakeFiles/fm_example.dir/home/pi/pico/pico-sdk/src/rp2_common/pico_float/float_aeabi.S.obj
                0x10005f8c                __wrap___aeabi_fcmpgt
 *fill*         0x10005f96        0x2 
 .text.__wrap___aeabi_i2f
                0x10005f98       0x44 CMakeFiles/fm_example.dir/home/pi/pico/pico-sdk/src/rp2_common/pico_float/float_aeabi.S.obj
                0x10005f98                __wrap___aeabi_i2f
 .text.__wrap___aeabi_f2uiz
                0x10005fdc       0x10 CMakeFiles/fm_example.dir/home/pi/pico/pico-sdk/src/rp2_common/pico_float/float_aeabi.S.obj
                0x10005fdc                __wrap___aeabi_f2uiz
 .text.__wrap___aeabi_f2d
                0x10005fec       0x14 CMakeFiles/fm_example.dir/home/pi/pico/pico-sdk/src/rp2_common/pico_float/float_aeabi.S.obj
                0x10005fec                __wrap___aeabi_f2d
 .text.__aeabi_float_init
                0x10006000       0xfc CMakeFiles/fm_example.dir/home/pi/pico/pico-sdk/src/rp2_common/pico_float/float_init_rom.c.obj
                0x10006000                __aeabi_float_init
 .text.__wrap_roundf
                0x100060fc       0x3e CMakeFiles/fm_example.dir/home/pi/pico/pico-sdk/src/rp2_common/pico_float/float_math.c.obj
                0x100060fc                __wrap_roundf
 *fill*         0x1000613a        0x2 
 .text.float_table_shim_on_use_helper
                0x1000613c       0x34 CMakeFiles/fm_example.dir/home/pi/pico/pico-sdk/src/rp2_common/pico_float/float_v1_rom_shim.S.obj
                0x1000613c                float_table_shim_on_use_helper
 .text.float2double_shim
                0x10006170       0x30 CMakeFiles/fm_example.dir/home/pi/pico/pico-sdk/src/rp2_common/pico_float/float_v1_rom_shim.S.obj
                0x10006170                float2double_shim
 .text          0x100061a0       0x10 CMakeFiles/fm_example.dir/home/pi/pico/pico-sdk/src/rp2_common/pico_mem_ops/mem_ops_aeabi.S.obj
                0x100061a0                __aeabi_mem_init
 .text.memset   0x100061b0        0xc CMakeFiles/fm_example.dir/home/pi/pico/pico-sdk/src/rp2_common/pico_mem_ops/mem_ops_aeabi.S.obj
                0x100061b0                __wrap_memset
 .text.memcpy   0x100061bc        0xc CMakeFiles/fm_example.dir/home/pi/pico/pico-sdk/src/rp2_common/pico_mem_ops/mem_ops_aeabi.S.obj
                0x100061bc                __wrap___aeabi_memcpy
                0x100061bc                __wrap_memcpy
 .text.stdio_out_chars_crlf
                0x100061c8       0x80 CMakeFiles/fm_example.dir/home/pi/pico/pico-sdk/src/rp2_common/pico_stdio/stdio.c.obj
 .text.stdio_stack_buffer_flush
                0x10006248       0x44 CMakeFiles/fm_example.dir/home/pi/pico/pico-sdk/src/rp2_common/pico_stdio/stdio.c.obj
 .text.stdio_buffered_printer
                0x1000628c       0x20 CMakeFiles/fm_example.dir/home/pi/pico/pico-sdk/src/rp2_common/pico_stdio/stdio.c.obj
 .text.stdio_get_until
                0x100062ac       0x7c CMakeFiles/fm_example.dir/home/pi/pico/pico-sdk/src/rp2_common/pico_stdio/stdio.c.obj
 .text.stdout_serialize_begin
                0x10006328       0x30 CMakeFiles/fm_example.dir/home/pi/pico/pico-sdk/src/rp2_common/pico_stdio/stdio.c.obj
                0x10006328                stdout_serialize_begin
 .text.stdout_serialize_end
                0x10006358       0x10 CMakeFiles/fm_example.dir/home/pi/pico/pico-sdk/src/rp2_common/pico_stdio/stdio.c.obj
                0x10006358                stdout_serialize_end
 .text.stdio_put_string
                0x10006368       0x78 CMakeFiles/fm_example.dir/home/pi/pico/pico-sdk/src/rp2_common/pico_stdio/stdio.c.obj
 .text.stdio_set_driver_enabled
                0x100063e0       0x38 CMakeFiles/fm_example.dir/home/pi/pico/pico-sdk/src/rp2_common/pico_stdio/stdio.c.obj
                0x100063e0                stdio_set_driver_enabled
 .text.stdio_flush
                0x10006418       0x20 CMakeFiles/fm_example.dir/home/pi/pico/pico-sdk/src/rp2_common/pico_stdio/stdio.c.obj
                0x10006418                stdio_flush
 .text.__wrap_puts
                0x10006438       0x1c CMakeFiles/fm_example.dir/home/pi/pico/pico-sdk/src/rp2_common/pico_stdio/stdio.c.obj
                0x10006438                __wrap_puts
 .text.__wrap_vprintf
                0x10006454       0x44 CMakeFiles/fm_example.dir/home/pi/pico/pico-sdk/src/rp2_common/pico_stdio/stdio.c.obj
                0x10006454                __wrap_vprintf
 .text.__wrap_printf
                0x10006498       0x18 CMakeFiles/fm_example.dir/home/pi/pico/pico-sdk/src/rp2_common/pico_stdio/stdio.c.obj
                0x10006498                __wrap_printf
 .text.stdio_init_all
                0x100064b0        0xc CMakeFiles/fm_example.dir/home/pi/pico/pico-sdk/src/rp2_common/pico_stdio/stdio.c.obj
                0x100064b0                stdio_init_all
 .text.getchar_timeout_us
                0x100064bc       0x80 CMakeFiles/fm_example.dir/home/pi/pico/pico-sdk/src/rp2_common/pico_stdio/stdio.c.obj
                0x100064bc                getchar_timeout_us
 .text.stdio_uart_out_chars
                0x1000653c       0x70 CMakeFiles/fm_example.dir/home/pi/pico/pico-sdk/src/rp2_common/pico_stdio_uart/stdio_uart.c.obj
 .text.stdio_uart_in_chars
                0x100065ac       0x50 CMakeFiles/fm_example.dir/home/pi/pico/pico-sdk/src/rp2_common/pico_stdio_uart/stdio_uart.c.obj
                0x100065ac                stdio_uart_in_chars
 .text.stdio_uart_init_full
                0x100065fc       0x3c CMakeFiles/fm_example.dir/home/pi/pico/pico-sdk/src/rp2_common/pico_stdio_uart/stdio_uart.c.obj
                0x100065fc                stdio_uart_init_full
 .text.stdio_uart_init
                0x10006638       0x28 CMakeFiles/fm_example.dir/home/pi/pico/pico-sdk/src/rp2_common/pico_stdio_uart/stdio_uart.c.obj
                0x10006638                stdio_uart_init
 .text.resetd_init
                0x10006660        0x2 CMakeFiles/fm_example.dir/home/pi/pico/pico-sdk/src/rp2_common/pico_stdio_usb/reset_interface.c.obj
 *fill*         0x10006662        0x2 
 .text.resetd_reset
                0x10006664        0xc CMakeFiles/fm_example.dir/home/pi/pico/pico-sdk/src/rp2_common/pico_stdio_usb/reset_interface.c.obj
 .text.resetd_open
                0x10006670       0x34 CMakeFiles/fm_example.dir/home/pi/pico/pico-sdk/src/rp2_common/pico_stdio_usb/reset_interface.c.obj
 .text.resetd_xfer_cb
                0x100066a4        0x4 CMakeFiles/fm_example.dir/home/pi/pico/pico-sdk/src/rp2_common/pico_stdio_usb/reset_interface.c.obj
 .text.resetd_control_xfer_cb
                0x100066a8       0x6c CMakeFiles/fm_example.dir/home/pi/pico/pico-sdk/src/rp2_common/pico_stdio_usb/reset_interface.c.obj
 .text.usbd_app_driver_get_cb
                0x10006714        0xc CMakeFiles/fm_example.dir/home/pi/pico/pico-sdk/src/rp2_common/pico_stdio_usb/reset_interface.c.obj
                0x10006714                usbd_app_driver_get_cb
 .text.tud_cdc_line_coding_cb
                0x10006720       0x34 CMakeFiles/fm_example.dir/home/pi/pico/pico-sdk/src/rp2_common/pico_stdio_usb/reset_interface.c.obj
                0x10006720                tud_cdc_line_coding_cb
 .text.stdio_usb_in_chars
                0x10006754       0x70 CMakeFiles/fm_example.dir/home/pi/pico/pico-sdk/src/rp2_common/pico_stdio_usb/stdio_usb.c.obj
                0x10006754                stdio_usb_in_chars
 .text.low_priority_worker_irq
                0x100067c4       0x20 CMakeFiles/fm_example.dir/home/pi/pico/pico-sdk/src/rp2_common/pico_stdio_usb/stdio_usb.c.obj
 .text.stdio_usb_out_chars
                0x100067e4       0xd4 CMakeFiles/fm_example.dir/home/pi/pico/pico-sdk/src/rp2_common/pico_stdio_usb/stdio_usb.c.obj
 .text.timer_task
                0x100068b8       0x10 CMakeFiles/fm_example.dir/home/pi/pico/pico-sdk/src/rp2_common/pico_stdio_usb/stdio_usb.c.obj
 .text.stdio_usb_init
                0x100068c8       0xb4 CMakeFiles/fm_example.dir/home/pi/pico/pico-sdk/src/rp2_common/pico_stdio_usb/stdio_usb.c.obj
                0x100068c8                stdio_usb_init
 .text.tud_descriptor_device_cb
                0x1000697c        0x8 CMakeFiles/fm_example.dir/home/pi/pico/pico-sdk/src/rp2_common/pico_stdio_usb/stdio_usb_descriptors.c.obj
                0x1000697c                tud_descriptor_device_cb
 .text.tud_descriptor_configuration_cb
                0x10006984        0x8 CMakeFiles/fm_example.dir/home/pi/pico/pico-sdk/src/rp2_common/pico_stdio_usb/stdio_usb_descriptors.c.obj
                0x10006984                tud_descriptor_configuration_cb
 .text.tud_descriptor_string_cb
                0x1000698c       0x68 CMakeFiles/fm_example.dir/home/pi/pico/pico-sdk/src/rp2_common/pico_stdio_usb/stdio_usb_descriptors.c.obj
                0x1000698c                tud_descriptor_string_cb
 .text.hw_endpoint_get_by_addr
                0x100069f4       0x18 CMakeFiles/fm_example.dir/home/pi/pico/pico-sdk/lib/tinyusb/src/portable/raspberrypi/rp2040/dcd_rp2040.c.obj
 .text.reset_ep0
                0x10006a0c       0x2c CMakeFiles/fm_example.dir/home/pi/pico/pico-sdk/lib/tinyusb/src/portable/raspberrypi/rp2040/dcd_rp2040.c.obj
 .text._hw_endpoint_alloc
                0x10006a38       0x80 CMakeFiles/fm_example.dir/home/pi/pico/pico-sdk/lib/tinyusb/src/portable/raspberrypi/rp2040/dcd_rp2040.c.obj
 .text._hw_endpoint_init
                0x10006ab8       0xbc CMakeFiles/fm_example.dir/home/pi/pico/pico-sdk/lib/tinyusb/src/portable/raspberrypi/rp2040/dcd_rp2040.c.obj
 .text.hw_endpoint_init
                0x10006b74       0x18 CMakeFiles/fm_example.dir/home/pi/pico/pico-sdk/lib/tinyusb/src/portable/raspberrypi/rp2040/dcd_rp2040.c.obj
 .text.hw_handle_buff_status
                0x10006b8c       0xb4 CMakeFiles/fm_example.dir/home/pi/pico/pico-sdk/lib/tinyusb/src/portable/raspberrypi/rp2040/dcd_rp2040.c.obj
 .text.dcd_rp2040_irq
                0x10006c40       0xa4 CMakeFiles/fm_example.dir/home/pi/pico/pico-sdk/lib/tinyusb/src/portable/raspberrypi/rp2040/dcd_rp2040.c.obj
 .text.hw_endpoint_xfer
                0x10006ce4       0x18 CMakeFiles/fm_example.dir/home/pi/pico/pico-sdk/lib/tinyusb/src/portable/raspberrypi/rp2040/dcd_rp2040.c.obj
 .text.ep0_0len_status
                0x10006cfc       0x14 CMakeFiles/fm_example.dir/home/pi/pico/pico-sdk/lib/tinyusb/src/portable/raspberrypi/rp2040/dcd_rp2040.c.obj
 .text._hw_endpoint_stall
                0x10006d10       0x54 CMakeFiles/fm_example.dir/home/pi/pico/pico-sdk/lib/tinyusb/src/portable/raspberrypi/rp2040/dcd_rp2040.c.obj
 .text.hw_endpoint_stall
                0x10006d64        0xc CMakeFiles/fm_example.dir/home/pi/pico/pico-sdk/lib/tinyusb/src/portable/raspberrypi/rp2040/dcd_rp2040.c.obj
 .text._hw_endpoint_clear_stall
                0x10006d70       0x34 CMakeFiles/fm_example.dir/home/pi/pico/pico-sdk/lib/tinyusb/src/portable/raspberrypi/rp2040/dcd_rp2040.c.obj
 .text.hw_endpoint_clear_stall
                0x10006da4        0xc CMakeFiles/fm_example.dir/home/pi/pico/pico-sdk/lib/tinyusb/src/portable/raspberrypi/rp2040/dcd_rp2040.c.obj
 .text.dcd_int_enable
                0x10006db0       0x2c CMakeFiles/fm_example.dir/home/pi/pico/pico-sdk/lib/tinyusb/src/portable/raspberrypi/rp2040/dcd_rp2040.c.obj
                0x10006db0                dcd_int_enable
 .text.dcd_set_address
                0x10006ddc       0x28 CMakeFiles/fm_example.dir/home/pi/pico/pico-sdk/lib/tinyusb/src/portable/raspberrypi/rp2040/dcd_rp2040.c.obj
                0x10006ddc                dcd_set_address
 .text.dcd_connect
                0x10006e04       0x30 CMakeFiles/fm_example.dir/home/pi/pico/pico-sdk/lib/tinyusb/src/portable/raspberrypi/rp2040/dcd_rp2040.c.obj
                0x10006e04                dcd_connect
 .text.dcd_init
                0x10006e34       0x84 CMakeFiles/fm_example.dir/home/pi/pico/pico-sdk/lib/tinyusb/src/portable/raspberrypi/rp2040/dcd_rp2040.c.obj
                0x10006e34                dcd_init
 .text.dcd_edpt0_status_complete
                0x10006eb8       0x40 CMakeFiles/fm_example.dir/home/pi/pico/pico-sdk/lib/tinyusb/src/portable/raspberrypi/rp2040/dcd_rp2040.c.obj
                0x10006eb8                dcd_edpt0_status_complete
 .text.dcd_edpt_open
                0x10006ef8       0x40 CMakeFiles/fm_example.dir/home/pi/pico/pico-sdk/lib/tinyusb/src/portable/raspberrypi/rp2040/dcd_rp2040.c.obj
                0x10006ef8                dcd_edpt_open
 .text.dcd_edpt_xfer
                0x10006f38       0x34 CMakeFiles/fm_example.dir/home/pi/pico/pico-sdk/lib/tinyusb/src/portable/raspberrypi/rp2040/dcd_rp2040.c.obj
                0x10006f38                dcd_edpt_xfer
 .text.dcd_edpt_stall
                0x10006f6c       0x28 CMakeFiles/fm_example.dir/home/pi/pico/pico-sdk/lib/tinyusb/src/portable/raspberrypi/rp2040/dcd_rp2040.c.obj
                0x10006f6c                dcd_edpt_stall
 .text.dcd_edpt_clear_stall
                0x10006f94       0x2c CMakeFiles/fm_example.dir/home/pi/pico/pico-sdk/lib/tinyusb/src/portable/raspberrypi/rp2040/dcd_rp2040.c.obj
                0x10006f94                dcd_edpt_clear_stall
 .text.rp2040_usb_init
                0x10006fc0       0x50 CMakeFiles/fm_example.dir/home/pi/pico/pico-sdk/lib/tinyusb/src/portable/raspberrypi/rp2040/rp2040_usb.c.obj
                0x10006fc0                rp2040_usb_init
 .text.hw_endpoint_reset_transfer
                0x10007010       0x10 CMakeFiles/fm_example.dir/home/pi/pico/pico-sdk/lib/tinyusb/src/portable/raspberrypi/rp2040/rp2040_usb.c.obj
                0x10007010                hw_endpoint_reset_transfer
 .text._hw_endpoint_buffer_control_update32
                0x10007020       0x58 CMakeFiles/fm_example.dir/home/pi/pico/pico-sdk/lib/tinyusb/src/portable/raspberrypi/rp2040/rp2040_usb.c.obj
                0x10007020                _hw_endpoint_buffer_control_update32
 .text._hw_endpoint_start_next_buffer
                0x10007078       0x50 CMakeFiles/fm_example.dir/home/pi/pico/pico-sdk/lib/tinyusb/src/portable/raspberrypi/rp2040/rp2040_usb.c.obj
                0x10007078                _hw_endpoint_start_next_buffer
 .text._hw_endpoint_xfer_start
                0x100070c8       0x3e CMakeFiles/fm_example.dir/home/pi/pico/pico-sdk/lib/tinyusb/src/portable/raspberrypi/rp2040/rp2040_usb.c.obj
                0x100070c8                _hw_endpoint_xfer_start
 *fill*         0x10007106        0x2 
 .text._hw_endpoint_xfer_sync
                0x10007108       0x74 CMakeFiles/fm_example.dir/home/pi/pico/pico-sdk/lib/tinyusb/src/portable/raspberrypi/rp2040/rp2040_usb.c.obj
                0x10007108                _hw_endpoint_xfer_sync
 .text._hw_endpoint_xfer_continue
                0x1000717c       0x60 CMakeFiles/fm_example.dir/home/pi/pico/pico-sdk/lib/tinyusb/src/portable/raspberrypi/rp2040/rp2040_usb.c.obj
                0x1000717c                _hw_endpoint_xfer_continue
 .text._hw_endpoint_xfer
                0x100071dc       0x34 CMakeFiles/fm_example.dir/home/pi/pico/pico-sdk/lib/tinyusb/src/portable/raspberrypi/rp2040/rp2040_usb.c.obj
                0x100071dc                _hw_endpoint_xfer
 .text.mark_interface_endpoint
                0x10007210       0x2a CMakeFiles/fm_example.dir/home/pi/pico/pico-sdk/lib/tinyusb/src/device/usbd.c.obj
 *fill*         0x1000723a        0x2 
 .text.usbd_reset
                0x1000723c       0x8c CMakeFiles/fm_example.dir/home/pi/pico/pico-sdk/lib/tinyusb/src/device/usbd.c.obj
 .text.invoke_class_control
                0x100072c8       0x1a CMakeFiles/fm_example.dir/home/pi/pico/pico-sdk/lib/tinyusb/src/device/usbd.c.obj
 *fill*         0x100072e2        0x2 
 .text.process_set_config
                0x100072e4      0x1d8 CMakeFiles/fm_example.dir/home/pi/pico/pico-sdk/lib/tinyusb/src/device/usbd.c.obj
 .text.process_get_descriptor
                0x100074bc      0x104 CMakeFiles/fm_example.dir/home/pi/pico/pico-sdk/lib/tinyusb/src/device/usbd.c.obj
 .text.tud_mounted
                0x100075c0       0x10 CMakeFiles/fm_example.dir/home/pi/pico/pico-sdk/lib/tinyusb/src/device/usbd.c.obj
                0x100075c0                tud_mounted
 .text.tud_suspended
                0x100075d0       0x10 CMakeFiles/fm_example.dir/home/pi/pico/pico-sdk/lib/tinyusb/src/device/usbd.c.obj
                0x100075d0                tud_suspended
 .text.tud_inited
                0x100075e0        0xc CMakeFiles/fm_example.dir/home/pi/pico/pico-sdk/lib/tinyusb/src/device/usbd.c.obj
                0x100075e0                tud_inited
 .text.tud_init
                0x100075ec       0xd0 CMakeFiles/fm_example.dir/home/pi/pico/pico-sdk/lib/tinyusb/src/device/usbd.c.obj
                0x100075ec                tud_init
 .text.dcd_event_handler
                0x100076bc      0x178 CMakeFiles/fm_example.dir/home/pi/pico/pico-sdk/lib/tinyusb/src/device/usbd.c.obj
                0x100076bc                dcd_event_handler
 .text.dcd_event_bus_signal
                0x10007834       0x28 CMakeFiles/fm_example.dir/home/pi/pico/pico-sdk/lib/tinyusb/src/device/usbd.c.obj
                0x10007834                dcd_event_bus_signal
 .text.dcd_event_bus_reset
                0x1000785c       0x2c CMakeFiles/fm_example.dir/home/pi/pico/pico-sdk/lib/tinyusb/src/device/usbd.c.obj
                0x1000785c                dcd_event_bus_reset
 .text.dcd_event_setup_received
                0x10007888       0x34 CMakeFiles/fm_example.dir/home/pi/pico/pico-sdk/lib/tinyusb/src/device/usbd.c.obj
                0x10007888                dcd_event_setup_received
 .text.dcd_event_xfer_complete
                0x100078bc       0x46 CMakeFiles/fm_example.dir/home/pi/pico/pico-sdk/lib/tinyusb/src/device/usbd.c.obj
                0x100078bc                dcd_event_xfer_complete
 *fill*         0x10007902        0x2 
 .text.usbd_edpt_open
                0x10007904       0xe0 CMakeFiles/fm_example.dir/home/pi/pico/pico-sdk/lib/tinyusb/src/device/usbd.c.obj
                0x10007904                usbd_edpt_open
 .text.usbd_open_edpt_pair
                0x100079e4       0x84 CMakeFiles/fm_example.dir/home/pi/pico/pico-sdk/lib/tinyusb/src/device/usbd.c.obj
                0x100079e4                usbd_open_edpt_pair
 .text.usbd_edpt_claim
                0x10007a68       0x88 CMakeFiles/fm_example.dir/home/pi/pico/pico-sdk/lib/tinyusb/src/device/usbd.c.obj
                0x10007a68                usbd_edpt_claim
 .text.usbd_edpt_release
                0x10007af0       0x68 CMakeFiles/fm_example.dir/home/pi/pico/pico-sdk/lib/tinyusb/src/device/usbd.c.obj
                0x10007af0                usbd_edpt_release
 .text.usbd_edpt_xfer
                0x10007b58       0x80 CMakeFiles/fm_example.dir/home/pi/pico/pico-sdk/lib/tinyusb/src/device/usbd.c.obj
                0x10007b58                usbd_edpt_xfer
 .text.usbd_edpt_stall
                0x10007bd8       0x2c CMakeFiles/fm_example.dir/home/pi/pico/pico-sdk/lib/tinyusb/src/device/usbd.c.obj
                0x10007bd8                usbd_edpt_stall
 .text.usbd_edpt_clear_stall
                0x10007c04       0x2c CMakeFiles/fm_example.dir/home/pi/pico/pico-sdk/lib/tinyusb/src/device/usbd.c.obj
                0x10007c04                usbd_edpt_clear_stall
 .text.usbd_edpt_stalled
                0x10007c30       0x1c CMakeFiles/fm_example.dir/home/pi/pico/pico-sdk/lib/tinyusb/src/device/usbd.c.obj
                0x10007c30                usbd_edpt_stalled
 .text.process_control_request
                0x10007c4c      0x380 CMakeFiles/fm_example.dir/home/pi/pico/pico-sdk/lib/tinyusb/src/device/usbd.c.obj
 .text.tud_task
                0x10007fcc      0x208 CMakeFiles/fm_example.dir/home/pi/pico/pico-sdk/lib/tinyusb/src/device/usbd.c.obj
                0x10007fcc                tud_task
 .text._data_stage_xact
                0x100081d4       0x58 CMakeFiles/fm_example.dir/home/pi/pico/pico-sdk/lib/tinyusb/src/device/usbd_control.c.obj
 .text.tud_control_status
                0x1000822c       0x38 CMakeFiles/fm_example.dir/home/pi/pico/pico-sdk/lib/tinyusb/src/device/usbd_control.c.obj
                0x1000822c                tud_control_status
 .text.tud_control_xfer
                0x10008264       0xa4 CMakeFiles/fm_example.dir/home/pi/pico/pico-sdk/lib/tinyusb/src/device/usbd_control.c.obj
                0x10008264                tud_control_xfer
 .text.usbd_control_reset
                0x10008308       0x14 CMakeFiles/fm_example.dir/home/pi/pico/pico-sdk/lib/tinyusb/src/device/usbd_control.c.obj
                0x10008308                usbd_control_reset
 .text.usbd_control_set_complete_callback
                0x1000831c        0xc CMakeFiles/fm_example.dir/home/pi/pico/pico-sdk/lib/tinyusb/src/device/usbd_control.c.obj
                0x1000831c                usbd_control_set_complete_callback
 .text.usbd_control_set_request
                0x10008328       0x1c CMakeFiles/fm_example.dir/home/pi/pico/pico-sdk/lib/tinyusb/src/device/usbd_control.c.obj
                0x10008328                usbd_control_set_request
 .text.usbd_control_xfer_cb
                0x10008344      0x100 CMakeFiles/fm_example.dir/home/pi/pico/pico-sdk/lib/tinyusb/src/device/usbd_control.c.obj
                0x10008344                usbd_control_xfer_cb
 .text._prep_out_transaction
                0x10008444       0x46 CMakeFiles/fm_example.dir/home/pi/pico/pico-sdk/lib/tinyusb/src/class/cdc/cdc_device.c.obj
 *fill*         0x1000848a        0x2 
 .text.tud_cdc_n_connected
                0x1000848c       0x44 CMakeFiles/fm_example.dir/home/pi/pico/pico-sdk/lib/tinyusb/src/class/cdc/cdc_device.c.obj
                0x1000848c                tud_cdc_n_connected
 .text.tud_cdc_n_available
                0x100084d0       0x1c CMakeFiles/fm_example.dir/home/pi/pico/pico-sdk/lib/tinyusb/src/class/cdc/cdc_device.c.obj
                0x100084d0                tud_cdc_n_available
 .text.tud_cdc_n_read
                0x100084ec       0x28 CMakeFiles/fm_example.dir/home/pi/pico/pico-sdk/lib/tinyusb/src/class/cdc/cdc_device.c.obj
                0x100084ec                tud_cdc_n_read
 .text.tud_cdc_n_write_flush
                0x10008514       0xcc CMakeFiles/fm_example.dir/home/pi/pico/pico-sdk/lib/tinyusb/src/class/cdc/cdc_device.c.obj
                0x10008514                tud_cdc_n_write_flush
 .text.tud_cdc_n_write
                0x100085e0       0x38 CMakeFiles/fm_example.dir/home/pi/pico/pico-sdk/lib/tinyusb/src/class/cdc/cdc_device.c.obj
                0x100085e0                tud_cdc_n_write
 .text.tud_cdc_n_write_available
                0x10008618       0x1c CMakeFiles/fm_example.dir/home/pi/pico/pico-sdk/lib/tinyusb/src/class/cdc/cdc_device.c.obj
                0x10008618                tud_cdc_n_write_available
 .text.cdcd_init
                0x10008634       0xb8 CMakeFiles/fm_example.dir/home/pi/pico/pico-sdk/lib/tinyusb/src/class/cdc/cdc_device.c.obj
                0x10008634                cdcd_init
 .text.cdcd_reset
                0x100086ec       0x44 CMakeFiles/fm_example.dir/home/pi/pico/pico-sdk/lib/tinyusb/src/class/cdc/cdc_device.c.obj
                0x100086ec                cdcd_reset
 .text.cdcd_open
                0x10008730      0x10c CMakeFiles/fm_example.dir/home/pi/pico/pico-sdk/lib/tinyusb/src/class/cdc/cdc_device.c.obj
                0x10008730                cdcd_open
 .text.cdcd_control_xfer_cb
                0x1000883c      0x12c CMakeFiles/fm_example.dir/home/pi/pico/pico-sdk/lib/tinyusb/src/class/cdc/cdc_device.c.obj
                0x1000883c                cdcd_control_xfer_cb
 .text.cdcd_xfer_cb
                0x10008968      0x13c CMakeFiles/fm_example.dir/home/pi/pico/pico-sdk/lib/tinyusb/src/class/cdc/cdc_device.c.obj
                0x10008968                cdcd_xfer_cb
 .text.tusb_init
                0x10008aa4       0x24 CMakeFiles/fm_example.dir/home/pi/pico/pico-sdk/lib/tinyusb/src/tusb.c.obj
                0x10008aa4                tusb_init
 .text.tusb_inited
                0x10008ac8        0xe CMakeFiles/fm_example.dir/home/pi/pico/pico-sdk/lib/tinyusb/src/tusb.c.obj
                0x10008ac8                tusb_inited
 .text.advance_pointer
                0x10008ad6       0x20 CMakeFiles/fm_example.dir/home/pi/pico/pico-sdk/lib/tinyusb/src/common/tusb_fifo.c.obj
 .text.backward_pointer
                0x10008af6       0x20 CMakeFiles/fm_example.dir/home/pi/pico/pico-sdk/lib/tinyusb/src/common/tusb_fifo.c.obj
 .text.get_relative_pointer
                0x10008b16       0x10 CMakeFiles/fm_example.dir/home/pi/pico/pico-sdk/lib/tinyusb/src/common/tusb_fifo.c.obj
 .text._tu_fifo_peek
                0x10008b26       0x4c CMakeFiles/fm_example.dir/home/pi/pico/pico-sdk/lib/tinyusb/src/common/tusb_fifo.c.obj
 .text._ff_pull_const_addr
                0x10008b72       0x46 CMakeFiles/fm_example.dir/home/pi/pico/pico-sdk/lib/tinyusb/src/common/tusb_fifo.c.obj
 .text._ff_pull_n
                0x10008bb8       0xfe CMakeFiles/fm_example.dir/home/pi/pico/pico-sdk/lib/tinyusb/src/common/tusb_fifo.c.obj
 .text._tu_fifo_peek_n
                0x10008cb6       0x5e CMakeFiles/fm_example.dir/home/pi/pico/pico-sdk/lib/tinyusb/src/common/tusb_fifo.c.obj
 .text._tu_fifo_read_n
                0x10008d14       0x4e CMakeFiles/fm_example.dir/home/pi/pico/pico-sdk/lib/tinyusb/src/common/tusb_fifo.c.obj
 .text._ff_push_const_addr
                0x10008d62       0x3a CMakeFiles/fm_example.dir/home/pi/pico/pico-sdk/lib/tinyusb/src/common/tusb_fifo.c.obj
 .text._ff_push_n
                0x10008d9c       0xfa CMakeFiles/fm_example.dir/home/pi/pico/pico-sdk/lib/tinyusb/src/common/tusb_fifo.c.obj
 .text._tu_fifo_write_n
                0x10008e96       0x9e CMakeFiles/fm_example.dir/home/pi/pico/pico-sdk/lib/tinyusb/src/common/tusb_fifo.c.obj
 .text.tu_fifo_config
                0x10008f34       0x72 CMakeFiles/fm_example.dir/home/pi/pico/pico-sdk/lib/tinyusb/src/common/tusb_fifo.c.obj
                0x10008f34                tu_fifo_config
 .text.tu_fifo_count
                0x10008fa6       0x24 CMakeFiles/fm_example.dir/home/pi/pico/pico-sdk/lib/tinyusb/src/common/tusb_fifo.c.obj
                0x10008fa6                tu_fifo_count
 .text.tu_fifo_empty
                0x10008fca        0xe CMakeFiles/fm_example.dir/home/pi/pico/pico-sdk/lib/tinyusb/src/common/tusb_fifo.c.obj
                0x10008fca                tu_fifo_empty
 .text.tu_fifo_remaining
                0x10008fd8       0x20 CMakeFiles/fm_example.dir/home/pi/pico/pico-sdk/lib/tinyusb/src/common/tusb_fifo.c.obj
                0x10008fd8                tu_fifo_remaining
 .text.tu_fifo_read
                0x10008ff8       0x42 CMakeFiles/fm_example.dir/home/pi/pico/pico-sdk/lib/tinyusb/src/common/tusb_fifo.c.obj
                0x10008ff8                tu_fifo_read
 .text.tu_fifo_read_n
                0x1000903a        0xa CMakeFiles/fm_example.dir/home/pi/pico/pico-sdk/lib/tinyusb/src/common/tusb_fifo.c.obj
                0x1000903a                tu_fifo_read_n
 .text.tu_fifo_write
                0x10009044       0x6c CMakeFiles/fm_example.dir/home/pi/pico/pico-sdk/lib/tinyusb/src/common/tusb_fifo.c.obj
                0x10009044                tu_fifo_write
 .text.tu_fifo_write_n
                0x100090b0        0xa CMakeFiles/fm_example.dir/home/pi/pico/pico-sdk/lib/tinyusb/src/common/tusb_fifo.c.obj
                0x100090b0                tu_fifo_write_n
 .text.tu_fifo_clear
                0x100090ba       0x4c CMakeFiles/fm_example.dir/home/pi/pico/pico-sdk/lib/tinyusb/src/common/tusb_fifo.c.obj
                0x100090ba                tu_fifo_clear
 .text.tu_fifo_set_overwritable
                0x10009106       0x3c CMakeFiles/fm_example.dir/home/pi/pico/pico-sdk/lib/tinyusb/src/common/tusb_fifo.c.obj
                0x10009106                tu_fifo_set_overwritable
 *fill*         0x10009142        0x2 
 .text._retrieve_unique_id_on_boot
                0x10009144       0x10 CMakeFiles/fm_example.dir/home/pi/pico/pico-sdk/src/rp2_common/pico_unique_id/unique_id.c.obj
 .text.pico_get_unique_board_id_string
                0x10009154       0x60 CMakeFiles/fm_example.dir/home/pi/pico/pico-sdk/src/rp2_common/pico_unique_id/unique_id.c.obj
                0x10009154                pico_get_unique_board_id_string
 .text.flash_get_unique_id
                0x100091b4       0x40 CMakeFiles/fm_example.dir/home/pi/pico/pico-sdk/src/rp2_common/hardware_flash/flash.c.obj
                0x100091b4                flash_get_unique_id
 .text.I2CInit  0x100091f4       0x54 CMakeFiles/fm_example.dir/pico-ss-oled/BitBang_I2C.c.obj
                0x100091f4                I2CInit
 .text.I2CTest  0x10009248       0x1c CMakeFiles/fm_example.dir/pico-ss-oled/BitBang_I2C.c.obj
                0x10009248                I2CTest
 .text.I2CWrite
                0x10009264       0x20 CMakeFiles/fm_example.dir/pico-ss-oled/BitBang_I2C.c.obj
                0x10009264                I2CWrite
 .text.I2CReadRegister
                0x10009284       0x3a CMakeFiles/fm_example.dir/pico-ss-oled/BitBang_I2C.c.obj
                0x10009284                I2CReadRegister
 .text._I2CWrite
                0x100092be       0x12 CMakeFiles/fm_example.dir/pico-ss-oled/ss_oled.c.obj
 .text.__oledWriteCommand2
                0x100092d0       0x1a CMakeFiles/fm_example.dir/pico-ss-oled/ss_oled.c.obj
 .text.__oledSetPosition
                0x100092ea       0x6e CMakeFiles/fm_example.dir/pico-ss-oled/ss_oled.c.obj
 .text.__oledWriteDataBlock
                0x10009358       0x50 CMakeFiles/fm_example.dir/pico-ss-oled/ss_oled.c.obj
 .text.__oledInit
                0x100093a8      0x1c8 CMakeFiles/fm_example.dir/pico-ss-oled/ss_oled.c.obj
                0x100093a8                __oledInit
 .text.__oledSetContrast
                0x10009570        0xc CMakeFiles/fm_example.dir/pico-ss-oled/ss_oled.c.obj
                0x10009570                __oledSetContrast
 .text.__InvertBytes
                0x1000957c       0x16 CMakeFiles/fm_example.dir/pico-ss-oled/ss_oled.c.obj
                0x1000957c                __InvertBytes
 *fill*         0x10009592        0x2 
 .text.__oledWriteString
                0x10009594      0x7e8 CMakeFiles/fm_example.dir/pico-ss-oled/ss_oled.c.obj
                0x10009594                __oledWriteString
 .text.__oledFill
                0x10009d7c       0x86 CMakeFiles/fm_example.dir/pico-ss-oled/ss_oled.c.obj
                0x10009d7c                __oledFill
 .text.__oledSetBackBuffer
                0x10009e02        0x4 CMakeFiles/fm_example.dir/pico-ss-oled/ss_oled.c.obj
                0x10009e02                __oledSetBackBuffer
 *fill*         0x10009e06        0x2 
 .text.adc_init
                0x10009e08       0x34 CMakeFiles/fm_example.dir/home/pi/pico/pico-sdk/src/rp2_common/hardware_adc/adc.c.obj
                0x10009e08                adc_init
 .text          0x10009e3c       0x64 /usr/lib/gcc/arm-none-eabi/7.3.1/../../../arm-none-eabi/lib/thumb/v6-m/libg.a(lib_a-strlen-stub.o)
                0x10009e3c                strlen
 *(.fini)
 .fini          0x10009ea0        0x4 /usr/lib/gcc/arm-none-eabi/7.3.1/thumb/v6-m/crti.o
                0x10009ea0                _fini
 *fill*         0x10009ea4        0x4 
 .fini.__stub   0x10009ea8       0x70 linker stubs
 *crtbegin.o(.ctors)
 *crtbegin?.o(.ctors)
 *(EXCLUDE_FILE(*crtend.o *crtend?.o) .ctors)
 *(SORT_BY_NAME(.ctors.*))
 *(.ctors)
 *crtbegin.o(.dtors)
 *crtbegin?.o(.dtors)
 *(EXCLUDE_FILE(*crtend.o *crtend?.o) .dtors)
 *(SORT_BY_NAME(.dtors.*))
 *(.dtors)
 *(.eh_frame*)
 .eh_frame      0x10009f18        0x0 /usr/lib/gcc/arm-none-eabi/7.3.1/thumb/v6-m/crtbegin.o
                0x10009f18                . = ALIGN (0x4)

.glue_7         0x10009f18        0x0
 .glue_7        0x10009f18        0x0 linker stubs

.glue_7t        0x10009f18        0x0
 .glue_7t       0x10009f18        0x0 linker stubs

.vfp11_veneer   0x10009f18        0x0
 .vfp11_veneer  0x10009f18        0x0 linker stubs

.v4_bx          0x10009f18        0x0
 .v4_bx         0x10009f18        0x0 linker stubs

.iplt           0x10009f18        0x0
 .iplt          0x10009f18        0x0 /usr/lib/gcc/arm-none-eabi/7.3.1/thumb/v6-m/crtbegin.o

.rodata         0x10009f18     0x3c30
 *(EXCLUDE_FILE(*libm.a: *libc.a:*lib_a-mem*.o *libgcc.a:) .rodata*)
 .rodata        0x10009f18        0x3 CMakeFiles/fm_example.dir/fm_example.cpp.obj
 *fill*         0x10009f1b        0x1 
 .rodata._ZL10print_helpv.str1.4
                0x10009f1c      0x181 CMakeFiles/fm_example.dir/fm_example.cpp.obj
                                0x185 (size before relaxing)
 *fill*         0x1000a09d        0x3 
 .rodata._ZL13set_frequencyf.str1.4
                0x1000a0a0       0x12 CMakeFiles/fm_example.dir/fm_example.cpp.obj
                                 0x1e (size before relaxing)
 *fill*         0x1000a0b2        0x2 
 .rodata._ZL14print_rds_infov.str1.4
                0x1000a0b4       0xc1 CMakeFiles/fm_example.dir/fm_example.cpp.obj
 *fill*         0x1000a175        0x3 
 .rodata._ZL15STATION_PRESETS
                0x1000a178       0x18 CMakeFiles/fm_example.dir/fm_example.cpp.obj
 .rodata._ZL18print_station_infov.str1.4
                0x1000a190       0x20 CMakeFiles/fm_example.dir/fm_example.cpp.obj
 .rodata._ZL4loopv.str1.4
                0x1000a1b0       0xb2 CMakeFiles/fm_example.dir/fm_example.cpp.obj
 *fill*         0x1000a262        0x2 
 .rodata._ZL4seek19fm_seek_direction_t.str1.4
                0x1000a264       0x91 CMakeFiles/fm_example.dir/fm_example.cpp.obj
 *fill*         0x1000a2f5        0x3 
 .rodata._ZZ32rds_decode_alternative_frequencyE19__PRETTY_FUNCTION__
                0x1000a2f8       0x30 CMakeFiles/fm_example.dir/fm_example.cpp.obj
 .rodata.main.str1.4
                0x1000a328       0x2d CMakeFiles/fm_example.dir/fm_example.cpp.obj
 *fill*         0x1000a355        0x3 
 .rodata.__func__.6064
                0x1000a358       0x12 CMakeFiles/fm_example.dir/fm_rda5807/fm_rda5807.c.obj
 *fill*         0x1000a36a        0x2 
 .rodata.__func__.6079
                0x1000a36c       0x18 CMakeFiles/fm_example.dir/fm_rda5807/fm_rda5807.c.obj
 .rodata.__func__.6086
                0x1000a384       0x13 CMakeFiles/fm_example.dir/fm_rda5807/fm_rda5807.c.obj
 *fill*         0x1000a397        0x1 
 .rodata.__func__.6101
                0x1000a398       0x19 CMakeFiles/fm_example.dir/fm_rda5807/fm_rda5807.c.obj
 *fill*         0x1000a3b1        0x3 
 .rodata.__func__.6108
                0x1000a3b4       0x19 CMakeFiles/fm_example.dir/fm_rda5807/fm_rda5807.c.obj
 *fill*         0x1000a3cd        0x3 
 .rodata.__func__.6117
                0x1000a3d0       0x18 CMakeFiles/fm_example.dir/fm_rda5807/fm_rda5807.c.obj
 .rodata.__func__.6151
                0x1000a3e8        0xc CMakeFiles/fm_example.dir/fm_rda5807/fm_rda5807.c.obj
 .rodata.__func__.6158
                0x1000a3f4        0xe CMakeFiles/fm_example.dir/fm_rda5807/fm_rda5807.c.obj
 *fill*         0x1000a402        0x2 
 .rodata.__func__.6176
                0x1000a404       0x1a CMakeFiles/fm_example.dir/fm_rda5807/fm_rda5807.c.obj
 *fill*         0x1000a41e        0x2 
 .rodata.__func__.6184
                0x1000a420       0x1c CMakeFiles/fm_example.dir/fm_rda5807/fm_rda5807.c.obj
 .rodata.__func__.6195
                0x1000a43c       0x17 CMakeFiles/fm_example.dir/fm_rda5807/fm_rda5807.c.obj
 *fill*         0x1000a453        0x1 
 .rodata.__func__.6205
                0x1000a454       0x16 CMakeFiles/fm_example.dir/fm_rda5807/fm_rda5807.c.obj
 *fill*         0x1000a46a        0x2 
 .rodata.__func__.6220
                0x1000a46c       0x13 CMakeFiles/fm_example.dir/fm_rda5807/fm_rda5807.c.obj
 *fill*         0x1000a47f        0x1 
 .rodata.__func__.6232
                0x1000a480        0xe CMakeFiles/fm_example.dir/fm_rda5807/fm_rda5807.c.obj
 *fill*         0x1000a48e        0x2 
 .rodata.__func__.6241
                0x1000a490        0xc CMakeFiles/fm_example.dir/fm_rda5807/fm_rda5807.c.obj
 .rodata.__func__.6250
                0x1000a49c       0x10 CMakeFiles/fm_example.dir/fm_rda5807/fm_rda5807.c.obj
 .rodata.__func__.6259
                0x1000a4ac       0x12 CMakeFiles/fm_example.dir/fm_rda5807/fm_rda5807.c.obj
 *fill*         0x1000a4be        0x2 
 .rodata.__func__.6268
                0x1000a4c0        0xc CMakeFiles/fm_example.dir/fm_rda5807/fm_rda5807.c.obj
 .rodata.__func__.6277
                0x1000a4cc        0xe CMakeFiles/fm_example.dir/fm_rda5807/fm_rda5807.c.obj
 *fill*         0x1000a4da        0x2 
 .rodata.__func__.6282
                0x1000a4dc        0xc CMakeFiles/fm_example.dir/fm_rda5807/fm_rda5807.c.obj
 .rodata.__func__.6288
                0x1000a4e8       0x18 CMakeFiles/fm_example.dir/fm_rda5807/fm_rda5807.c.obj
 .rodata.__func__.6295
                0x1000a500       0x12 CMakeFiles/fm_example.dir/fm_rda5807/fm_rda5807.c.obj
 *fill*         0x1000a512        0x2 
 .rodata.__func__.6301
                0x1000a514       0x13 CMakeFiles/fm_example.dir/fm_rda5807/fm_rda5807.c.obj
 *fill*         0x1000a527        0x1 
 .rodata.__func__.6308
                0x1000a528       0x15 CMakeFiles/fm_example.dir/fm_rda5807/fm_rda5807.c.obj
 *fill*         0x1000a53d        0x3 
 .rodata.fm_async_task_tick.str1.4
                0x1000a540       0x1a CMakeFiles/fm_example.dir/fm_rda5807/fm_rda5807.c.obj
 *fill*         0x1000a55a        0x2 
 .rodata.fm_power_up.str1.4
                0x1000a55c       0x62 CMakeFiles/fm_example.dir/fm_rda5807/fm_rda5807.c.obj
 *fill*         0x1000a5be        0x2 
 .rodata.fm_read_registers.str1.4
                0x1000a5c0        0x7 CMakeFiles/fm_example.dir/fm_rda5807/fm_rda5807.c.obj
 *fill*         0x1000a5c7        0x1 
 .rodata.fm_read_registers_up_to.str1.4
                0x1000a5c8       0x25 CMakeFiles/fm_example.dir/fm_rda5807/fm_rda5807.c.obj
 .rodata.fm_read_single_register.str1.4
                0x1000a5ed       0x25 CMakeFiles/fm_example.dir/fm_rda5807/fm_rda5807.c.obj
                                 0x11 (size before relaxing)
 *fill*         0x1000a5ed        0x3 
 .rodata.fm_seek_async_task.str1.4
                0x1000a5f0       0x29 CMakeFiles/fm_example.dir/fm_rda5807/fm_rda5807.c.obj
 *fill*         0x1000a619        0x3 
 .rodata.fm_set_frequency_async.str1.4
                0x1000a61c       0x32 CMakeFiles/fm_example.dir/fm_rda5807/fm_rda5807.c.obj
 *fill*         0x1000a64e        0x2 
 .rodata.fm_set_frequency_async_task.str1.4
                0x1000a650       0x4c CMakeFiles/fm_example.dir/fm_rda5807/fm_rda5807.c.obj
 .rodata.fm_write_registers.str1.4
                0x1000a69c       0x3b CMakeFiles/fm_example.dir/fm_rda5807/fm_rda5807.c.obj
 *fill*         0x1000a6d7        0x1 
 .rodata.fm_write_registers_up_to.str1.4
                0x1000a6d8       0x25 CMakeFiles/fm_example.dir/fm_rda5807/fm_rda5807.c.obj
 *fill*         0x1000a6fd        0x3 
 .rodata.__func__.4732
                0x1000a700       0x11 CMakeFiles/fm_example.dir/home/pi/pico/pico-sdk/src/rp2_common/hardware_i2c/i2c.c.obj
 *fill*         0x1000a711        0x3 
 .rodata.i2c_set_baudrate.str1.4
                0x1000a714       0x59 CMakeFiles/fm_example.dir/home/pi/pico/pico-sdk/src/rp2_common/hardware_i2c/i2c.c.obj
 *fill*         0x1000a76d        0x3 
 .rodata.spin_lock_claim_unused.str1.4
                0x1000a770       0x1b CMakeFiles/fm_example.dir/home/pi/pico/pico-sdk/src/rp2_common/hardware_sync/sync.c.obj
 *fill*         0x1000a78b        0x1 
 .rodata.__func__.5033
                0x1000a78c        0xc CMakeFiles/fm_example.dir/rds_parser/rds_parser.c.obj
 .rodata.hex_to_char.str1.4
                0x1000a798       0x3f CMakeFiles/fm_example.dir/rds_parser/rds_parser.c.obj
 *fill*         0x1000a7d7        0x1 
 .rodata.__func__.5648
                0x1000a7d8       0x15 CMakeFiles/fm_example.dir/home/pi/pico/pico-sdk/src/common/pico_time/time.c.obj
 *fill*         0x1000a7ed        0x3 
 .rodata.__func__.5949
                0x1000a7f0        0xc CMakeFiles/fm_example.dir/home/pi/pico/pico-sdk/src/common/pico_time/time.c.obj
 .rodata.__func__.5956
                0x1000a7fc       0x12 CMakeFiles/fm_example.dir/home/pi/pico/pico-sdk/src/common/pico_time/time.c.obj
 *fill*         0x1000a80e        0x2 
 .rodata.__func__.5972
                0x1000a810        0xf CMakeFiles/fm_example.dir/home/pi/pico/pico-sdk/src/common/pico_time/time.c.obj
 *fill*         0x1000a81f        0x1 
 .rodata.__func__.5994
                0x1000a820        0xd CMakeFiles/fm_example.dir/home/pi/pico/pico-sdk/src/common/pico_time/time.c.obj
 *fill*         0x1000a82d        0x3 
 .rodata.__func__.6195
                0x1000a830        0xa CMakeFiles/fm_example.dir/home/pi/pico/pico-sdk/src/common/pico_time/time.c.obj
 *fill*         0x1000a83a        0x2 
 .rodata.__func__.6200
                0x1000a83c       0x12 CMakeFiles/fm_example.dir/home/pi/pico/pico-sdk/src/common/pico_time/time.c.obj
 *fill*         0x1000a84e        0x2 
 .rodata.__func__.6215
                0x1000a850       0x17 CMakeFiles/fm_example.dir/home/pi/pico/pico-sdk/src/common/pico_time/time.c.obj
 *fill*         0x1000a867        0x1 
 .rodata.__func__.6226
                0x1000a868       0x15 CMakeFiles/fm_example.dir/home/pi/pico/pico-sdk/src/common/pico_time/time.c.obj
 *fill*         0x1000a87d        0x3 
 .rodata.__func__.6243
                0x1000a880       0x1a CMakeFiles/fm_example.dir/home/pi/pico/pico-sdk/src/common/pico_time/time.c.obj
 *fill*         0x1000a89a        0x2 
 .rodata.__func__.6282
                0x1000a89c       0x18 CMakeFiles/fm_example.dir/home/pi/pico/pico-sdk/src/common/pico_time/time.c.obj
 .rodata.add_alarm_under_lock.str1.4
                0x1000a8b4       0x28 CMakeFiles/fm_example.dir/home/pi/pico/pico-sdk/src/common/pico_time/time.c.obj
                                 0x2b (size before relaxing)
 .rodata.alarm_pool_alarm_callback.str1.4
                0x1000a8dc       0xe2 CMakeFiles/fm_example.dir/home/pi/pico/pico-sdk/src/common/pico_time/time.c.obj
 *fill*         0x1000a9be        0x2 
 .rodata.alarm_pool_cancel_alarm.str1.4
                0x1000a9c0       0x27 CMakeFiles/fm_example.dir/home/pi/pico/pico-sdk/src/common/pico_time/time.c.obj
 *fill*         0x1000a9e7        0x1 
 .rodata.alarm_pool_dump_key.str1.4
                0x1000a9e8       0x33 CMakeFiles/fm_example.dir/home/pi/pico/pico-sdk/src/common/pico_time/time.c.obj
 *fill*         0x1000aa1b        0x1 
 .rodata.alarm_pool_get_default.str1.4
                0x1000aa1c       0x21 CMakeFiles/fm_example.dir/home/pi/pico/pico-sdk/src/common/pico_time/time.c.obj
 *fill*         0x1000aa3d        0x3 
 .rodata.ph_add_child_node.str1.4
                0x1000aa40       0x92 CMakeFiles/fm_example.dir/home/pi/pico/pico-sdk/src/common/pico_time/time.c.obj
 *fill*         0x1000aad2        0x2 
 .rodata.repeating_timer_callback.str1.4
                0x1000aad4       0x47 CMakeFiles/fm_example.dir/home/pi/pico/pico-sdk/src/common/pico_time/time.c.obj
 *fill*         0x1000ab1b        0x1 
 .rodata.sleep_until.str1.4
                0x1000ab1c       0x4d CMakeFiles/fm_example.dir/home/pi/pico/pico-sdk/src/common/pico_time/time.c.obj
 *fill*         0x1000ab69        0x3 
 .rodata.__func__.4173
                0x1000ab6c       0x15 CMakeFiles/fm_example.dir/home/pi/pico/pico-sdk/src/rp2_common/hardware_timer/timer.c.obj
 *fill*         0x1000ab81        0x3 
 .rodata.__func__.4508
                0x1000ab84       0x1a CMakeFiles/fm_example.dir/home/pi/pico/pico-sdk/src/rp2_common/hardware_timer/timer.c.obj
 .rodata.busy_wait_us.str1.4
                0x1000ab9e       0x5d CMakeFiles/fm_example.dir/home/pi/pico/pico-sdk/src/rp2_common/hardware_timer/timer.c.obj
 *fill*         0x1000ab9e        0x2 
 .rodata.hardware_alarm_claim.str1.4
                0x1000aba0       0x22 CMakeFiles/fm_example.dir/home/pi/pico/pico-sdk/src/rp2_common/hardware_timer/timer.c.obj
 *fill*         0x1000abc2        0x2 
 .rodata.hardware_alarm_set_target.str1.4
                0x1000abc4       0x61 CMakeFiles/fm_example.dir/home/pi/pico/pico-sdk/src/rp2_common/hardware_timer/timer.c.obj
 *fill*         0x1000ac25        0x3 
 .rodata.__func__.4173
                0x1000ac28       0x15 CMakeFiles/fm_example.dir/home/pi/pico/pico-sdk/src/common/pico_sync/mutex.c.obj
 *fill*         0x1000ac3d        0x3 
 .rodata.__func__.4570
                0x1000ac40       0x15 CMakeFiles/fm_example.dir/home/pi/pico/pico-sdk/src/common/pico_sync/mutex.c.obj
 *fill*         0x1000ac55        0x3 
 .rodata.__func__.4595
                0x1000ac58       0x18 CMakeFiles/fm_example.dir/home/pi/pico/pico-sdk/src/common/pico_sync/mutex.c.obj
 .rodata.__func__.4605
                0x1000ac70        0xb CMakeFiles/fm_example.dir/home/pi/pico/pico-sdk/src/common/pico_sync/mutex.c.obj
 *fill*         0x1000ac7b        0x1 
 .rodata.str1.4
                0x1000ac7c       0xad CMakeFiles/fm_example.dir/home/pi/pico/pico-sdk/src/common/pico_sync/mutex.c.obj
                                0x10d (size before relaxing)
 *fill*         0x1000ad29        0x3 
 .rodata.__func__.5655
                0x1000ad2c        0xc CMakeFiles/fm_example.dir/home/pi/pico/pico-sdk/src/common/pico_util/pheap.c.obj
 .rodata.__func__.5662
                0x1000ad38       0x12 CMakeFiles/fm_example.dir/home/pi/pico/pico-sdk/src/common/pico_util/pheap.c.obj
 *fill*         0x1000ad4a        0x2 
 .rodata.__func__.5748
                0x1000ad4c       0x13 CMakeFiles/fm_example.dir/home/pi/pico/pico-sdk/src/common/pico_util/pheap.c.obj
 *fill*         0x1000ad5f        0x1 
 .rodata.__func__.5766
                0x1000ad60       0x18 CMakeFiles/fm_example.dir/home/pi/pico/pico-sdk/src/common/pico_util/pheap.c.obj
 .rodata.ph_add_child_node.str1.4
                0x1000ad78       0x92 CMakeFiles/fm_example.dir/home/pi/pico/pico-sdk/src/common/pico_util/pheap.c.obj
 .rodata.ph_remove_and_free_node.str1.4
                0x1000ad78       0x26 CMakeFiles/fm_example.dir/home/pi/pico/pico-sdk/src/common/pico_util/pheap.c.obj
 *fill*         0x1000ad9e        0x2 
 .rodata.ph_remove_any_head.str1.4
                0x1000ada0       0x88 CMakeFiles/fm_example.dir/home/pi/pico/pico-sdk/src/common/pico_util/pheap.c.obj
 .rodata.__assert_func.str1.4
                0x1000ae28       0x3f CMakeFiles/fm_example.dir/home/pi/pico/pico-sdk/src/rp2_common/pico_runtime/runtime.c.obj
                                 0x43 (size before relaxing)
 *fill*         0x1000ae67        0x1 
 .rodata.panic.str1.4
                0x1000ae68       0x10 CMakeFiles/fm_example.dir/home/pi/pico/pico-sdk/src/rp2_common/pico_runtime/runtime.c.obj
                                 0x12 (size before relaxing)
 .rodata.__func__.4627
                0x1000ae78       0x10 CMakeFiles/fm_example.dir/home/pi/pico/pico-sdk/src/rp2_common/hardware_clocks/clocks.c.obj
 .rodata.clock_configure.str1.4
                0x1000ae88       0x53 CMakeFiles/fm_example.dir/home/pi/pico/pico-sdk/src/rp2_common/hardware_clocks/clocks.c.obj
 *fill*         0x1000aedb        0x1 
 .rodata.__func__.4663
                0x1000aedc       0x1a CMakeFiles/fm_example.dir/home/pi/pico/pico-sdk/src/rp2_common/hardware_irq/irq.c.obj
 *fill*         0x1000aef6        0x2 
 .rodata.__func__.4677
                0x1000aef8        0xc CMakeFiles/fm_example.dir/home/pi/pico/pico-sdk/src/rp2_common/hardware_irq/irq.c.obj
 .rodata.__func__.4685
                0x1000af04       0x17 CMakeFiles/fm_example.dir/home/pi/pico/pico-sdk/src/rp2_common/hardware_irq/irq.c.obj
 *fill*         0x1000af1b        0x1 
 .rodata.__func__.4689
                0x1000af1c        0xf CMakeFiles/fm_example.dir/home/pi/pico/pico-sdk/src/rp2_common/hardware_irq/irq.c.obj
 *fill*         0x1000af2b        0x1 
 .rodata.__func__.4728
                0x1000af2c       0x13 CMakeFiles/fm_example.dir/home/pi/pico/pico-sdk/src/rp2_common/hardware_irq/irq.c.obj
 *fill*         0x1000af3f        0x1 
 .rodata.__func__.4747
                0x1000af40       0x1a CMakeFiles/fm_example.dir/home/pi/pico/pico-sdk/src/rp2_common/hardware_irq/irq.c.obj
 *fill*         0x1000af5a        0x2 
 .rodata.irq_add_shared_handler.str1.4
                0x1000af5c       0xd9 CMakeFiles/fm_example.dir/home/pi/pico/pico-sdk/src/rp2_common/hardware_irq/irq.c.obj
 *fill*         0x1000b035        0x3 
 .rodata.irq_add_tail_to_free_list.str1.4
                0x1000b038       0x32 CMakeFiles/fm_example.dir/home/pi/pico/pico-sdk/src/rp2_common/hardware_irq/irq.c.obj
                                 0x3a (size before relaxing)
 *fill*         0x1000b06a        0x2 
 .rodata.irq_remove_handler.str1.4
                0x1000b06c       0x2a CMakeFiles/fm_example.dir/home/pi/pico/pico-sdk/src/rp2_common/hardware_irq/irq.c.obj
 *fill*         0x1000b096        0x2 
 .rodata.irq_set_exclusive_handler.str1.4
                0x1000b098       0x36 CMakeFiles/fm_example.dir/home/pi/pico/pico-sdk/src/rp2_common/hardware_irq/irq.c.obj
 *fill*         0x1000b0ce        0x2 
 .rodata.make_branch.str1.4
                0x1000b0d0       0x49 CMakeFiles/fm_example.dir/home/pi/pico/pico-sdk/src/rp2_common/hardware_irq/irq.c.obj
 *fill*         0x1000b119        0x3 
 .rodata.__func__.4362
                0x1000b11c        0x9 CMakeFiles/fm_example.dir/home/pi/pico/pico-sdk/src/rp2_common/hardware_pll/pll.c.obj
 *fill*         0x1000b125        0x3 
 .rodata.pll_init.str1.4
                0x1000b128       0xd7 CMakeFiles/fm_example.dir/home/pi/pico/pico-sdk/src/rp2_common/hardware_pll/pll.c.obj
 *fill*         0x1000b1ff        0x1 
 .rodata._vsnprintf
                0x1000b200      0x1e0 CMakeFiles/fm_example.dir/home/pi/pico/pico-sdk/src/rp2_common/pico_printf/printf.c.obj
 .rodata._ftoa.str1.4
                0x1000b3e0       0x15 CMakeFiles/fm_example.dir/home/pi/pico/pico-sdk/src/rp2_common/pico_printf/printf.c.obj
 *fill*         0x1000b3f5        0x3 
 .rodata.pow10.5369
                0x1000b3f8       0x50 CMakeFiles/fm_example.dir/home/pi/pico/pico-sdk/src/rp2_common/pico_printf/printf.c.obj
 .rodata.__aeabi_double_init.str1.4
                0x1000b448       0xa4 CMakeFiles/fm_example.dir/home/pi/pico/pico-sdk/src/rp2_common/pico_double/double_init_rom.c.obj
 .rodata.__func__.4628
                0x1000b4ec       0x14 CMakeFiles/fm_example.dir/home/pi/pico/pico-sdk/src/rp2_common/pico_double/double_init_rom.c.obj
 .rodata.__aeabi_float_init.str1.4
                0x1000b500       0x76 CMakeFiles/fm_example.dir/home/pi/pico/pico-sdk/src/rp2_common/pico_float/float_init_rom.c.obj
                                 0x7a (size before relaxing)
 *fill*         0x1000b576        0x2 
 .rodata.__func__.4630
                0x1000b578       0x13 CMakeFiles/fm_example.dir/home/pi/pico/pico-sdk/src/rp2_common/pico_float/float_init_rom.c.obj
 *fill*         0x1000b58b        0x1 
 .rodata.__bi_44
                0x1000b58c        0xc CMakeFiles/fm_example.dir/home/pi/pico/pico-sdk/src/rp2_common/pico_standard_link/binary_info.c.obj
 .rodata.__bi_75
                0x1000b598        0xc CMakeFiles/fm_example.dir/home/pi/pico/pico-sdk/src/rp2_common/pico_standard_link/binary_info.c.obj
 .rodata.__bi_81
                0x1000b5a4        0xc CMakeFiles/fm_example.dir/home/pi/pico/pico-sdk/src/rp2_common/pico_standard_link/binary_info.c.obj
 .rodata.str1.4
                0x1000b5b0       0x40 CMakeFiles/fm_example.dir/home/pi/pico/pico-sdk/src/rp2_common/pico_standard_link/binary_info.c.obj
 .rodata.__func__.5371
                0x1000b5f0       0x15 CMakeFiles/fm_example.dir/home/pi/pico/pico-sdk/src/rp2_common/pico_stdio/stdio.c.obj
 *fill*         0x1000b605        0x3 
 .rodata.__func__.6066
                0x1000b608       0x13 CMakeFiles/fm_example.dir/home/pi/pico/pico-sdk/src/rp2_common/pico_stdio/stdio.c.obj
 *fill*         0x1000b61b        0x1 
 .rodata.__wrap_getchar.str1.4
                0x1000b61c       0x45 CMakeFiles/fm_example.dir/home/pi/pico/pico-sdk/src/rp2_common/pico_stdio/stdio.c.obj
 *fill*         0x1000b661        0x3 
 .rodata.crlf_str.5960
                0x1000b664        0x2 CMakeFiles/fm_example.dir/home/pi/pico/pico-sdk/src/rp2_common/pico_stdio/stdio.c.obj