Archive member included to satisfy reference by file (symbol)

/usr/lib/gcc/arm-none-eabi/7.3.1/thumb/v6-m/libgcc.a(_dvmd_tls.o)
                              CMakeFiles/fm_example.dir/home/pi/pico/pico-sdk/src/rp2_common/pico_divider/divider.S.obj (__aeabi_idiv0)
/usr/lib/gcc/arm-none-eabi/7.3.1/../../../arm-none-eabi/lib/thumb/v6-m/libg.a(lib_a-atexit.o)
                              /usr/lib/gcc/arm-none-eabi/7.3.1/../../../arm-none-eabi/lib/thumb/v6-m/crt0.o (atexit)
/usr/lib/gcc/arm-none-eabi/7.3.1/../../../arm-none-eabi/lib/thumb/v6-m/libg.a(lib_a-calloc.o)
                              CMakeFiles/fm_example.dir/home/pi/pico/pico-sdk/src/rp2_common/pico_malloc/pico_malloc.c.obj (calloc)
/usr/lib/gcc/arm-none-eabi/7.3.1/../../../arm-none-eabi/lib/thumb/v6-m/libg.a(lib_a-callocr.o)
                              /usr/lib/gcc/arm-none-eabi/7.3.1/../../../arm-none-eabi/lib/thumb/v6-m/libg.a(lib_a-calloc.o) (_calloc_r)
/usr/lib/gcc/arm-none-eabi/7.3.1/../../../arm-none-eabi/lib/thumb/v6-m/libg.a(lib_a-ctype_.o)
                              CMakeFiles/fm_example.dir/home/pi/pico/pico-sdk/lib/tinyusb/src/tusb.c.obj (_ctype_)
/usr/lib/gcc/arm-none-eabi/7.3.1/../../../arm-none-eabi/lib/thumb/v6-m/libg.a(lib_a-fini.o)
                              /usr/lib/gcc/arm-none-eabi/7.3.1/../../../arm-none-eabi/lib/thumb/v6-m/crt0.o (__libc_fini_array)
/usr/lib/gcc/arm-none-eabi/7.3.1/../../../arm-none-eabi/lib/thumb/v6-m/libg.a(lib_a-impure.o)
                              /usr/lib/gcc/arm-none-eabi/7.3.1/../../../arm-none-eabi/lib/thumb/v6-m/libg.a(lib_a-calloc.o) (_impure_ptr)
/usr/lib/gcc/arm-none-eabi/7.3.1/../../../arm-none-eabi/lib/thumb/v6-m/libg.a(lib_a-init.o)
                              /usr/lib/gcc/arm-none-eabi/7.3.1/../../../arm-none-eabi/lib/thumb/v6-m/crt0.o (__libc_init_array)
/usr/lib/gcc/arm-none-eabi/7.3.1/../../../arm-none-eabi/lib/thumb/v6-m/libg.a(lib_a-malloc.o)
                              CMakeFiles/fm_example.dir/home/pi/pico/pico-sdk/src/rp2_common/pico_malloc/pico_malloc.c.obj (malloc)
/usr/lib/gcc/arm-none-eabi/7.3.1/../../../arm-none-eabi/lib/thumb/v6-m/libg.a(lib_a-mallocr.o)
                              /usr/lib/gcc/arm-none-eabi/7.3.1/../../../arm-none-eabi/lib/thumb/v6-m/libg.a(lib_a-callocr.o) (_malloc_r)
/usr/lib/gcc/arm-none-eabi/7.3.1/../../../arm-none-eabi/lib/thumb/v6-m/libg.a(lib_a-memcmp.o)
                              CMakeFiles/fm_example.dir/pico-ss-oled/ss_oled.c.obj (memcmp)
/usr/lib/gcc/arm-none-eabi/7.3.1/../../../arm-none-eabi/lib/thumb/v6-m/libg.a(lib_a-mlock.o)
                              /usr/lib/gcc/arm-none-eabi/7.3.1/../../../arm-none-eabi/lib/thumb/v6-m/libg.a(lib_a-mallocr.o) (__malloc_lock)
/usr/lib/gcc/arm-none-eabi/7.3.1/../../../arm-none-eabi/lib/thumb/v6-m/libg.a(lib_a-sbrkr.o)
                              /usr/lib/gcc/arm-none-eabi/7.3.1/../../../arm-none-eabi/lib/thumb/v6-m/libg.a(lib_a-mallocr.o) (_sbrk_r)
/usr/lib/gcc/arm-none-eabi/7.3.1/../../../arm-none-eabi/lib/thumb/v6-m/libg.a(lib_a-strlen-stub.o)
                              CMakeFiles/fm_example.dir/home/pi/pico/pico-sdk/src/rp2_common/pico_stdio/stdio.c.obj (strlen)
/usr/lib/gcc/arm-none-eabi/7.3.1/../../../arm-none-eabi/lib/thumb/v6-m/libg.a(lib_a-__atexit.o)
                              /usr/lib/gcc/arm-none-eabi/7.3.1/../../../arm-none-eabi/lib/thumb/v6-m/libg.a(lib_a-atexit.o) (__register_exitproc)
/usr/lib/gcc/arm-none-eabi/7.3.1/../../../arm-none-eabi/lib/thumb/v6-m/libg.a(lib_a-freer.o)
                              /usr/lib/gcc/arm-none-eabi/7.3.1/../../../arm-none-eabi/lib/thumb/v6-m/libg.a(lib_a-malloc.o) (_free_r)
/usr/lib/gcc/arm-none-eabi/7.3.1/../../../arm-none-eabi/lib/thumb/v6-m/libg.a(lib_a-reent.o)
                              /usr/lib/gcc/arm-none-eabi/7.3.1/../../../arm-none-eabi/lib/thumb/v6-m/libg.a(lib_a-sbrkr.o) (errno)

Allocating common symbols
Common symbol       size              file

sf_table            0x100             CMakeFiles/fm_example.dir/home/pi/pico/pico-sdk/src/rp2_common/pico_float/float_init_rom.c.obj
errno               0x4               /usr/lib/gcc/arm-none-eabi/7.3.1/../../../arm-none-eabi/lib/thumb/v6-m/libg.a(lib_a-reent.o)
_usbd_qdef_buf      0xc0              CMakeFiles/fm_example.dir/home/pi/pico/pico-sdk/lib/tinyusb/src/device/usbd.c.obj
sf_clz_func         0x4               CMakeFiles/fm_example.dir/home/pi/pico/pico-sdk/src/rp2_common/pico_float/float_init_rom.c.obj
sd_table            0x100             CMakeFiles/fm_example.dir/home/pi/pico/pico-sdk/src/rp2_common/pico_double/double_init_rom.c.obj
uart_char_to_line_feed
                    0x4               CMakeFiles/fm_example.dir/home/pi/pico/pico-sdk/src/rp2_common/hardware_uart/uart.c.obj

Discarded input sections

 .text          0x00000000        0x0 /usr/lib/gcc/arm-none-eabi/7.3.1/thumb/v6-m/crti.o
 .data          0x00000000        0x0 /usr/lib/gcc/arm-none-eabi/7.3.1/thumb/v6-m/crti.o
[...]
Memory Configuration

Name             Origin             Length             Attributes
FLASH            0x10000000         0x00200000         xr
RAM              0x20000000         0x00040000         xrw
SCRATCH_X        0x20040000         0x00001000         xrw
SCRATCH_Y        0x20041000         0x00001000         xrw
*default*        0x00000000         0xffffffff

Linker script and memory map

LOAD /usr/lib/gcc/arm-none-eabi/7.3.1/thumb/v6-m/crti.o
LOAD /usr/lib/gcc/arm-none-eabi/7.3.1/thumb/v6-m/crtbegin.o
LOAD /usr/lib/gcc/arm-none-eabi/7.3.1/../../../arm-none-eabi/lib/thumb/v6-m/crt0.o

.flash_begin    0x10000000        0x0
                0x10000000                __flash_binary_start = .

.boot2          0x10000000      0x100
                0x10000000                __boot2_start__ = .
 *(.boot2)
 .boot2         0x10000000      0x100 /tmp/ccMr6dmy.o
                0x10000100                __boot2_end__ = .
                0x00000001                ASSERT (((__boot2_end__ - __boot2_start__) == 0x100), ERROR: Pico second stage bootloader must be 256 bytes in size)

.text           0x10000100     0x9e18
                0x10000100                __logical_binary_start = .
 *(.vectors)
 .vectors       0x10000100       0xd4 CMakeFiles/fm_example.dir/home/pi/pico/pico-sdk/src/rp2_common/pico_standard_link/crt0.S.obj
                0x10000100                __vectors
                0x10000100                __VECTOR_TABLE
                0x100001c0                isr_invalid
                0x100001c0                __default_isrs_start
                0x100001c2                isr_nmi
                0x100001c4                isr_hardfault
                0x100001c6                isr_svcall
                0x100001c8                isr_pendsv
                0x100001ca                isr_systick
                0x100001cc                isr_irq30
                0x100001cc                __unhandled_user_irq
                0x100001cc                isr_irq13
                0x100001cc                isr_irq27
                0x100001cc                isr_irq31
                0x100001cc                isr_irq5
                0x100001cc                isr_irq11
                0x100001cc                isr_irq23
                0x100001cc                isr_irq18
                0x100001cc                isr_irq28
                0x100001cc                isr_irq19
                0x100001cc                isr_irq0
                0x100001cc                isr_irq6
                0x100001cc                isr_irq22
                0x100001cc                isr_irq17
                0x100001cc                isr_irq14
                0x100001cc                isr_irq2
                0x100001cc                isr_irq10
                0x100001cc                isr_irq8
                0x100001cc                isr_irq24
                0x100001cc                isr_irq1
                0x100001cc                isr_irq7
                0x100001cc                isr_irq21
                0x100001cc                isr_irq20
                0x100001cc                isr_irq15
                0x100001cc                isr_irq25
                0x100001cc                isr_irq4
                0x100001cc                isr_irq16
                0x100001cc                isr_irq29
                0x100001cc                isr_irq26
                0x100001cc                __default_isrs_end
                0x100001cc                isr_irq3
                0x100001cc                isr_irq12
                0x100001cc                isr_irq9
                0x100001d2                unhandled_user_irq_num_in_r0
 *(.binary_info_header)
 .binary_info_header
                0x100001d4       0x14 CMakeFiles/fm_example.dir/home/pi/pico/pico-sdk/src/rp2_common/pico_standard_link/crt0.S.obj
                0x100001e8                __binary_info_header_end = .
 *(.reset)
 .reset         0x100001e8       0xa8 CMakeFiles/fm_example.dir/home/pi/pico/pico-sdk/src/rp2_common/pico_standard_link/crt0.S.obj
                0x100001e8                _entry_point
                0x10000266                __get_current_exception
 .reset         0x10000290       0x30 CMakeFiles/fm_example.dir/home/pi/pico/pico-sdk/src/rp2_common/pico_standard_link/binary_info.c.obj
 *(.init)
 .init          0x100002c0        0x4 /usr/lib/gcc/arm-none-eabi/7.3.1/thumb/v6-m/crti.o
                0x100002c0                _init
 *(EXCLUDE_FILE(*libm.a: *libc.a:*lib_a-mem*.o *libgcc.a:) .text*)
 .text          0x100002c4       0x98 /usr/lib/gcc/arm-none-eabi/7.3.1/thumb/v6-m/crtbegin.o
 .text._Z41__static_initialization_and_destruction_0ii
                0x1000035c       0x3c CMakeFiles/fm_example.dir/fm_example.cpp.obj
 .text._ZL10print_helpv
                0x10000398       0xb0 CMakeFiles/fm_example.dir/fm_example.cpp.obj
 .text.adc_gpio_init
                0x10000448       0x1e CMakeFiles/fm_example.dir/fm_example.cpp.obj
 *fill*         0x10000466        0x2 
 .text._ZL14print_rds_infov
                0x10000468       0x68 CMakeFiles/fm_example.dir/fm_example.cpp.obj
 .text._ZL13set_frequencyf
                0x100004d0       0x74 CMakeFiles/fm_example.dir/fm_example.cpp.obj
 .text._ZL18print_station_infov
                0x10000544       0x40 CMakeFiles/fm_example.dir/fm_example.cpp.obj
 .text._ZL10update_rdsv
                0x10000584       0x28 CMakeFiles/fm_example.dir/fm_example.cpp.obj
 .text._ZL4seek19fm_seek_direction_t
                0x100005ac      0x110 CMakeFiles/fm_example.dir/fm_example.cpp.obj
 .text._ZL4loopv
                0x100006bc      0x4ac CMakeFiles/fm_example.dir/fm_example.cpp.obj
 .text.main     0x10000b68      0x16c CMakeFiles/fm_example.dir/fm_example.cpp.obj
                0x10000b68                main
 .text._GLOBAL__sub_I_myOled
                0x10000cd4       0x10 CMakeFiles/fm_example.dir/fm_example.cpp.obj
 .text.fm_frequency_range
                0x10000ce4       0x80 CMakeFiles/fm_example.dir/fm_rda5807/fm_rda5807.c.obj
 .text.fm_channel_to_frequency
                0x10000d64       0x1e CMakeFiles/fm_example.dir/fm_rda5807/fm_rda5807.c.obj
 .text.fm_set_channel_spacing_bits
                0x10000d82       0x3e CMakeFiles/fm_example.dir/fm_rda5807/fm_rda5807.c.obj
 .text.fm_set_band_bits
                0x10000dc0       0x64 CMakeFiles/fm_example.dir/fm_rda5807/fm_rda5807.c.obj
 .text.fm_write_registers
                0x10000e24       0x58 CMakeFiles/fm_example.dir/fm_rda5807/fm_rda5807.c.obj
 .text.fm_write_registers_up_to
                0x10000e7c       0x2c CMakeFiles/fm_example.dir/fm_rda5807/fm_rda5807.c.obj
 .text.fm_write_single_register
                0x10000ea8       0x58 CMakeFiles/fm_example.dir/fm_rda5807/fm_rda5807.c.obj
 .text.fm_read_registers
                0x10000f00       0x60 CMakeFiles/fm_example.dir/fm_rda5807/fm_rda5807.c.obj
 .text.fm_read_registers_up_to
                0x10000f60       0x2c CMakeFiles/fm_example.dir/fm_rda5807/fm_rda5807.c.obj
 .text.fm_read_single_register
                0x10000f8c       0x7c CMakeFiles/fm_example.dir/fm_rda5807/fm_rda5807.c.obj
 .text.fm_set_frequency_async_task
                0x10001008       0xd0 CMakeFiles/fm_example.dir/fm_rda5807/fm_rda5807.c.obj
 .text.fm_seek_async_task
                0x100010d8       0xf0 CMakeFiles/fm_example.dir/fm_rda5807/fm_rda5807.c.obj
 .text.fm_frequency_to_channel
                0x100011c8       0x22 CMakeFiles/fm_example.dir/fm_rda5807/fm_rda5807.c.obj
 .text.fm_init  0x100011ea       0x3a CMakeFiles/fm_example.dir/fm_rda5807/fm_rda5807.c.obj
                0x100011ea                fm_init
 .text.fm_is_powered_up
                0x10001224        0x8 CMakeFiles/fm_example.dir/fm_rda5807/fm_rda5807.c.obj
                0x10001224                fm_is_powered_up
 .text.fm_get_frequency_range
                0x1000122c        0xc CMakeFiles/fm_example.dir/fm_rda5807/fm_rda5807.c.obj
                0x1000122c                fm_get_frequency_range
 .text.fm_get_frequency
                0x10001238        0x4 CMakeFiles/fm_example.dir/fm_rda5807/fm_rda5807.c.obj
                0x10001238                fm_get_frequency
 .text.fm_set_frequency_async
                0x1000123c       0xb4 CMakeFiles/fm_example.dir/fm_rda5807/fm_rda5807.c.obj
                0x1000123c                fm_set_frequency_async
 .text.fm_get_seek_threshold
                0x100012f0        0x4 CMakeFiles/fm_example.dir/fm_rda5807/fm_rda5807.c.obj
                0x100012f0                fm_get_seek_threshold
 .text.fm_set_seek_threshold
                0x100012f4       0x70 CMakeFiles/fm_example.dir/fm_rda5807/fm_rda5807.c.obj
                0x100012f4                fm_set_seek_threshold
 .text.fm_seek_async
                0x10001364       0x9c CMakeFiles/fm_example.dir/fm_rda5807/fm_rda5807.c.obj
                0x10001364                fm_seek_async
 .text.fm_get_mute
                0x10001400        0x6 CMakeFiles/fm_example.dir/fm_rda5807/fm_rda5807.c.obj
                0x10001400                fm_get_mute
 *fill*         0x10001406        0x2 
 .text.fm_set_mute
                0x10001408       0x78 CMakeFiles/fm_example.dir/fm_rda5807/fm_rda5807.c.obj
                0x10001408                fm_set_mute
 .text.fm_get_softmute
                0x10001480        0x6 CMakeFiles/fm_example.dir/fm_rda5807/fm_rda5807.c.obj
                0x10001480                fm_get_softmute
 *fill*         0x10001486        0x2 
 .text.fm_set_softmute
                0x10001488       0x78 CMakeFiles/fm_example.dir/fm_rda5807/fm_rda5807.c.obj
                0x10001488                fm_set_softmute
 .text.fm_get_bass_boost
                0x10001500        0x6 CMakeFiles/fm_example.dir/fm_rda5807/fm_rda5807.c.obj
                0x10001500                fm_get_bass_boost
 *fill*         0x10001506        0x2 
 .text.fm_set_bass_boost
                0x10001508       0x78 CMakeFiles/fm_example.dir/fm_rda5807/fm_rda5807.c.obj
                0x10001508                fm_set_bass_boost
 .text.fm_get_mono
                0x10001580        0x6 CMakeFiles/fm_example.dir/fm_rda5807/fm_rda5807.c.obj
                0x10001580                fm_get_mono
 *fill*         0x10001586        0x2 
 .text.fm_set_mono
                0x10001588       0x78 CMakeFiles/fm_example.dir/fm_rda5807/fm_rda5807.c.obj
                0x10001588                fm_set_mono
 .text.fm_get_volume
                0x10001600        0x6 CMakeFiles/fm_example.dir/fm_rda5807/fm_rda5807.c.obj
                0x10001600                fm_get_volume
 *fill*         0x10001606        0x2 
 .text.fm_set_volume
                0x10001608       0x70 CMakeFiles/fm_example.dir/fm_rda5807/fm_rda5807.c.obj
                0x10001608                fm_set_volume
 .text.fm_get_rssi
                0x10001678       0x3c CMakeFiles/fm_example.dir/fm_rda5807/fm_rda5807.c.obj
                0x10001678                fm_get_rssi
 .text.fm_get_stereo_indicator
                0x100016b4       0x40 CMakeFiles/fm_example.dir/fm_rda5807/fm_rda5807.c.obj
                0x100016b4                fm_get_stereo_indicator
 .text.fm_read_rds_group
                0x100016f4       0x50 CMakeFiles/fm_example.dir/fm_rda5807/fm_rda5807.c.obj
                0x100016f4                fm_read_rds_group
 .text.fm_async_task_tick
                0x10001744       0x74 CMakeFiles/fm_example.dir/fm_rda5807/fm_rda5807.c.obj
                0x10001744                fm_async_task_tick
 .text.fm_set_frequency_blocking
                0x100017b8       0x74 CMakeFiles/fm_example.dir/fm_rda5807/fm_rda5807.c.obj
                0x100017b8                fm_set_frequency_blocking
 .text.fm_power_up
                0x1000182c      0x230 CMakeFiles/fm_example.dir/fm_rda5807/fm_rda5807.c.obj
                0x1000182c                fm_power_up
 .text.fm_async_task_cancel
                0x10001a5c       0x40 CMakeFiles/fm_example.dir/fm_rda5807/fm_rda5807.c.obj
                0x10001a5c                fm_async_task_cancel
 .text.fm_power_down
                0x10001a9c       0x48 CMakeFiles/fm_example.dir/fm_rda5807/fm_rda5807.c.obj
                0x10001a9c                fm_power_down
 .text.i2c_write_blocking_internal
                0x10001ae4      0x122 CMakeFiles/fm_example.dir/home/pi/pico/pico-sdk/src/rp2_common/hardware_i2c/i2c.c.obj
 .text.i2c_read_blocking_internal
                0x10001c06       0xd2 CMakeFiles/fm_example.dir/home/pi/pico/pico-sdk/src/rp2_common/hardware_i2c/i2c.c.obj
 .text.i2c_set_baudrate
                0x10001cd8       0xec CMakeFiles/fm_example.dir/home/pi/pico/pico-sdk/src/rp2_common/hardware_i2c/i2c.c.obj
                0x10001cd8                i2c_set_baudrate
 .text.i2c_init
                0x10001dc4       0x58 CMakeFiles/fm_example.dir/home/pi/pico/pico-sdk/src/rp2_common/hardware_i2c/i2c.c.obj
                0x10001dc4                i2c_init
 .text.i2c_write_blocking
                0x10001e1c       0x18 CMakeFiles/fm_example.dir/home/pi/pico/pico-sdk/src/rp2_common/hardware_i2c/i2c.c.obj
                0x10001e1c                i2c_write_blocking
 .text.i2c_read_blocking
                0x10001e34       0x18 CMakeFiles/fm_example.dir/home/pi/pico/pico-sdk/src/rp2_common/hardware_i2c/i2c.c.obj
                0x10001e34                i2c_read_blocking
 .text.hw_claim_lock
                0x10001e4c       0x18 CMakeFiles/fm_example.dir/home/pi/pico/pico-sdk/src/rp2_common/hardware_claim/claim.c.obj
                0x10001e4c                hw_claim_lock
 .text.hw_claim_unlock
                0x10001e64       0x14 CMakeFiles/fm_example.dir/home/pi/pico/pico-sdk/src/rp2_common/hardware_claim/claim.c.obj
                0x10001e64                hw_claim_unlock
 .text.hw_claim_or_assert
                0x10001e78       0x32 CMakeFiles/fm_example.dir/home/pi/pico/pico-sdk/src/rp2_common/hardware_claim/claim.c.obj
                0x10001e78                hw_claim_or_assert
 .text.hw_claim_unused_from_range
                0x10001eaa       0x50 CMakeFiles/fm_example.dir/home/pi/pico/pico-sdk/src/rp2_common/hardware_claim/claim.c.obj
                0x10001eaa                hw_claim_unused_from_range
 *fill*         0x10001efa        0x2 
 .text.running_on_fpga
                0x10001efc       0x14 CMakeFiles/fm_example.dir/home/pi/pico/pico-sdk/src/rp2_common/pico_platform/platform.c.obj
                0x10001efc                running_on_fpga
 .text.spin_locks_reset
                0x10001f10       0x20 CMakeFiles/fm_example.dir/home/pi/pico/pico-sdk/src/rp2_common/hardware_sync/sync.c.obj
                0x10001f10                spin_locks_reset
 .text.next_striped_spin_lock_num
                0x10001f30       0x1c CMakeFiles/fm_example.dir/home/pi/pico/pico-sdk/src/rp2_common/hardware_sync/sync.c.obj
                0x10001f30                next_striped_spin_lock_num
 .text.spin_lock_claim_unused
                0x10001f4c       0x20 CMakeFiles/fm_example.dir/home/pi/pico/pico-sdk/src/rp2_common/hardware_sync/sync.c.obj
                0x10001f4c                spin_lock_claim_unused
 .text.rds_get_group_pi
                0x10001f6c        0x4 CMakeFiles/fm_example.dir/rds_parser/rds_parser.c.obj
 .text.rds_get_group_type
                0x10001f70        0x6 CMakeFiles/fm_example.dir/rds_parser/rds_parser.c.obj
 .text.rds_get_group_version
                0x10001f76        0xa CMakeFiles/fm_example.dir/rds_parser/rds_parser.c.obj
 .text.rds_get_group_tp
                0x10001f80        0xa CMakeFiles/fm_example.dir/rds_parser/rds_parser.c.obj
 .text.rds_get_group_pty
                0x10001f8a        0xa CMakeFiles/fm_example.dir/rds_parser/rds_parser.c.obj
 .text.rds_parse_group_basic_di
                0x10001f94       0x28 CMakeFiles/fm_example.dir/rds_parser/rds_parser.c.obj
 .text.rds_add_alt_freq
                0x10001fbc       0x34 CMakeFiles/fm_example.dir/rds_parser/rds_parser.c.obj
 .text.rds_parse_group_basic_alt_freq
                0x10001ff0       0x28 CMakeFiles/fm_example.dir/rds_parser/rds_parser.c.obj
 .text.rds_parse_group_basic_ps
                0x10002018       0x30 CMakeFiles/fm_example.dir/rds_parser/rds_parser.c.obj
 .text.rds_parse_group_basic
                0x10002048       0x1c CMakeFiles/fm_example.dir/rds_parser/rds_parser.c.obj
 .text.rds_parse_group_rt
                0x10002064       0x96 CMakeFiles/fm_example.dir/rds_parser/rds_parser.c.obj
 *fill*         0x100020fa        0x2 
 .text.hex_to_char
                0x100020fc       0x30 CMakeFiles/fm_example.dir/rds_parser/rds_parser.c.obj
 .text.rds_parser_reset
                0x1000212c        0xc CMakeFiles/fm_example.dir/rds_parser/rds_parser.c.obj
                0x1000212c                rds_parser_reset
 .text.rds_parser_update
                0x10002138       0x42 CMakeFiles/fm_example.dir/rds_parser/rds_parser.c.obj
                0x10002138                rds_parser_update
 .text.rds_get_program_id_as_str
                0x1000217a       0x3a CMakeFiles/fm_example.dir/rds_parser/rds_parser.c.obj
                0x1000217a                rds_get_program_id_as_str
 .text.gpio_set_function
                0x100021b4       0x30 CMakeFiles/fm_example.dir/home/pi/pico/pico-sdk/src/rp2_common/hardware_gpio/gpio.c.obj
                0x100021b4                gpio_set_function
 .text.gpio_set_pulls
                0x100021e4       0x34 CMakeFiles/fm_example.dir/home/pi/pico/pico-sdk/src/rp2_common/hardware_gpio/gpio.c.obj
                0x100021e4                gpio_set_pulls
 .text.gpio_set_input_enabled
                0x10002218       0x30 CMakeFiles/fm_example.dir/home/pi/pico/pico-sdk/src/rp2_common/hardware_gpio/gpio.c.obj
                0x10002218                gpio_set_input_enabled
 .text.gpio_init
                0x10002248       0x16 CMakeFiles/fm_example.dir/home/pi/pico/pico-sdk/src/rp2_common/hardware_gpio/gpio.c.obj
                0x10002248                gpio_init
 *fill*         0x1000225e        0x2 
 .text.uart_set_baudrate
                0x10002260       0x5c CMakeFiles/fm_example.dir/home/pi/pico/pico-sdk/src/rp2_common/hardware_uart/uart.c.obj
                0x10002260                uart_set_baudrate
 .text.uart_set_translate_crlf
                0x100022bc       0x28 CMakeFiles/fm_example.dir/home/pi/pico/pico-sdk/src/rp2_common/hardware_uart/uart.c.obj
                0x100022bc                uart_set_translate_crlf
 .text.uart_init
                0x100022e4       0x84 CMakeFiles/fm_example.dir/home/pi/pico/pico-sdk/src/rp2_common/hardware_uart/uart.c.obj
                0x100022e4                uart_init
 .text.alarm_pool_post_alloc_init
                0x10002368       0x40 CMakeFiles/fm_example.dir/home/pi/pico/pico-sdk/src/common/pico_time/time.c.obj
 .text.sleep_until_callback
                0x100023a8       0x30 CMakeFiles/fm_example.dir/home/pi/pico/pico-sdk/src/common/pico_time/time.c.obj
 .text.timer_pool_entry_comparator
                0x100023d8       0x7c CMakeFiles/fm_example.dir/home/pi/pico/pico-sdk/src/common/pico_time/time.c.obj
                0x100023d8                timer_pool_entry_comparator
 .text.ph_add_child_node
                0x10002454       0xa4 CMakeFiles/fm_example.dir/home/pi/pico/pico-sdk/src/common/pico_time/time.c.obj
 .text.ph_merge_nodes
                0x100024f8       0x3a CMakeFiles/fm_example.dir/home/pi/pico/pico-sdk/src/common/pico_time/time.c.obj
 *fill*         0x10002532        0x2 
 .text.add_alarm_under_lock
                0x10002534      0x180 CMakeFiles/fm_example.dir/home/pi/pico/pico-sdk/src/common/pico_time/time.c.obj
 .text.alarm_pool_alarm_callback
                0x100026b4      0x344 CMakeFiles/fm_example.dir/home/pi/pico/pico-sdk/src/common/pico_time/time.c.obj
 .text.alarm_pool_init_default
                0x100029f8       0x38 CMakeFiles/fm_example.dir/home/pi/pico/pico-sdk/src/common/pico_time/time.c.obj
                0x100029f8                alarm_pool_init_default
 .text.alarm_pool_get_default
                0x10002a30       0x2c CMakeFiles/fm_example.dir/home/pi/pico/pico-sdk/src/common/pico_time/time.c.obj
                0x10002a30                alarm_pool_get_default
 .text.alarm_pool_add_alarm_at
                0x10002a5c      0x168 CMakeFiles/fm_example.dir/home/pi/pico/pico-sdk/src/common/pico_time/time.c.obj
                0x10002a5c                alarm_pool_add_alarm_at
 .text.alarm_pool_cancel_alarm
                0x10002bc4       0xec CMakeFiles/fm_example.dir/home/pi/pico/pico-sdk/src/common/pico_time/time.c.obj
                0x10002bc4                alarm_pool_cancel_alarm
 .text.sleep_until
                0x10002cb0       0xfc CMakeFiles/fm_example.dir/home/pi/pico/pico-sdk/src/common/pico_time/time.c.obj
                0x10002cb0                sleep_until
 .text.sleep_us
                0x10002dac       0x54 CMakeFiles/fm_example.dir/home/pi/pico/pico-sdk/src/common/pico_time/time.c.obj
                0x10002dac                sleep_us
 .text.sleep_ms
                0x10002e00       0x14 CMakeFiles/fm_example.dir/home/pi/pico/pico-sdk/src/common/pico_time/time.c.obj
                0x10002e00                sleep_ms
 .text.best_effort_wfe_or_timeout
                0x10002e14       0x80 CMakeFiles/fm_example.dir/home/pi/pico/pico-sdk/src/common/pico_time/time.c.obj
                0x10002e14                best_effort_wfe_or_timeout
 .text.hardware_alarm_irq_handler
                0x10002e94       0x8c CMakeFiles/fm_example.dir/home/pi/pico/pico-sdk/src/rp2_common/hardware_timer/timer.c.obj
 .text.hardware_alarm_claim
                0x10002f20       0x18 CMakeFiles/fm_example.dir/home/pi/pico/pico-sdk/src/rp2_common/hardware_timer/timer.c.obj
                0x10002f20                hardware_alarm_claim
 .text.time_us_64
                0x10002f38       0x18 CMakeFiles/fm_example.dir/home/pi/pico/pico-sdk/src/rp2_common/hardware_timer/timer.c.obj
                0x10002f38                time_us_64
 .text.busy_wait_until
                0x10002f50       0x28 CMakeFiles/fm_example.dir/home/pi/pico/pico-sdk/src/rp2_common/hardware_timer/timer.c.obj
                0x10002f50                busy_wait_until
 .text.busy_wait_us
                0x10002f78       0x48 CMakeFiles/fm_example.dir/home/pi/pico/pico-sdk/src/rp2_common/hardware_timer/timer.c.obj
                0x10002f78                busy_wait_us
 .text.hardware_alarm_set_callback
                0x10002fc0       0x90 CMakeFiles/fm_example.dir/home/pi/pico/pico-sdk/src/rp2_common/hardware_timer/timer.c.obj
                0x10002fc0                hardware_alarm_set_callback
 .text.hardware_alarm_set_target
                0x10003050       0xe8 CMakeFiles/fm_example.dir/home/pi/pico/pico-sdk/src/rp2_common/hardware_timer/timer.c.obj
                0x10003050                hardware_alarm_set_target
 .text.hardware_alarm_cancel
                0x10003138       0x40 CMakeFiles/fm_example.dir/home/pi/pico/pico-sdk/src/rp2_common/hardware_timer/timer.c.obj
                0x10003138                hardware_alarm_cancel
 .text.lock_init
                0x10003178       0x10 CMakeFiles/fm_example.dir/home/pi/pico/pico-sdk/src/common/pico_sync/lock_core.c.obj
                0x10003178                lock_init
 .text.mutex_init_internal
                0x10003188       0x1e CMakeFiles/fm_example.dir/home/pi/pico/pico-sdk/src/common/pico_sync/mutex.c.obj
 .text.mutex_init
                0x100031a6        0xa CMakeFiles/fm_example.dir/home/pi/pico/pico-sdk/src/common/pico_sync/mutex.c.obj
                0x100031a6                mutex_init
 .text.recursive_mutex_init
                0x100031b0        0xa CMakeFiles/fm_example.dir/home/pi/pico/pico-sdk/src/common/pico_sync/mutex.c.obj
                0x100031b0                recursive_mutex_init
 *fill*         0x100031ba        0x2 
 .text.critical_section_init_with_lock_num
                0x100031bc       0x14 CMakeFiles/fm_example.dir/home/pi/pico/pico-sdk/src/common/pico_sync/critical_section.c.obj
                0x100031bc                critical_section_init_with_lock_num
 .text.critical_section_init
                0x100031d0       0x14 CMakeFiles/fm_example.dir/home/pi/pico/pico-sdk/src/common/pico_sync/critical_section.c.obj
                0x100031d0                critical_section_init
 .text.ph_add_child_node
                0x100031e4       0xa4 CMakeFiles/fm_example.dir/home/pi/pico/pico-sdk/src/common/pico_util/pheap.c.obj
 .text.ph_merge_nodes
                0x10003288       0x3a CMakeFiles/fm_example.dir/home/pi/pico/pico-sdk/src/common/pico_util/pheap.c.obj
 *fill*         0x100032c2        0x2 
 .text.ph_clear
                0x100032c4       0x70 CMakeFiles/fm_example.dir/home/pi/pico/pico-sdk/src/common/pico_util/pheap.c.obj
                0x100032c4                ph_clear
 .text.ph_post_alloc_init
                0x10003334        0xe CMakeFiles/fm_example.dir/home/pi/pico/pico-sdk/src/common/pico_util/pheap.c.obj
                0x10003334                ph_post_alloc_init
 *fill*         0x10003342        0x2 
 .text.ph_merge_two_pass
                0x10003344       0xac CMakeFiles/fm_example.dir/home/pi/pico/pico-sdk/src/common/pico_util/pheap.c.obj
                0x10003344                ph_merge_two_pass
 .text.ph_remove_any_head
                0x100033f0      0x108 CMakeFiles/fm_example.dir/home/pi/pico/pico-sdk/src/common/pico_util/pheap.c.obj
 .text.ph_remove_head
                0x100034f8       0x14 CMakeFiles/fm_example.dir/home/pi/pico/pico-sdk/src/common/pico_util/pheap.c.obj
                0x100034f8                ph_remove_head
 .text.ph_remove_and_free_node
                0x1000350c       0xf8 CMakeFiles/fm_example.dir/home/pi/pico/pico-sdk/src/common/pico_util/pheap.c.obj
                0x1000350c                ph_remove_and_free_node
 .text.runtime_init
                0x10003604       0xd8 CMakeFiles/fm_example.dir/home/pi/pico/pico-sdk/src/rp2_common/pico_runtime/runtime.c.obj
                0x10003604                runtime_init
 .text._exit    0x100036dc        0x4 CMakeFiles/fm_example.dir/home/pi/pico/pico-sdk/src/rp2_common/pico_runtime/runtime.c.obj
                0x100036dc                _exit
 .text.exit     0x100036e0        0x6 CMakeFiles/fm_example.dir/home/pi/pico/pico-sdk/src/rp2_common/pico_runtime/runtime.c.obj
                0x100036e0                exit
 *fill*         0x100036e6        0x2 
 .text.__assert_func
                0x100036e8       0x3c CMakeFiles/fm_example.dir/home/pi/pico/pico-sdk/src/rp2_common/pico_runtime/runtime.c.obj
                0x100036e8                __assert_func
 .text.panic    0x10003724       0x30 CMakeFiles/fm_example.dir/home/pi/pico/pico-sdk/src/rp2_common/pico_runtime/runtime.c.obj
                0x10003724                panic
 .text.clock_configure
                0x10003754       0xfc CMakeFiles/fm_example.dir/home/pi/pico/pico-sdk/src/rp2_common/hardware_clocks/clocks.c.obj
                0x10003754                clock_configure
 .text.clocks_init
                0x10003850      0x100 CMakeFiles/fm_example.dir/home/pi/pico/pico-sdk/src/rp2_common/hardware_clocks/clocks.c.obj
                0x10003850                clocks_init
 .text.clock_get_hz
                0x10003950        0xc CMakeFiles/fm_example.dir/home/pi/pico/pico-sdk/src/rp2_common/hardware_clocks/clocks.c.obj
                0x10003950                clock_get_hz
 .text.set_raw_irq_handler_and_unlock
                0x1000395c       0x28 CMakeFiles/fm_example.dir/home/pi/pico/pico-sdk/src/rp2_common/hardware_irq/irq.c.obj
 .text.make_branch
                0x10003984       0x34 CMakeFiles/fm_example.dir/home/pi/pico/pico-sdk/src/rp2_common/hardware_irq/irq.c.obj
 .text.insert_branch_and_link
                0x100039b8       0x40 CMakeFiles/fm_example.dir/home/pi/pico/pico-sdk/src/rp2_common/hardware_irq/irq.c.obj
 .text.irq_is_enabled
                0x100039f8       0x18 CMakeFiles/fm_example.dir/home/pi/pico/pico-sdk/src/rp2_common/hardware_irq/irq.c.obj
                0x100039f8                irq_is_enabled
 .text.irq_set_mask_enabled
                0x10003a10       0x20 CMakeFiles/fm_example.dir/home/pi/pico/pico-sdk/src/rp2_common/hardware_irq/irq.c.obj
                0x10003a10                irq_set_mask_enabled
 .text.irq_set_enabled
                0x10003a30        0xe CMakeFiles/fm_example.dir/home/pi/pico/pico-sdk/src/rp2_common/hardware_irq/irq.c.obj
                0x10003a30                irq_set_enabled
 *fill*         0x10003a3e        0x2 
 .text.irq_set_pending
                0x10003a40       0x10 CMakeFiles/fm_example.dir/home/pi/pico/pico-sdk/src/rp2_common/hardware_irq/irq.c.obj
                0x10003a40                irq_set_pending
 .text.irq_get_vtable_handler
                0x10003a50       0x10 CMakeFiles/fm_example.dir/home/pi/pico/pico-sdk/src/rp2_common/hardware_irq/irq.c.obj
                0x10003a50                irq_get_vtable_handler
 .text.irq_set_exclusive_handler
                0x10003a60       0x54 CMakeFiles/fm_example.dir/home/pi/pico/pico-sdk/src/rp2_common/hardware_irq/irq.c.obj
                0x10003a60                irq_set_exclusive_handler
 .text.irq_remove_handler
                0x10003ab4      0x1b4 CMakeFiles/fm_example.dir/home/pi/pico/pico-sdk/src/rp2_common/hardware_irq/irq.c.obj
                0x10003ab4                irq_remove_handler
 .text.irq_set_priority
                0x10003c68       0x28 CMakeFiles/fm_example.dir/home/pi/pico/pico-sdk/src/rp2_common/hardware_irq/irq.c.obj
                0x10003c68                irq_set_priority
 .text.irq_add_tail_to_free_list
                0x10003c90       0xf0 CMakeFiles/fm_example.dir/home/pi/pico/pico-sdk/src/rp2_common/hardware_irq/irq.c.obj
                0x10003c90                irq_add_tail_to_free_list
 .text.irq_init_priorities
                0x10003d80       0x16 CMakeFiles/fm_example.dir/home/pi/pico/pico-sdk/src/rp2_common/hardware_irq/irq.c.obj
                0x10003d80                irq_init_priorities
 *fill*         0x10003d96        0x2 
 .text.pll_init
                0x10003d98      0x118 CMakeFiles/fm_example.dir/home/pi/pico/pico-sdk/src/rp2_common/hardware_pll/pll.c.obj
                0x10003d98                pll_init
 .text.watchdog_start_tick
                0x10003eb0       0x10 CMakeFiles/fm_example.dir/home/pi/pico/pico-sdk/src/rp2_common/hardware_watchdog/watchdog.c.obj
                0x10003eb0                watchdog_start_tick
 .text.watchdog_update
                0x10003ec0       0x14 CMakeFiles/fm_example.dir/home/pi/pico/pico-sdk/src/rp2_common/hardware_watchdog/watchdog.c.obj
                0x10003ec0                watchdog_update
 .text._watchdog_enable
                0x10003ed4       0x6c CMakeFiles/fm_example.dir/home/pi/pico/pico-sdk/src/rp2_common/hardware_watchdog/watchdog.c.obj
                0x10003ed4                _watchdog_enable
 .text.watchdog_reboot
                0x10003f40       0x44 CMakeFiles/fm_example.dir/home/pi/pico/pico-sdk/src/rp2_common/hardware_watchdog/watchdog.c.obj
                0x10003f40                watchdog_reboot
 .text.xosc_init
                0x10003f84       0x28 CMakeFiles/fm_example.dir/home/pi/pico/pico-sdk/src/rp2_common/hardware_xosc/xosc.c.obj
                0x10003f84                xosc_init
 .text._out_buffer
                0x10003fac        0x8 CMakeFiles/fm_example.dir/home/pi/pico/pico-sdk/src/rp2_common/pico_printf/printf.c.obj
 .text._out_null
                0x10003fb4        0x2 CMakeFiles/fm_example.dir/home/pi/pico/pico-sdk/src/rp2_common/pico_printf/printf.c.obj
 .text._out_fct
                0x10003fb6        0xe CMakeFiles/fm_example.dir/home/pi/pico/pico-sdk/src/rp2_common/pico_printf/printf.c.obj
 .text._atoi    0x10003fc4       0x24 CMakeFiles/fm_example.dir/home/pi/pico/pico-sdk/src/rp2_common/pico_printf/printf.c.obj
 .text._out_rev
                0x10003fe8       0x8c CMakeFiles/fm_example.dir/home/pi/pico/pico-sdk/src/rp2_common/pico_printf/printf.c.obj
 .text._ntoa_format
                0x10004074      0x112 CMakeFiles/fm_example.dir/home/pi/pico/pico-sdk/src/rp2_common/pico_printf/printf.c.obj
 .text._ntoa_long
                0x10004186       0x9e CMakeFiles/fm_example.dir/home/pi/pico/pico-sdk/src/rp2_common/pico_printf/printf.c.obj
 .text._ntoa_long_long
                0x10004224       0xe2 CMakeFiles/fm_example.dir/home/pi/pico/pico-sdk/src/rp2_common/pico_printf/printf.c.obj
 *fill*         0x10004306        0x2 
 .text._etoa    0x10004308      0x424 CMakeFiles/fm_example.dir/home/pi/pico/pico-sdk/src/rp2_common/pico_printf/printf.c.obj
 .text._ftoa    0x1000472c      0x340 CMakeFiles/fm_example.dir/home/pi/pico/pico-sdk/src/rp2_common/pico_printf/printf.c.obj
 .text._vsnprintf
                0x10004a6c      0x640 CMakeFiles/fm_example.dir/home/pi/pico/pico-sdk/src/rp2_common/pico_printf/printf.c.obj
 .text.__wrap_sprintf
                0x100050ac       0x28 CMakeFiles/fm_example.dir/home/pi/pico/pico-sdk/src/rp2_common/pico_printf/printf.c.obj
                0x100050ac                __wrap_sprintf
 .text.vfctprintf
                0x100050d4       0x20 CMakeFiles/fm_example.dir/home/pi/pico/pico-sdk/src/rp2_common/pico_printf/printf.c.obj
                0x100050d4                vfctprintf
 .text          0x100050f4       0x10 CMakeFiles/fm_example.dir/home/pi/pico/pico-sdk/src/rp2_common/pico_bit_ops/bit_ops_aeabi.S.obj
 .text.rom_func_lookup
                0x10005104       0x10 CMakeFiles/fm_example.dir/home/pi/pico/pico-sdk/src/rp2_common/pico_bootrom/bootrom.c.obj
                0x10005104                rom_func_lookup
 .text.rom_data_lookup
                0x10005114       0x10 CMakeFiles/fm_example.dir/home/pi/pico/pico-sdk/src/rp2_common/pico_bootrom/bootrom.c.obj
                0x10005114                rom_data_lookup
 .text.rom_funcs_lookup
                0x10005124       0x36 CMakeFiles/fm_example.dir/home/pi/pico/pico-sdk/src/rp2_common/pico_bootrom/bootrom.c.obj
                0x10005124                rom_funcs_lookup
 *fill*         0x1000515a        0x2 
 .text.__wrap___aeabi_idiv
                0x1000515c       0x50 CMakeFiles/fm_example.dir/home/pi/pico/pico-sdk/src/rp2_common/pico_divider/divider.S.obj
                0x1000515c                __wrap___aeabi_idivmod
                0x1000515c                divmod_s32s32
                0x1000515c                div_s32s32
                0x1000515c                __wrap___aeabi_idiv
                0x10005164                divmod_s32s32_unsafe
                0x10005190                divmod_s32s32_savestate
 .text.__wrap___aeabi_uidiv
                0x100051ac       0x4c CMakeFiles/fm_example.dir/home/pi/pico/pico-sdk/src/rp2_common/pico_divider/divider.S.obj
                0x100051ac                __wrap___aeabi_uidiv
                0x100051ac                __wrap___aeabi_uidivmod
                0x100051ac                div_u32u32
                0x100051ac                divmod_u32u32
                0x100051b4                divmod_u32u32_unsafe
                0x100051dc                divmod_u32u32_savestate
 .text.__wrap___aeabi_ldiv
                0x100051f8      0x430 CMakeFiles/fm_example.dir/home/pi/pico/pico-sdk/src/rp2_common/pico_divider/divider.S.obj
                0x100051f8                div_s64s64
                0x100051f8                divmod_s64s64
                0x100051f8                __wrap___aeabi_ldivmod
                0x10005230                div_u64u64
                0x10005230                divmod_u64u64
                0x10005230                __wrap___aeabi_uldivmod
                0x10005240                divmod_u64u64_savestate
                0x10005268                divmod_s64s64_unsafe
                0x100052f0                divmod_u64u64_unsafe
 .text.__wrap___aeabi_darithmetic
                0x10005628       0x80 CMakeFiles/fm_example.dir/home/pi/pico/pico-sdk/src/rp2_common/pico_double/double_aeabi.S.obj
                0x10005628                __wrap___aeabi_drsub
                0x1000562e                __wrap___aeabi_dsub
                0x10005640                __wrap___aeabi_dadd
                0x10005652                __wrap___aeabi_ddiv
                0x1000568e                __wrap___aeabi_dmul
 .text.__wrap___aeabi_cdcmple
                0x100056a8       0x6c CMakeFiles/fm_example.dir/home/pi/pico/pico-sdk/src/rp2_common/pico_double/double_aeabi.S.obj
                0x100056a8                __wrap___aeabi_cdrcmple
                0x100056b8                __wrap___aeabi_cdcmple
                0x100056b8                __wrap___aeabi_cdcmpeq
 .text.__wrap___aeabi_dcmplt
                0x10005714        0xc CMakeFiles/fm_example.dir/home/pi/pico/pico-sdk/src/rp2_common/pico_double/double_aeabi.S.obj
                0x10005714                __wrap___aeabi_dcmplt
 .text.__wrap___aeabi_dcmple
                0x10005720       0x10 CMakeFiles/fm_example.dir/home/pi/pico/pico-sdk/src/rp2_common/pico_double/double_aeabi.S.obj
                0x10005720                __wrap___aeabi_dcmple
 .text.__wrap___aeabi_dcmpge
                0x10005730       0x10 CMakeFiles/fm_example.dir/home/pi/pico/pico-sdk/src/rp2_common/pico_double/double_aeabi.S.obj
                0x10005730                __wrap___aeabi_dcmpge
 .text.__wrap___aeabi_dcmpgt
                0x10005740        0xa CMakeFiles/fm_example.dir/home/pi/pico/pico-sdk/src/rp2_common/pico_double/double_aeabi.S.obj
                0x10005740                __wrap___aeabi_dcmpgt
 .text.__wrap___aeabi_dcmpun
                0x1000574a       0x1c CMakeFiles/fm_example.dir/home/pi/pico/pico-sdk/src/rp2_common/pico_double/double_aeabi.S.obj
                0x1000574a                __wrap___aeabi_dcmpun
 *fill*         0x10005766        0x2 
 .text.__wrap___aeabi_i2d
                0x10005768       0x38 CMakeFiles/fm_example.dir/home/pi/pico/pico-sdk/src/rp2_common/pico_double/double_aeabi.S.obj
                0x10005768                __wrap___aeabi_ui2d
                0x10005770                __wrap___aeabi_i2d
 .text.__wrap___aeabi_d2iz
                0x100057a0       0x48 CMakeFiles/fm_example.dir/home/pi/pico/pico-sdk/src/rp2_common/pico_double/double_aeabi.S.obj
                0x100057a0                __wrap___aeabi_d2iz
                0x100057a0                double2int_z
 .text.__wrap___aeabi_d2uiz
                0x100057e8       0x18 CMakeFiles/fm_example.dir/home/pi/pico/pico-sdk/src/rp2_common/pico_double/double_aeabi.S.obj
                0x100057e8                double2uint
                0x100057e8                __wrap___aeabi_d2uiz
 .text.__aeabi_double_init
                0x10005800       0xb8 CMakeFiles/fm_example.dir/home/pi/pico/pico-sdk/src/rp2_common/pico_double/double_init_rom.c.obj
                0x10005800                __aeabi_double_init
 .text.double_table_shim_on_use_helper
                0x100058b8       0x34 CMakeFiles/fm_example.dir/home/pi/pico/pico-sdk/src/rp2_common/pico_double/double_v1_rom_shim.S.obj
                0x100058b8                double_table_shim_on_use_helper
 .text.__wrap___aeabi_dsub
                0x100058ec       0x10 CMakeFiles/fm_example.dir/home/pi/pico/pico-sdk/src/rp2_common/pico_double/double_v1_rom_shim.S.obj
                0x100058ec                drsub_shim
                0x100058f2                dsub_shim
 .text.dadd_shim
                0x100058fc      0x15c CMakeFiles/fm_example.dir/home/pi/pico/pico-sdk/src/rp2_common/pico_double/double_v1_rom_shim.S.obj
                0x100058fc                dadd_shim
 .text.dmul_shim
                0x10005a58      0x15c CMakeFiles/fm_example.dir/home/pi/pico/pico-sdk/src/rp2_common/pico_double/double_v1_rom_shim.S.obj
                0x10005a58                dmul_shim
 .text.ddiv_shim
                0x10005bb4      0x1b0 CMakeFiles/fm_example.dir/home/pi/pico/pico-sdk/src/rp2_common/pico_double/double_v1_rom_shim.S.obj
                0x10005bb4                ddiv_shim
 .text.dcordic_rot_step
                0x10005d64       0x7c CMakeFiles/fm_example.dir/home/pi/pico/pico-sdk/src/rp2_common/pico_double/double_v1_rom_shim.S.obj
                0x10005d64                dcordic_rot_step
 .text.double2uint_shim
                0x10005de0        0xe CMakeFiles/fm_example.dir/home/pi/pico/pico-sdk/src/rp2_common/pico_double/double_v1_rom_shim.S.obj
                0x10005de0                double2uint_shim
                0x10005de2                double2ufix_shim
 *fill*         0x10005dee        0x2 
 .text.double2uint64_shim
                0x10005df0       0x6c CMakeFiles/fm_example.dir/home/pi/pico/pico-sdk/src/rp2_common/pico_double/double_v1_rom_shim.S.obj
                0x10005df0                double2uint64_shim
                0x10005df2                double2ufix64_shim
                0x10005e0c                d2fix_a
 .text.dunpacks
                0x10005e5c       0x3c CMakeFiles/fm_example.dir/home/pi/pico/pico-sdk/src/rp2_common/pico_double/double_v1_rom_shim.S.obj
                0x10005e5c                dunpacks
 .text.__aeabi_lmul
                0x10005e98       0x32 CMakeFiles/fm_example.dir/home/pi/pico/pico-sdk/src/rp2_common/pico_int64_ops/pico_int64_ops_aeabi.S.obj
                0x10005e98                __wrap___aeabi_lmul
 *fill*         0x10005eca        0x2 
 .text.__wrap___aeabi_farithmetic
                0x10005ecc       0x58 CMakeFiles/fm_example.dir/home/pi/pico/pico-sdk/src/rp2_common/pico_float/float_aeabi.S.obj
                0x10005ecc                __wrap___aeabi_frsub
                0x10005ed2                __wrap___aeabi_fsub
                0x10005edc                __wrap___aeabi_fadd
                0x10005ee6                __wrap___aeabi_fdiv
                0x10005f12                __wrap___aeabi_fmul
 .text.__wrap___aeabi_cfcmple
                0x10005f24       0x50 CMakeFiles/fm_example.dir/home/pi/pico/pico-sdk/src/rp2_common/pico_float/float_aeabi.S.obj
                0x10005f24                __wrap___aeabi_cfrcmple
                0x10005f30                __wrap___aeabi_cfcmpeq
                0x10005f30                __wrap___aeabi_cfcmple
 .text.__wrap___aeabi_fcmpeq
                0x10005f74       0x10 CMakeFiles/fm_example.dir/home/pi/pico/pico-sdk/src/rp2_common/pico_float/float_aeabi.S.obj
                0x10005f74                __wrap___aeabi_fcmpeq
 .text.__wrap___aeabi_fcmplt
                0x10005f84        0xc CMakeFiles/fm_example.dir/home/pi/pico/pico-sdk/src/rp2_common/pico_float/float_aeabi.S.obj
                0x10005f84                __wrap___aeabi_fcmplt
 .text.__wrap___aeabi_fcmpgt
                0x10005f90        0xa CMakeFiles/fm_example.dir/home/pi/pico/pico-sdk/src/rp2_common/pico_float/float_aeabi.S.obj
                0x10005f90                __wrap___aeabi_fcmpgt
 *fill*         0x10005f9a        0x2 
 .text.__wrap___aeabi_i2f
                0x10005f9c       0x44 CMakeFiles/fm_example.dir/home/pi/pico/pico-sdk/src/rp2_common/pico_float/float_aeabi.S.obj
                0x10005f9c                __wrap___aeabi_i2f
 .text.__wrap___aeabi_f2uiz
                0x10005fe0       0x10 CMakeFiles/fm_example.dir/home/pi/pico/pico-sdk/src/rp2_common/pico_float/float_aeabi.S.obj
                0x10005fe0                __wrap___aeabi_f2uiz
 .text.__wrap___aeabi_f2d
                0x10005ff0       0x14 CMakeFiles/fm_example.dir/home/pi/pico/pico-sdk/src/rp2_common/pico_float/float_aeabi.S.obj
                0x10005ff0                __wrap___aeabi_f2d
 .text.__aeabi_float_init
                0x10006004       0xfc CMakeFiles/fm_example.dir/home/pi/pico/pico-sdk/src/rp2_common/pico_float/float_init_rom.c.obj
                0x10006004                __aeabi_float_init
 .text.__wrap_roundf
                0x10006100       0x3e CMakeFiles/fm_example.dir/home/pi/pico/pico-sdk/src/rp2_common/pico_float/float_math.c.obj
                0x10006100                __wrap_roundf
 *fill*         0x1000613e        0x2 
 .text.float_table_shim_on_use_helper
                0x10006140       0x34 CMakeFiles/fm_example.dir/home/pi/pico/pico-sdk/src/rp2_common/pico_float/float_v1_rom_shim.S.obj
                0x10006140                float_table_shim_on_use_helper
 .text.float2double_shim
                0x10006174       0x30 CMakeFiles/fm_example.dir/home/pi/pico/pico-sdk/src/rp2_common/pico_float/float_v1_rom_shim.S.obj
                0x10006174                float2double_shim
 .text          0x100061a4       0x10 CMakeFiles/fm_example.dir/home/pi/pico/pico-sdk/src/rp2_common/pico_mem_ops/mem_ops_aeabi.S.obj
                0x100061a4                __aeabi_mem_init
 .text.memset   0x100061b4        0xc CMakeFiles/fm_example.dir/home/pi/pico/pico-sdk/src/rp2_common/pico_mem_ops/mem_ops_aeabi.S.obj
                0x100061b4                __wrap_memset
 .text.memcpy   0x100061c0        0xc CMakeFiles/fm_example.dir/home/pi/pico/pico-sdk/src/rp2_common/pico_mem_ops/mem_ops_aeabi.S.obj
                0x100061c0                __wrap___aeabi_memcpy
                0x100061c0                __wrap_memcpy
 .text.stdio_out_chars_crlf
                0x100061cc       0x80 CMakeFiles/fm_example.dir/home/pi/pico/pico-sdk/src/rp2_common/pico_stdio/stdio.c.obj
 .text.stdio_stack_buffer_flush
                0x1000624c       0x44 CMakeFiles/fm_example.dir/home/pi/pico/pico-sdk/src/rp2_common/pico_stdio/stdio.c.obj
 .text.stdio_buffered_printer
                0x10006290       0x20 CMakeFiles/fm_example.dir/home/pi/pico/pico-sdk/src/rp2_common/pico_stdio/stdio.c.obj
 .text.stdio_get_until
                0x100062b0       0x7c CMakeFiles/fm_example.dir/home/pi/pico/pico-sdk/src/rp2_common/pico_stdio/stdio.c.obj
 .text.stdout_serialize_begin
                0x1000632c       0x30 CMakeFiles/fm_example.dir/home/pi/pico/pico-sdk/src/rp2_common/pico_stdio/stdio.c.obj
                0x1000632c                stdout_serialize_begin
 .text.stdout_serialize_end
                0x1000635c       0x10 CMakeFiles/fm_example.dir/home/pi/pico/pico-sdk/src/rp2_common/pico_stdio/stdio.c.obj
                0x1000635c                stdout_serialize_end
 .text.stdio_put_string
                0x1000636c       0x78 CMakeFiles/fm_example.dir/home/pi/pico/pico-sdk/src/rp2_common/pico_stdio/stdio.c.obj
 .text.stdio_set_driver_enabled
                0x100063e4       0x38 CMakeFiles/fm_example.dir/home/pi/pico/pico-sdk/src/rp2_common/pico_stdio/stdio.c.obj
                0x100063e4                stdio_set_driver_enabled
 .text.stdio_flush
                0x1000641c       0x20 CMakeFiles/fm_example.dir/home/pi/pico/pico-sdk/src/rp2_common/pico_stdio/stdio.c.obj
                0x1000641c                stdio_flush
 .text.__wrap_puts
                0x1000643c       0x1c CMakeFiles/fm_example.dir/home/pi/pico/pico-sdk/src/rp2_common/pico_stdio/stdio.c.obj
                0x1000643c                __wrap_puts
 .text.__wrap_vprintf
                0x10006458       0x44 CMakeFiles/fm_example.dir/home/pi/pico/pico-sdk/src/rp2_common/pico_stdio/stdio.c.obj
                0x10006458                __wrap_vprintf
 .text.__wrap_printf
                0x1000649c       0x18 CMakeFiles/fm_example.dir/home/pi/pico/pico-sdk/src/rp2_common/pico_stdio/stdio.c.obj
                0x1000649c                __wrap_printf
 .text.stdio_init_all
                0x100064b4        0xc CMakeFiles/fm_example.dir/home/pi/pico/pico-sdk/src/rp2_common/pico_stdio/stdio.c.obj
                0x100064b4                stdio_init_all
 .text.getchar_timeout_us
                0x100064c0       0x80 CMakeFiles/fm_example.dir/home/pi/pico/pico-sdk/src/rp2_common/pico_stdio/stdio.c.obj
                0x100064c0                getchar_timeout_us
 .text.stdio_uart_out_chars
                0x10006540       0x70 CMakeFiles/fm_example.dir/home/pi/pico/pico-sdk/src/rp2_common/pico_stdio_uart/stdio_uart.c.obj
 .text.stdio_uart_in_chars
                0x100065b0       0x50 CMakeFiles/fm_example.dir/home/pi/pico/pico-sdk/src/rp2_common/pico_stdio_uart/stdio_uart.c.obj
                0x100065b0                stdio_uart_in_chars
 .text.stdio_uart_init_full
                0x10006600       0x3c CMakeFiles/fm_example.dir/home/pi/pico/pico-sdk/src/rp2_common/pico_stdio_uart/stdio_uart.c.obj
                0x10006600                stdio_uart_init_full
 .text.stdio_uart_init
                0x1000663c       0x28 CMakeFiles/fm_example.dir/home/pi/pico/pico-sdk/src/rp2_common/pico_stdio_uart/stdio_uart.c.obj
                0x1000663c                stdio_uart_init
 .text.resetd_init
                0x10006664        0x2 CMakeFiles/fm_example.dir/home/pi/pico/pico-sdk/src/rp2_common/pico_stdio_usb/reset_interface.c.obj
 *fill*         0x10006666        0x2 
 .text.resetd_reset
                0x10006668        0xc CMakeFiles/fm_example.dir/home/pi/pico/pico-sdk/src/rp2_common/pico_stdio_usb/reset_interface.c.obj
 .text.resetd_open
                0x10006674       0x34 CMakeFiles/fm_example.dir/home/pi/pico/pico-sdk/src/rp2_common/pico_stdio_usb/reset_interface.c.obj
 .text.resetd_xfer_cb
                0x100066a8        0x4 CMakeFiles/fm_example.dir/home/pi/pico/pico-sdk/src/rp2_common/pico_stdio_usb/reset_interface.c.obj
 .text.resetd_control_xfer_cb
                0x100066ac       0x6c CMakeFiles/fm_example.dir/home/pi/pico/pico-sdk/src/rp2_common/pico_stdio_usb/reset_interface.c.obj
 .text.usbd_app_driver_get_cb
                0x10006718        0xc CMakeFiles/fm_example.dir/home/pi/pico/pico-sdk/src/rp2_common/pico_stdio_usb/reset_interface.c.obj
                0x10006718                usbd_app_driver_get_cb
 .text.tud_cdc_line_coding_cb
                0x10006724       0x34 CMakeFiles/fm_example.dir/home/pi/pico/pico-sdk/src/rp2_common/pico_stdio_usb/reset_interface.c.obj
                0x10006724                tud_cdc_line_coding_cb
 .text.stdio_usb_in_chars
                0x10006758       0x70 CMakeFiles/fm_example.dir/home/pi/pico/pico-sdk/src/rp2_common/pico_stdio_usb/stdio_usb.c.obj
                0x10006758                stdio_usb_in_chars
 .text.low_priority_worker_irq
                0x100067c8       0x20 CMakeFiles/fm_example.dir/home/pi/pico/pico-sdk/src/rp2_common/pico_stdio_usb/stdio_usb.c.obj
 .text.stdio_usb_out_chars
                0x100067e8       0xd4 CMakeFiles/fm_example.dir/home/pi/pico/pico-sdk/src/rp2_common/pico_stdio_usb/stdio_usb.c.obj
 .text.timer_task
                0x100068bc       0x10 CMakeFiles/fm_example.dir/home/pi/pico/pico-sdk/src/rp2_common/pico_stdio_usb/stdio_usb.c.obj
 .text.stdio_usb_init
                0x100068cc       0xb4 CMakeFiles/fm_example.dir/home/pi/pico/pico-sdk/src/rp2_common/pico_stdio_usb/stdio_usb.c.obj
                0x100068cc                stdio_usb_init
 .text.tud_descriptor_device_cb
                0x10006980        0x8 CMakeFiles/fm_example.dir/home/pi/pico/pico-sdk/src/rp2_common/pico_stdio_usb/stdio_usb_descriptors.c.obj
                0x10006980                tud_descriptor_device_cb
 .text.tud_descriptor_configuration_cb
                0x10006988        0x8 CMakeFiles/fm_example.dir/home/pi/pico/pico-sdk/src/rp2_common/pico_stdio_usb/stdio_usb_descriptors.c.obj
                0x10006988                tud_descriptor_configuration_cb
 .text.tud_descriptor_string_cb
                0x10006990       0x68 CMakeFiles/fm_example.dir/home/pi/pico/pico-sdk/src/rp2_common/pico_stdio_usb/stdio_usb_descriptors.c.obj
                0x10006990                tud_descriptor_string_cb
 .text.hw_endpoint_get_by_addr
                0x100069f8       0x18 CMakeFiles/fm_example.dir/home/pi/pico/pico-sdk/lib/tinyusb/src/portable/raspberrypi/rp2040/dcd_rp2040.c.obj
 .text.reset_ep0
                0x10006a10       0x2c CMakeFiles/fm_example.dir/home/pi/pico/pico-sdk/lib/tinyusb/src/portable/raspberrypi/rp2040/dcd_rp2040.c.obj
 .text._hw_endpoint_alloc
                0x10006a3c       0x80 CMakeFiles/fm_example.dir/home/pi/pico/pico-sdk/lib/tinyusb/src/portable/raspberrypi/rp2040/dcd_rp2040.c.obj
 .text._hw_endpoint_init
                0x10006abc       0xbc CMakeFiles/fm_example.dir/home/pi/pico/pico-sdk/lib/tinyusb/src/portable/raspberrypi/rp2040/dcd_rp2040.c.obj
 .text.hw_endpoint_init
                0x10006b78       0x18 CMakeFiles/fm_example.dir/home/pi/pico/pico-sdk/lib/tinyusb/src/portable/raspberrypi/rp2040/dcd_rp2040.c.obj
 .text.hw_handle_buff_status
                0x10006b90       0xb4 CMakeFiles/fm_example.dir/home/pi/pico/pico-sdk/lib/tinyusb/src/portable/raspberrypi/rp2040/dcd_rp2040.c.obj
 .text.dcd_rp2040_irq
                0x10006c44       0xa4 CMakeFiles/fm_example.dir/home/pi/pico/pico-sdk/lib/tinyusb/src/portable/raspberrypi/rp2040/dcd_rp2040.c.obj
 .text.hw_endpoint_xfer
                0x10006ce8       0x18 CMakeFiles/fm_example.dir/home/pi/pico/pico-sdk/lib/tinyusb/src/portable/raspberrypi/rp2040/dcd_rp2040.c.obj
 .text.ep0_0len_status
                0x10006d00       0x14 CMakeFiles/fm_example.dir/home/pi/pico/pico-sdk/lib/tinyusb/src/portable/raspberrypi/rp2040/dcd_rp2040.c.obj
 .text._hw_endpoint_stall
                0x10006d14       0x54 CMakeFiles/fm_example.dir/home/pi/pico/pico-sdk/lib/tinyusb/src/portable/raspberrypi/rp2040/dcd_rp2040.c.obj
 .text.hw_endpoint_stall
                0x10006d68        0xc CMakeFiles/fm_example.dir/home/pi/pico/pico-sdk/lib/tinyusb/src/portable/raspberrypi/rp2040/dcd_rp2040.c.obj
 .text._hw_endpoint_clear_stall
                0x10006d74       0x34 CMakeFiles/fm_example.dir/home/pi/pico/pico-sdk/lib/tinyusb/src/portable/raspberrypi/rp2040/dcd_rp2040.c.obj
 .text.hw_endpoint_clear_stall
                0x10006da8        0xc CMakeFiles/fm_example.dir/home/pi/pico/pico-sdk/lib/tinyusb/src/portable/raspberrypi/rp2040/dcd_rp2040.c.obj
 .text.dcd_int_enable
                0x10006db4       0x2c CMakeFiles/fm_example.dir/home/pi/pico/pico-sdk/lib/tinyusb/src/portable/raspberrypi/rp2040/dcd_rp2040.c.obj
                0x10006db4                dcd_int_enable
 .text.dcd_set_address
                0x10006de0       0x28 CMakeFiles/fm_example.dir/home/pi/pico/pico-sdk/lib/tinyusb/src/portable/raspberrypi/rp2040/dcd_rp2040.c.obj
                0x10006de0                dcd_set_address
 .text.dcd_connect
                0x10006e08       0x30 CMakeFiles/fm_example.dir/home/pi/pico/pico-sdk/lib/tinyusb/src/portable/raspberrypi/rp2040/dcd_rp2040.c.obj
                0x10006e08                dcd_connect
 .text.dcd_init
                0x10006e38       0x84 CMakeFiles/fm_example.dir/home/pi/pico/pico-sdk/lib/tinyusb/src/portable/raspberrypi/rp2040/dcd_rp2040.c.obj
                0x10006e38                dcd_init
 .text.dcd_edpt0_status_complete
                0x10006ebc       0x40 CMakeFiles/fm_example.dir/home/pi/pico/pico-sdk/lib/tinyusb/src/portable/raspberrypi/rp2040/dcd_rp2040.c.obj
                0x10006ebc                dcd_edpt0_status_complete
 .text.dcd_edpt_open
                0x10006efc       0x40 CMakeFiles/fm_example.dir/home/pi/pico/pico-sdk/lib/tinyusb/src/portable/raspberrypi/rp2040/dcd_rp2040.c.obj
                0x10006efc                dcd_edpt_open
 .text.dcd_edpt_xfer
                0x10006f3c       0x34 CMakeFiles/fm_example.dir/home/pi/pico/pico-sdk/lib/tinyusb/src/portable/raspberrypi/rp2040/dcd_rp2040.c.obj
                0x10006f3c                dcd_edpt_xfer
 .text.dcd_edpt_stall
                0x10006f70       0x28 CMakeFiles/fm_example.dir/home/pi/pico/pico-sdk/lib/tinyusb/src/portable/raspberrypi/rp2040/dcd_rp2040.c.obj
                0x10006f70                dcd_edpt_stall
 .text.dcd_edpt_clear_stall
                0x10006f98       0x2c CMakeFiles/fm_example.dir/home/pi/pico/pico-sdk/lib/tinyusb/src/portable/raspberrypi/rp2040/dcd_rp2040.c.obj
                0x10006f98                dcd_edpt_clear_stall
 .text.rp2040_usb_init
                0x10006fc4       0x50 CMakeFiles/fm_example.dir/home/pi/pico/pico-sdk/lib/tinyusb/src/portable/raspberrypi/rp2040/rp2040_usb.c.obj
                0x10006fc4                rp2040_usb_init
 .text.hw_endpoint_reset_transfer
                0x10007014       0x10 CMakeFiles/fm_example.dir/home/pi/pico/pico-sdk/lib/tinyusb/src/portable/raspberrypi/rp2040/rp2040_usb.c.obj
                0x10007014                hw_endpoint_reset_transfer
 .text._hw_endpoint_buffer_control_update32
                0x10007024       0x58 CMakeFiles/fm_example.dir/home/pi/pico/pico-sdk/lib/tinyusb/src/portable/raspberrypi/rp2040/rp2040_usb.c.obj
                0x10007024                _hw_endpoint_buffer_control_update32
 .text._hw_endpoint_start_next_buffer
                0x1000707c       0x50 CMakeFiles/fm_example.dir/home/pi/pico/pico-sdk/lib/tinyusb/src/portable/raspberrypi/rp2040/rp2040_usb.c.obj
                0x1000707c                _hw_endpoint_start_next_buffer
 .text._hw_endpoint_xfer_start
                0x100070cc       0x3e CMakeFiles/fm_example.dir/home/pi/pico/pico-sdk/lib/tinyusb/src/portable/raspberrypi/rp2040/rp2040_usb.c.obj
                0x100070cc                _hw_endpoint_xfer_start
 *fill*         0x1000710a        0x2 
 .text._hw_endpoint_xfer_sync
                0x1000710c       0x74 CMakeFiles/fm_example.dir/home/pi/pico/pico-sdk/lib/tinyusb/src/portable/raspberrypi/rp2040/rp2040_usb.c.obj
                0x1000710c                _hw_endpoint_xfer_sync
 .text._hw_endpoint_xfer_continue
                0x10007180       0x60 CMakeFiles/fm_example.dir/home/pi/pico/pico-sdk/lib/tinyusb/src/portable/raspberrypi/rp2040/rp2040_usb.c.obj
                0x10007180                _hw_endpoint_xfer_continue
 .text._hw_endpoint_xfer
                0x100071e0       0x34 CMakeFiles/fm_example.dir/home/pi/pico/pico-sdk/lib/tinyusb/src/portable/raspberrypi/rp2040/rp2040_usb.c.obj
                0x100071e0                _hw_endpoint_xfer
 .text.mark_interface_endpoint
                0x10007214       0x2a CMakeFiles/fm_example.dir/home/pi/pico/pico-sdk/lib/tinyusb/src/device/usbd.c.obj
 *fill*         0x1000723e        0x2 
 .text.usbd_reset
                0x10007240       0x8c CMakeFiles/fm_example.dir/home/pi/pico/pico-sdk/lib/tinyusb/src/device/usbd.c.obj
 .text.invoke_class_control
                0x100072cc       0x1a CMakeFiles/fm_example.dir/home/pi/pico/pico-sdk/lib/tinyusb/src/device/usbd.c.obj
 *fill*         0x100072e6        0x2 
 .text.process_set_config
                0x100072e8      0x1d8 CMakeFiles/fm_example.dir/home/pi/pico/pico-sdk/lib/tinyusb/src/device/usbd.c.obj
 .text.process_get_descriptor
                0x100074c0      0x104 CMakeFiles/fm_example.dir/home/pi/pico/pico-sdk/lib/tinyusb/src/device/usbd.c.obj
 .text.tud_mounted
                0x100075c4       0x10 CMakeFiles/fm_example.dir/home/pi/pico/pico-sdk/lib/tinyusb/src/device/usbd.c.obj
                0x100075c4                tud_mounted
 .text.tud_suspended
                0x100075d4       0x10 CMakeFiles/fm_example.dir/home/pi/pico/pico-sdk/lib/tinyusb/src/device/usbd.c.obj
                0x100075d4                tud_suspended
 .text.tud_inited
                0x100075e4        0xc CMakeFiles/fm_example.dir/home/pi/pico/pico-sdk/lib/tinyusb/src/device/usbd.c.obj
                0x100075e4                tud_inited
 .text.tud_init
                0x100075f0       0xd0 CMakeFiles/fm_example.dir/home/pi/pico/pico-sdk/lib/tinyusb/src/device/usbd.c.obj
                0x100075f0                tud_init
 .text.dcd_event_handler
                0x100076c0      0x178 CMakeFiles/fm_example.dir/home/pi/pico/pico-sdk/lib/tinyusb/src/device/usbd.c.obj
                0x100076c0                dcd_event_handler
 .text.dcd_event_bus_signal
                0x10007838       0x28 CMakeFiles/fm_example.dir/home/pi/pico/pico-sdk/lib/tinyusb/src/device/usbd.c.obj
                0x10007838                dcd_event_bus_signal
 .text.dcd_event_bus_reset
                0x10007860       0x2c CMakeFiles/fm_example.dir/home/pi/pico/pico-sdk/lib/tinyusb/src/device/usbd.c.obj
                0x10007860                dcd_event_bus_reset
 .text.dcd_event_setup_received
                0x1000788c       0x34 CMakeFiles/fm_example.dir/home/pi/pico/pico-sdk/lib/tinyusb/src/device/usbd.c.obj
                0x1000788c                dcd_event_setup_received
 .text.dcd_event_xfer_complete
                0x100078c0       0x46 CMakeFiles/fm_example.dir/home/pi/pico/pico-sdk/lib/tinyusb/src/device/usbd.c.obj
                0x100078c0                dcd_event_xfer_complete
 *fill*         0x10007906        0x2 
 .text.usbd_edpt_open
                0x10007908       0xe0 CMakeFiles/fm_example.dir/home/pi/pico/pico-sdk/lib/tinyusb/src/device/usbd.c.obj
                0x10007908                usbd_edpt_open
 .text.usbd_open_edpt_pair
                0x100079e8       0x84 CMakeFiles/fm_example.dir/home/pi/pico/pico-sdk/lib/tinyusb/src/device/usbd.c.obj
                0x100079e8                usbd_open_edpt_pair
 .text.usbd_edpt_claim
                0x10007a6c       0x88 CMakeFiles/fm_example.dir/home/pi/pico/pico-sdk/lib/tinyusb/src/device/usbd.c.obj
                0x10007a6c                usbd_edpt_claim
 .text.usbd_edpt_release
                0x10007af4       0x68 CMakeFiles/fm_example.dir/home/pi/pico/pico-sdk/lib/tinyusb/src/device/usbd.c.obj
                0x10007af4                usbd_edpt_release
 .text.usbd_edpt_xfer
                0x10007b5c       0x80 CMakeFiles/fm_example.dir/home/pi/pico/pico-sdk/lib/tinyusb/src/device/usbd.c.obj
                0x10007b5c                usbd_edpt_xfer
 .text.usbd_edpt_stall
                0x10007bdc       0x2c CMakeFiles/fm_example.dir/home/pi/pico/pico-sdk/lib/tinyusb/src/device/usbd.c.obj
                0x10007bdc                usbd_edpt_stall
 .text.usbd_edpt_clear_stall
                0x10007c08       0x2c CMakeFiles/fm_example.dir/home/pi/pico/pico-sdk/lib/tinyusb/src/device/usbd.c.obj
                0x10007c08                usbd_edpt_clear_stall
 .text.usbd_edpt_stalled
                0x10007c34       0x1c CMakeFiles/fm_example.dir/home/pi/pico/pico-sdk/lib/tinyusb/src/device/usbd.c.obj
                0x10007c34                usbd_edpt_stalled
 .text.process_control_request
                0x10007c50      0x380 CMakeFiles/fm_example.dir/home/pi/pico/pico-sdk/lib/tinyusb/src/device/usbd.c.obj
 .text.tud_task
                0x10007fd0      0x208 CMakeFiles/fm_example.dir/home/pi/pico/pico-sdk/lib/tinyusb/src/device/usbd.c.obj
                0x10007fd0                tud_task
 .text._data_stage_xact
                0x100081d8       0x58 CMakeFiles/fm_example.dir/home/pi/pico/pico-sdk/lib/tinyusb/src/device/usbd_control.c.obj
 .text.tud_control_status
                0x10008230       0x38 CMakeFiles/fm_example.dir/home/pi/pico/pico-sdk/lib/tinyusb/src/device/usbd_control.c.obj
                0x10008230                tud_control_status
 .text.tud_control_xfer
                0x10008268       0xa4 CMakeFiles/fm_example.dir/home/pi/pico/pico-sdk/lib/tinyusb/src/device/usbd_control.c.obj
                0x10008268                tud_control_xfer
 .text.usbd_control_reset
                0x1000830c       0x14 CMakeFiles/fm_example.dir/home/pi/pico/pico-sdk/lib/tinyusb/src/device/usbd_control.c.obj
                0x1000830c                usbd_control_reset
 .text.usbd_control_set_complete_callback
                0x10008320        0xc CMakeFiles/fm_example.dir/home/pi/pico/pico-sdk/lib/tinyusb/src/device/usbd_control.c.obj
                0x10008320                usbd_control_set_complete_callback
 .text.usbd_control_set_request
                0x1000832c       0x1c CMakeFiles/fm_example.dir/home/pi/pico/pico-sdk/lib/tinyusb/src/device/usbd_control.c.obj
                0x1000832c                usbd_control_set_request
 .text.usbd_control_xfer_cb
                0x10008348      0x100 CMakeFiles/fm_example.dir/home/pi/pico/pico-sdk/lib/tinyusb/src/device/usbd_control.c.obj
                0x10008348                usbd_control_xfer_cb
 .text._prep_out_transaction
                0x10008448       0x46 CMakeFiles/fm_example.dir/home/pi/pico/pico-sdk/lib/tinyusb/src/class/cdc/cdc_device.c.obj
 *fill*         0x1000848e        0x2 
 .text.tud_cdc_n_connected
                0x10008490       0x44 CMakeFiles/fm_example.dir/home/pi/pico/pico-sdk/lib/tinyusb/src/class/cdc/cdc_device.c.obj
                0x10008490                tud_cdc_n_connected
 .text.tud_cdc_n_available
                0x100084d4       0x1c CMakeFiles/fm_example.dir/home/pi/pico/pico-sdk/lib/tinyusb/src/class/cdc/cdc_device.c.obj
                0x100084d4                tud_cdc_n_available
 .text.tud_cdc_n_read
                0x100084f0       0x28 CMakeFiles/fm_example.dir/home/pi/pico/pico-sdk/lib/tinyusb/src/class/cdc/cdc_device.c.obj
                0x100084f0                tud_cdc_n_read
 .text.tud_cdc_n_write_flush
                0x10008518       0xcc CMakeFiles/fm_example.dir/home/pi/pico/pico-sdk/lib/tinyusb/src/class/cdc/cdc_device.c.obj
                0x10008518                tud_cdc_n_write_flush
 .text.tud_cdc_n_write
                0x100085e4       0x38 CMakeFiles/fm_example.dir/home/pi/pico/pico-sdk/lib/tinyusb/src/class/cdc/cdc_device.c.obj
                0x100085e4                tud_cdc_n_write
 .text.tud_cdc_n_write_available
                0x1000861c       0x1c CMakeFiles/fm_example.dir/home/pi/pico/pico-sdk/lib/tinyusb/src/class/cdc/cdc_device.c.obj
                0x1000861c                tud_cdc_n_write_available
 .text.cdcd_init
                0x10008638       0xb8 CMakeFiles/fm_example.dir/home/pi/pico/pico-sdk/lib/tinyusb/src/class/cdc/cdc_device.c.obj
                0x10008638                cdcd_init
 .text.cdcd_reset
                0x100086f0       0x44 CMakeFiles/fm_example.dir/home/pi/pico/pico-sdk/lib/tinyusb/src/class/cdc/cdc_device.c.obj
                0x100086f0                cdcd_reset
 .text.cdcd_open
                0x10008734      0x10c CMakeFiles/fm_example.dir/home/pi/pico/pico-sdk/lib/tinyusb/src/class/cdc/cdc_device.c.obj
                0x10008734                cdcd_open
 .text.cdcd_control_xfer_cb
                0x10008840      0x12c CMakeFiles/fm_example.dir/home/pi/pico/pico-sdk/lib/tinyusb/src/class/cdc/cdc_device.c.obj
                0x10008840                cdcd_control_xfer_cb
 .text.cdcd_xfer_cb
                0x1000896c      0x13c CMakeFiles/fm_example.dir/home/pi/pico/pico-sdk/lib/tinyusb/src/class/cdc/cdc_device.c.obj
                0x1000896c                cdcd_xfer_cb
 .text.tusb_init
                0x10008aa8       0x24 CMakeFiles/fm_example.dir/home/pi/pico/pico-sdk/lib/tinyusb/src/tusb.c.obj
                0x10008aa8                tusb_init
 .text.tusb_inited
                0x10008acc        0xe CMakeFiles/fm_example.dir/home/pi/pico/pico-sdk/lib/tinyusb/src/tusb.c.obj
                0x10008acc                tusb_inited
 .text.advance_pointer
                0x10008ada       0x20 CMakeFiles/fm_example.dir/home/pi/pico/pico-sdk/lib/tinyusb/src/common/tusb_fifo.c.obj
 .text.backward_pointer
                0x10008afa       0x20 CMakeFiles/fm_example.dir/home/pi/pico/pico-sdk/lib/tinyusb/src/common/tusb_fifo.c.obj
 .text.get_relative_pointer
                0x10008b1a       0x10 CMakeFiles/fm_example.dir/home/pi/pico/pico-sdk/lib/tinyusb/src/common/tusb_fifo.c.obj
 .text._tu_fifo_peek
                0x10008b2a       0x4c CMakeFiles/fm_example.dir/home/pi/pico/pico-sdk/lib/tinyusb/src/common/tusb_fifo.c.obj
 .text._ff_pull_const_addr
                0x10008b76       0x46 CMakeFiles/fm_example.dir/home/pi/pico/pico-sdk/lib/tinyusb/src/common/tusb_fifo.c.obj
 .text._ff_pull_n
                0x10008bbc       0xfe CMakeFiles/fm_example.dir/home/pi/pico/pico-sdk/lib/tinyusb/src/common/tusb_fifo.c.obj
 .text._tu_fifo_peek_n
                0x10008cba       0x5e CMakeFiles/fm_example.dir/home/pi/pico/pico-sdk/lib/tinyusb/src/common/tusb_fifo.c.obj
 .text._tu_fifo_read_n
                0x10008d18       0x4e CMakeFiles/fm_example.dir/home/pi/pico/pico-sdk/lib/tinyusb/src/common/tusb_fifo.c.obj
 .text._ff_push_const_addr
                0x10008d66       0x3a CMakeFiles/fm_example.dir/home/pi/pico/pico-sdk/lib/tinyusb/src/common/tusb_fifo.c.obj
 .text._ff_push_n
                0x10008da0       0xfa CMakeFiles/fm_example.dir/home/pi/pico/pico-sdk/lib/tinyusb/src/common/tusb_fifo.c.obj
 .text._tu_fifo_write_n
                0x10008e9a       0x9e CMakeFiles/fm_example.dir/home/pi/pico/pico-sdk/lib/tinyusb/src/common/tusb_fifo.c.obj
 .text.tu_fifo_config
                0x10008f38       0x72 CMakeFiles/fm_example.dir/home/pi/pico/pico-sdk/lib/tinyusb/src/common/tusb_fifo.c.obj
                0x10008f38                tu_fifo_config
 .text.tu_fifo_count
                0x10008faa       0x24 CMakeFiles/fm_example.dir/home/pi/pico/pico-sdk/lib/tinyusb/src/common/tusb_fifo.c.obj
                0x10008faa                tu_fifo_count
 .text.tu_fifo_empty
                0x10008fce        0xe CMakeFiles/fm_example.dir/home/pi/pico/pico-sdk/lib/tinyusb/src/common/tusb_fifo.c.obj
                0x10008fce                tu_fifo_empty
 .text.tu_fifo_remaining
                0x10008fdc       0x20 CMakeFiles/fm_example.dir/home/pi/pico/pico-sdk/lib/tinyusb/src/common/tusb_fifo.c.obj
                0x10008fdc                tu_fifo_remaining
 .text.tu_fifo_read
                0x10008ffc       0x42 CMakeFiles/fm_example.dir/home/pi/pico/pico-sdk/lib/tinyusb/src/common/tusb_fifo.c.obj
                0x10008ffc                tu_fifo_read
 .text.tu_fifo_read_n
                0x1000903e        0xa CMakeFiles/fm_example.dir/home/pi/pico/pico-sdk/lib/tinyusb/src/common/tusb_fifo.c.obj
                0x1000903e                tu_fifo_read_n
 .text.tu_fifo_write
                0x10009048       0x6c CMakeFiles/fm_example.dir/home/pi/pico/pico-sdk/lib/tinyusb/src/common/tusb_fifo.c.obj
                0x10009048                tu_fifo_write
 .text.tu_fifo_write_n
                0x100090b4        0xa CMakeFiles/fm_example.dir/home/pi/pico/pico-sdk/lib/tinyusb/src/common/tusb_fifo.c.obj
                0x100090b4                tu_fifo_write_n
 .text.tu_fifo_clear
                0x100090be       0x4c CMakeFiles/fm_example.dir/home/pi/pico/pico-sdk/lib/tinyusb/src/common/tusb_fifo.c.obj
                0x100090be                tu_fifo_clear
 .text.tu_fifo_set_overwritable
                0x1000910a       0x3c CMakeFiles/fm_example.dir/home/pi/pico/pico-sdk/lib/tinyusb/src/common/tusb_fifo.c.obj
                0x1000910a                tu_fifo_set_overwritable
 *fill*         0x10009146        0x2 
 .text._retrieve_unique_id_on_boot
                0x10009148       0x10 CMakeFiles/fm_example.dir/home/pi/pico/pico-sdk/src/rp2_common/pico_unique_id/unique_id.c.obj
 .text.pico_get_unique_board_id_string
                0x10009158       0x60 CMakeFiles/fm_example.dir/home/pi/pico/pico-sdk/src/rp2_common/pico_unique_id/unique_id.c.obj
                0x10009158                pico_get_unique_board_id_string
 .text.flash_get_unique_id
                0x100091b8       0x40 CMakeFiles/fm_example.dir/home/pi/pico/pico-sdk/src/rp2_common/hardware_flash/flash.c.obj
                0x100091b8                flash_get_unique_id
 .text.I2CInit  0x100091f8       0x54 CMakeFiles/fm_example.dir/pico-ss-oled/BitBang_I2C.c.obj
                0x100091f8                I2CInit
 .text.I2CTest  0x1000924c       0x1c CMakeFiles/fm_example.dir/pico-ss-oled/BitBang_I2C.c.obj
                0x1000924c                I2CTest
 .text.I2CWrite
                0x10009268       0x20 CMakeFiles/fm_example.dir/pico-ss-oled/BitBang_I2C.c.obj
                0x10009268                I2CWrite
 .text.I2CReadRegister
                0x10009288       0x3a CMakeFiles/fm_example.dir/pico-ss-oled/BitBang_I2C.c.obj
                0x10009288                I2CReadRegister
 .text._I2CWrite
                0x100092c2       0x12 CMakeFiles/fm_example.dir/pico-ss-oled/ss_oled.c.obj
 .text.__oledWriteCommand2
                0x100092d4       0x1a CMakeFiles/fm_example.dir/pico-ss-oled/ss_oled.c.obj
 .text.__oledSetPosition
                0x100092ee       0x6e CMakeFiles/fm_example.dir/pico-ss-oled/ss_oled.c.obj
 .text.__oledWriteDataBlock
                0x1000935c       0x50 CMakeFiles/fm_example.dir/pico-ss-oled/ss_oled.c.obj
 .text.__oledInit
                0x100093ac      0x1c8 CMakeFiles/fm_example.dir/pico-ss-oled/ss_oled.c.obj
                0x100093ac                __oledInit
 .text.__oledSetContrast
                0x10009574        0xc CMakeFiles/fm_example.dir/pico-ss-oled/ss_oled.c.obj
                0x10009574                __oledSetContrast
 .text.__InvertBytes
                0x10009580       0x16 CMakeFiles/fm_example.dir/pico-ss-oled/ss_oled.c.obj
                0x10009580                __InvertBytes
 *fill*         0x10009596        0x2 
 .text.__oledWriteString
                0x10009598      0x7e8 CMakeFiles/fm_example.dir/pico-ss-oled/ss_oled.c.obj
                0x10009598                __oledWriteString
 .text.__oledFill
                0x10009d80       0x86 CMakeFiles/fm_example.dir/pico-ss-oled/ss_oled.c.obj
                0x10009d80                __oledFill
 .text.__oledSetBackBuffer
                0x10009e06        0x4 CMakeFiles/fm_example.dir/pico-ss-oled/ss_oled.c.obj
                0x10009e06                __oledSetBackBuffer
 *fill*         0x10009e0a        0x2 
 .text.adc_init
                0x10009e0c       0x34 CMakeFiles/fm_example.dir/home/pi/pico/pico-sdk/src/rp2_common/hardware_adc/adc.c.obj
                0x10009e0c                adc_init
 .text          0x10009e40       0x64 /usr/lib/gcc/arm-none-eabi/7.3.1/../../../arm-none-eabi/lib/thumb/v6-m/libg.a(lib_a-strlen-stub.o)
                0x10009e40                strlen
 *(.fini)
 .fini          0x10009ea4        0x4 /usr/lib/gcc/arm-none-eabi/7.3.1/thumb/v6-m/crti.o
                0x10009ea4                _fini
 .fini.__stub   0x10009ea8       0x70 linker stubs
 *crtbegin.o(.ctors)
 *crtbegin?.o(.ctors)
 *(EXCLUDE_FILE(*crtend.o *crtend?.o) .ctors)
 *(SORT_BY_NAME(.ctors.*))
 *(.ctors)
 *crtbegin.o(.dtors)
 *crtbegin?.o(.dtors)
 *(EXCLUDE_FILE(*crtend.o *crtend?.o) .dtors)
 *(SORT_BY_NAME(.dtors.*))
 *(.dtors)
 *(.eh_frame*)
 .eh_frame      0x10009f18        0x0 /usr/lib/gcc/arm-none-eabi/7.3.1/thumb/v6-m/crtbegin.o
                0x10009f18                . = ALIGN (0x4)

.glue_7         0x10009f18        0x0
 .glue_7        0x10009f18        0x0 linker stubs

.glue_7t        0x10009f18        0x0
 .glue_7t       0x10009f18        0x0 linker stubs

.vfp11_veneer   0x10009f18        0x0
 .vfp11_veneer  0x10009f18        0x0 linker stubs

.v4_bx          0x10009f18        0x0
 .v4_bx         0x10009f18        0x0 linker stubs

.iplt           0x10009f18        0x0
 .iplt          0x10009f18        0x0 /usr/lib/gcc/arm-none-eabi/7.3.1/thumb/v6-m/crtbegin.o

.rodata         0x10009f18     0x3b78
 *(EXCLUDE_FILE(*libm.a: *libc.a:*lib_a-mem*.o *libgcc.a:) .rodata*)
 .rodata        0x10009f18        0x3 CMakeFiles/fm_example.dir/fm_example.cpp.obj
 *fill*         0x10009f1b        0x1 
 .rodata._ZL10print_helpv.str1.4
                0x10009f1c      0x181 CMakeFiles/fm_example.dir/fm_example.cpp.obj
                                0x185 (size before relaxing)
 *fill*         0x1000a09d        0x3 
 .rodata._ZL13set_frequencyf.str1.4
                0x1000a0a0       0x12 CMakeFiles/fm_example.dir/fm_example.cpp.obj
                                 0x1e (size before relaxing)
 *fill*         0x1000a0b2        0x2 
 .rodata._ZL14print_rds_infov.str1.4
                0x1000a0b4       0x35 CMakeFiles/fm_example.dir/fm_example.cpp.obj
 *fill*         0x1000a0e9        0x3 
 .rodata._ZL15STATION_PRESETS
                0x1000a0ec       0x18 CMakeFiles/fm_example.dir/fm_example.cpp.obj
 .rodata._ZL18print_station_infov.str1.4
                0x1000a104       0x20 CMakeFiles/fm_example.dir/fm_example.cpp.obj
 .rodata._ZL4loopv.str1.4
                0x1000a124       0xb5 CMakeFiles/fm_example.dir/fm_example.cpp.obj
 *fill*         0x1000a1d9        0x3 
 .rodata._ZL4seek19fm_seek_direction_t.str1.4
                0x1000a1dc       0x91 CMakeFiles/fm_example.dir/fm_example.cpp.obj
 *fill*         0x1000a26d        0x3 
 .rodata.main.str1.4
                0x1000a270       0x2d CMakeFiles/fm_example.dir/fm_example.cpp.obj
 *fill*         0x1000a29d        0x3 
 .rodata.__func__.6064
                0x1000a2a0       0x12 CMakeFiles/fm_example.dir/fm_rda5807/fm_rda5807.c.obj
 *fill*         0x1000a2b2        0x2 
 .rodata.__func__.6079
                0x1000a2b4       0x18 CMakeFiles/fm_example.dir/fm_rda5807/fm_rda5807.c.obj
 .rodata.__func__.6086
                0x1000a2cc       0x13 CMakeFiles/fm_example.dir/fm_rda5807/fm_rda5807.c.obj
 *fill*         0x1000a2df        0x1 
 .rodata.__func__.6101
                0x1000a2e0       0x19 CMakeFiles/fm_example.dir/fm_rda5807/fm_rda5807.c.obj
 *fill*         0x1000a2f9        0x3 
 .rodata.__func__.6108
                0x1000a2fc       0x19 CMakeFiles/fm_example.dir/fm_rda5807/fm_rda5807.c.obj
 *fill*         0x1000a315        0x3 
 .rodata.__func__.6117
                0x1000a318       0x18 CMakeFiles/fm_example.dir/fm_rda5807/fm_rda5807.c.obj
 .rodata.__func__.6151
                0x1000a330        0xc CMakeFiles/fm_example.dir/fm_rda5807/fm_rda5807.c.obj
 .rodata.__func__.6158
                0x1000a33c        0xe CMakeFiles/fm_example.dir/fm_rda5807/fm_rda5807.c.obj
 *fill*         0x1000a34a        0x2 
 .rodata.__func__.6176
                0x1000a34c       0x1a CMakeFiles/fm_example.dir/fm_rda5807/fm_rda5807.c.obj
 *fill*         0x1000a366        0x2 
 .rodata.__func__.6184
                0x1000a368       0x1c CMakeFiles/fm_example.dir/fm_rda5807/fm_rda5807.c.obj
 .rodata.__func__.6195
                0x1000a384       0x17 CMakeFiles/fm_example.dir/fm_rda5807/fm_rda5807.c.obj
 *fill*         0x1000a39b        0x1 
 .rodata.__func__.6205
                0x1000a39c       0x16 CMakeFiles/fm_example.dir/fm_rda5807/fm_rda5807.c.obj
 *fill*         0x1000a3b2        0x2 
 .rodata.__func__.6220
                0x1000a3b4       0x13 CMakeFiles/fm_example.dir/fm_rda5807/fm_rda5807.c.obj
 *fill*         0x1000a3c7        0x1 
 .rodata.__func__.6232
                0x1000a3c8        0xe CMakeFiles/fm_example.dir/fm_rda5807/fm_rda5807.c.obj
 *fill*         0x1000a3d6        0x2 
 .rodata.__func__.6241
                0x1000a3d8        0xc CMakeFiles/fm_example.dir/fm_rda5807/fm_rda5807.c.obj
 .rodata.__func__.6250
                0x1000a3e4       0x10 CMakeFiles/fm_example.dir/fm_rda5807/fm_rda5807.c.obj
 .rodata.__func__.6259
                0x1000a3f4       0x12 CMakeFiles/fm_example.dir/fm_rda5807/fm_rda5807.c.obj
 *fill*         0x1000a406        0x2 
 .rodata.__func__.6268
                0x1000a408        0xc CMakeFiles/fm_example.dir/fm_rda5807/fm_rda5807.c.obj
 .rodata.__func__.6277
                0x1000a414        0xe CMakeFiles/fm_example.dir/fm_rda5807/fm_rda5807.c.obj
 *fill*         0x1000a422        0x2 
 .rodata.__func__.6282
                0x1000a424        0xc CMakeFiles/fm_example.dir/fm_rda5807/fm_rda5807.c.obj
 .rodata.__func__.6288
                0x1000a430       0x18 CMakeFiles/fm_example.dir/fm_rda5807/fm_rda5807.c.obj
 .rodata.__func__.6295
                0x1000a448       0x12 CMakeFiles/fm_example.dir/fm_rda5807/fm_rda5807.c.obj
 *fill*         0x1000a45a        0x2 
 .rodata.__func__.6301
                0x1000a45c       0x13 CMakeFiles/fm_example.dir/fm_rda5807/fm_rda5807.c.obj
 *fill*         0x1000a46f        0x1 
 .rodata.__func__.6308
                0x1000a470       0x15 CMakeFiles/fm_example.dir/fm_rda5807/fm_rda5807.c.obj
 *fill*         0x1000a485        0x3 
 .rodata.fm_async_task_tick.str1.4
                0x1000a488       0x1a CMakeFiles/fm_example.dir/fm_rda5807/fm_rda5807.c.obj
 *fill*         0x1000a4a2        0x2 
 .rodata.fm_power_up.str1.4
                0x1000a4a4       0x62 CMakeFiles/fm_example.dir/fm_rda5807/fm_rda5807.c.obj
 *fill*         0x1000a506        0x2 
 .rodata.fm_read_registers.str1.4
                0x1000a508        0x7 CMakeFiles/fm_example.dir/fm_rda5807/fm_rda5807.c.obj
 *fill*         0x1000a50f        0x1 
 .rodata.fm_read_registers_up_to.str1.4
                0x1000a510       0x25 CMakeFiles/fm_example.dir/fm_rda5807/fm_rda5807.c.obj
 .rodata.fm_read_single_register.str1.4
                0x1000a535       0x25 CMakeFiles/fm_example.dir/fm_rda5807/fm_rda5807.c.obj
                                 0x11 (size before relaxing)
 *fill*         0x1000a535        0x3 
 .rodata.fm_seek_async_task.str1.4
                0x1000a538       0x29 CMakeFiles/fm_example.dir/fm_rda5807/fm_rda5807.c.obj
 *fill*         0x1000a561        0x3 
 .rodata.fm_set_frequency_async.str1.4
                0x1000a564       0x32 CMakeFiles/fm_example.dir/fm_rda5807/fm_rda5807.c.obj
 *fill*         0x1000a596        0x2 
 .rodata.fm_set_frequency_async_task.str1.4
                0x1000a598       0x4c CMakeFiles/fm_example.dir/fm_rda5807/fm_rda5807.c.obj
 .rodata.fm_write_registers.str1.4
                0x1000a5e4       0x3b CMakeFiles/fm_example.dir/fm_rda5807/fm_rda5807.c.obj
 *fill*         0x1000a61f        0x1 
 .rodata.fm_write_registers_up_to.str1.4
                0x1000a620       0x25 CMakeFiles/fm_example.dir/fm_rda5807/fm_rda5807.c.obj
 *fill*         0x1000a645        0x3 
 .rodata.__func__.4732
                0x1000a648       0x11 CMakeFiles/fm_example.dir/home/pi/pico/pico-sdk/src/rp2_common/hardware_i2c/i2c.c.obj
 *fill*         0x1000a659        0x3 
 .rodata.i2c_set_baudrate.str1.4
                0x1000a65c       0x59 CMakeFiles/fm_example.dir/home/pi/pico/pico-sdk/src/rp2_common/hardware_i2c/i2c.c.obj
 *fill*         0x1000a6b5        0x3 
 .rodata.spin_lock_claim_unused.str1.4
                0x1000a6b8       0x1b CMakeFiles/fm_example.dir/home/pi/pico/pico-sdk/src/rp2_common/hardware_sync/sync.c.obj
 *fill*         0x1000a6d3        0x1 
 .rodata.__func__.5033
                0x1000a6d4        0xc CMakeFiles/fm_example.dir/rds_parser/rds_parser.c.obj
 .rodata.hex_to_char.str1.4
                0x1000a6e0       0x3f CMakeFiles/fm_example.dir/rds_parser/rds_parser.c.obj
 *fill*         0x1000a71f        0x1 
 .rodata.__func__.5648
                0x1000a720       0x15 CMakeFiles/fm_example.dir/home/pi/pico/pico-sdk/src/common/pico_time/time.c.obj
 *fill*         0x1000a735        0x3 
 .rodata.__func__.5949
                0x1000a738        0xc CMakeFiles/fm_example.dir/home/pi/pico/pico-sdk/src/common/pico_time/time.c.obj
 .rodata.__func__.5956
                0x1000a744       0x12 CMakeFiles/fm_example.dir/home/pi/pico/pico-sdk/src/common/pico_time/time.c.obj
 *fill*         0x1000a756        0x2 
 .rodata.__func__.5972
                0x1000a758        0xf CMakeFiles/fm_example.dir/home/pi/pico/pico-sdk/src/common/pico_time/time.c.obj
 *fill*         0x1000a767        0x1 
 .rodata.__func__.5994
                0x1000a768        0xd CMakeFiles/fm_example.dir/home/pi/pico/pico-sdk/src/common/pico_time/time.c.obj
 *fill*         0x1000a775        0x3 
 .rodata.__func__.6195
                0x1000a778        0xa CMakeFiles/fm_example.dir/home/pi/pico/pico-sdk/src/common/pico_time/time.c.obj
 *fill*         0x1000a782        0x2 
 .rodata.__func__.6200
                0x1000a784       0x12 CMakeFiles/fm_example.dir/home/pi/pico/pico-sdk/src/common/pico_time/time.c.obj
 *fill*         0x1000a796        0x2 
 .rodata.__func__.6215
                0x1000a798       0x17 CMakeFiles/fm_example.dir/home/pi/pico/pico-sdk/src/common/pico_time/time.c.obj
 *fill*         0x1000a7af        0x1 
 .rodata.__func__.6226
                0x1000a7b0       0x15 CMakeFiles/fm_example.dir/home/pi/pico/pico-sdk/src/common/pico_time/time.c.obj
 *fill*         0x1000a7c5        0x3 
 .rodata.__func__.6243
                0x1000a7c8       0x1a CMakeFiles/fm_example.dir/home/pi/pico/pico-sdk/src/common/pico_time/time.c.obj
 *fill*         0x1000a7e2        0x2 
 .rodata.__func__.6282
                0x1000a7e4       0x18 CMakeFiles/fm_example.dir/home/pi/pico/pico-sdk/src/common/pico_time/time.c.obj
 .rodata.add_alarm_under_lock.str1.4
                0x1000a7fc       0x28 CMakeFiles/fm_example.dir/home/pi/pico/pico-sdk/src/common/pico_time/time.c.obj
                                 0x2b (size before relaxing)
 .rodata.alarm_pool_alarm_callback.str1.4
                0x1000a824       0xe2 CMakeFiles/fm_example.dir/home/pi/pico/pico-sdk/src/common/pico_time/time.c.obj
 *fill*         0x1000a906        0x2 
 .rodata.alarm_pool_cancel_alarm.str1.4
                0x1000a908       0x27 CMakeFiles/fm_example.dir/home/pi/pico/pico-sdk/src/common/pico_time/time.c.obj
 *fill*         0x1000a92f        0x1 
 .rodata.alarm_pool_dump_key.str1.4
                0x1000a930       0x33 CMakeFiles/fm_example.dir/home/pi/pico/pico-sdk/src/common/pico_time/time.c.obj
 *fill*         0x1000a963        0x1 
 .rodata.alarm_pool_get_default.str1.4
                0x1000a964       0x21 CMakeFiles/fm_example.dir/home/pi/pico/pico-sdk/src/common/pico_time/time.c.obj
 *fill*         0x1000a985        0x3 
 .rodata.ph_add_child_node.str1.4
                0x1000a988       0x92 CMakeFiles/fm_example.dir/home/pi/pico/pico-sdk/src/common/pico_time/time.c.obj
 *fill*         0x1000aa1a        0x2 
 .rodata.repeating_timer_callback.str1.4
                0x1000aa1c       0x47 CMakeFiles/fm_example.dir/home/pi/pico/pico-sdk/src/common/pico_time/time.c.obj
 *fill*         0x1000aa63        0x1 
 .rodata.sleep_until.str1.4
                0x1000aa64       0x4d CMakeFiles/fm_example.dir/home/pi/pico/pico-sdk/src/common/pico_time/time.c.obj
 *fill*         0x1000aab1        0x3 
 .rodata.__func__.4173
                0x1000aab4       0x15 CMakeFiles/fm_example.dir/home/pi/pico/pico-sdk/src/rp2_common/hardware_timer/timer.c.obj
 *fill*         0x1000aac9        0x3 
 .rodata.__func__.4508
                0x1000aacc       0x1a CMakeFiles/fm_example.dir/home/pi/pico/pico-sdk/src/rp2_common/hardware_timer/timer.c.obj
 .rodata.busy_wait_us.str1.4
                0x1000aae6       0x5d CMakeFiles/fm_example.dir/home/pi/pico/pico-sdk/src/rp2_common/hardware_timer/timer.c.obj
 *fill*         0x1000aae6        0x2 
 .rodata.hardware_alarm_claim.str1.4
                0x1000aae8       0x22 CMakeFiles/fm_example.dir/home/pi/pico/pico-sdk/src/rp2_common/hardware_timer/timer.c.obj
 *fill*         0x1000ab0a        0x2 
 .rodata.hardware_alarm_set_target.str1.4
                0x1000ab0c       0x61 CMakeFiles/fm_example.dir/home/pi/pico/pico-sdk/src/rp2_common/hardware_timer/timer.c.obj
 *fill*         0x1000ab6d        0x3 
 .rodata.__func__.4173
                0x1000ab70       0x15 CMakeFiles/fm_example.dir/home/pi/pico/pico-sdk/src/common/pico_sync/mutex.c.obj
 *fill*         0x1000ab85        0x3 
 .rodata.__func__.4570
                0x1000ab88       0x15 CMakeFiles/fm_example.dir/home/pi/pico/pico-sdk/src/common/pico_sync/mutex.c.obj
 *fill*         0x1000ab9d        0x3 
 .rodata.__func__.4595
                0x1000aba0       0x18 CMakeFiles/fm_example.dir/home/pi/pico/pico-sdk/src/common/pico_sync/mutex.c.obj
 .rodata.__func__.4605
                0x1000abb8        0xb CMakeFiles/fm_example.dir/home/pi/pico/pico-sdk/src/common/pico_sync/mutex.c.obj
 *fill*         0x1000abc3        0x1 
 .rodata.str1.4
                0x1000abc4       0xad CMakeFiles/fm_example.dir/home/pi/pico/pico-sdk/src/common/pico_sync/mutex.c.obj
                                0x10d (size before relaxing)
 *fill*         0x1000ac71        0x3 
 .rodata.__func__.5655
                0x1000ac74        0xc CMakeFiles/fm_example.dir/home/pi/pico/pico-sdk/src/common/pico_util/pheap.c.obj
 .rodata.__func__.5662
                0x1000ac80       0x12 CMakeFiles/fm_example.dir/home/pi/pico/pico-sdk/src/common/pico_util/pheap.c.obj
 *fill*         0x1000ac92        0x2 
 .rodata.__func__.5748
                0x1000ac94       0x13 CMakeFiles/fm_example.dir/home/pi/pico/pico-sdk/src/common/pico_util/pheap.c.obj
 *fill*         0x1000aca7        0x1 
 .rodata.__func__.5766
                0x1000aca8       0x18 CMakeFiles/fm_example.dir/home/pi/pico/pico-sdk/src/common/pico_util/pheap.c.obj
 .rodata.ph_add_child_node.str1.4
                0x1000acc0       0x92 CMakeFiles/fm_example.dir/home/pi/pico/pico-sdk/src/common/pico_util/pheap.c.obj
 .rodata.ph_remove_and_free_node.str1.4
                0x1000acc0       0x26 CMakeFiles/fm_example.dir/home/pi/pico/pico-sdk/src/common/pico_util/pheap.c.obj
 *fill*         0x1000ace6        0x2 
 .rodata.ph_remove_any_head.str1.4
                0x1000ace8       0x88 CMakeFiles/fm_example.dir/home/pi/pico/pico-sdk/src/common/pico_util/pheap.c.obj
 .rodata.__assert_func.str1.4
                0x1000ad70       0x3f CMakeFiles/fm_example.dir/home/pi/pico/pico-sdk/src/rp2_common/pico_runtime/runtime.c.obj
                                 0x43 (size before relaxing)
 *fill*         0x1000adaf        0x1 
 .rodata.panic.str1.4
                0x1000adb0       0x10 CMakeFiles/fm_example.dir/home/pi/pico/pico-sdk/src/rp2_common/pico_runtime/runtime.c.obj
                                 0x12 (size before relaxing)
 .rodata.__func__.4627
                0x1000adc0       0x10 CMakeFiles/fm_example.dir/home/pi/pico/pico-sdk/src/rp2_common/hardware_clocks/clocks.c.obj
 .rodata.clock_configure.str1.4
                0x1000add0       0x53 CMakeFiles/fm_example.dir/home/pi/pico/pico-sdk/src/rp2_common/hardware_clocks/clocks.c.obj
 *fill*         0x1000ae23        0x1 
 .rodata.__func__.4663
                0x1000ae24       0x1a CMakeFiles/fm_example.dir/home/pi/pico/pico-sdk/src/rp2_common/hardware_irq/irq.c.obj
 *fill*         0x1000ae3e        0x2 
 .rodata.__func__.4677
                0x1000ae40        0xc CMakeFiles/fm_example.dir/home/pi/pico/pico-sdk/src/rp2_common/hardware_irq/irq.c.obj
 .rodata.__func__.4685
                0x1000ae4c       0x17 CMakeFiles/fm_example.dir/home/pi/pico/pico-sdk/src/rp2_common/hardware_irq/irq.c.obj
 *fill*         0x1000ae63        0x1 
 .rodata.__func__.4689
                0x1000ae64        0xf CMakeFiles/fm_example.dir/home/pi/pico/pico-sdk/src/rp2_common/hardware_irq/irq.c.obj
 *fill*         0x1000ae73        0x1 
 .rodata.__func__.4728
                0x1000ae74       0x13 CMakeFiles/fm_example.dir/home/pi/pico/pico-sdk/src/rp2_common/hardware_irq/irq.c.obj
 *fill*         0x1000ae87        0x1 
 .rodata.__func__.4747
                0x1000ae88       0x1a CMakeFiles/fm_example.dir/home/pi/pico/pico-sdk/src/rp2_common/hardware_irq/irq.c.obj
 *fill*         0x1000aea2        0x2 
 .rodata.irq_add_shared_handler.str1.4
                0x1000aea4       0xd9 CMakeFiles/fm_example.dir/home/pi/pico/pico-sdk/src/rp2_common/hardware_irq/irq.c.obj
 *fill*         0x1000af7d        0x3 
 .rodata.irq_add_tail_to_free_list.str1.4
                0x1000af80       0x32 CMakeFiles/fm_example.dir/home/pi/pico/pico-sdk/src/rp2_common/hardware_irq/irq.c.obj
                                 0x3a (size before relaxing)
 *fill*         0x1000afb2        0x2 
 .rodata.irq_remove_handler.str1.4
                0x1000afb4       0x2a CMakeFiles/fm_example.dir/home/pi/pico/pico-sdk/src/rp2_common/hardware_irq/irq.c.obj
 *fill*         0x1000afde        0x2 
 .rodata.irq_set_exclusive_handler.str1.4
                0x1000afe0       0x36 CMakeFiles/fm_example.dir/home/pi/pico/pico-sdk/src/rp2_common/hardware_irq/irq.c.obj
 *fill*         0x1000b016        0x2 
 .rodata.make_branch.str1.4
                0x1000b018       0x49 CMakeFiles/fm_example.dir/home/pi/pico/pico-sdk/src/rp2_common/hardware_irq/irq.c.obj
 *fill*         0x1000b061        0x3 
 .rodata.__func__.4362
                0x1000b064        0x9 CMakeFiles/fm_example.dir/home/pi/pico/pico-sdk/src/rp2_common/hardware_pll/pll.c.obj
 *fill*         0x1000b06d        0x3 
 .rodata.pll_init.str1.4
                0x1000b070       0xd7 CMakeFiles/fm_example.dir/home/pi/pico/pico-sdk/src/rp2_common/hardware_pll/pll.c.obj
 *fill*         0x1000b147        0x1 
 .rodata._vsnprintf
                0x1000b148      0x1e0 CMakeFiles/fm_example.dir/home/pi/pico/pico-sdk/src/rp2_common/pico_printf/printf.c.obj
 .rodata._ftoa.str1.4
                0x1000b328       0x15 CMakeFiles/fm_example.dir/home/pi/pico/pico-sdk/src/rp2_common/pico_printf/printf.c.obj
 *fill*         0x1000b33d        0x3 
 .rodata.pow10.5369
                0x1000b340       0x50 CMakeFiles/fm_example.dir/home/pi/pico/pico-sdk/src/rp2_common/pico_printf/printf.c.obj
 .rodata.__aeabi_double_init.str1.4
                0x1000b390       0xa4 CMakeFiles/fm_example.dir/home/pi/pico/pico-sdk/src/rp2_common/pico_double/double_init_rom.c.obj
 .rodata.__func__.4628
                0x1000b434       0x14 CMakeFiles/fm_example.dir/home/pi/pico/pico-sdk/src/rp2_common/pico_double/double_init_rom.c.obj
 .rodata.__aeabi_float_init.str1.4
                0x1000b448       0x76 CMakeFiles/fm_example.dir/home/pi/pico/pico-sdk/src/rp2_common/pico_float/float_init_rom.c.obj
                                 0x7a (size before relaxing)
 *fill*         0x1000b4be        0x2 
 .rodata.__func__.4630
                0x1000b4c0       0x13 CMakeFiles/fm_example.dir/home/pi/pico/pico-sdk/src/rp2_common/pico_float/float_init_rom.c.obj
 *fill*         0x1000b4d3        0x1 
 .rodata.__bi_44
                0x1000b4d4        0xc CMakeFiles/fm_example.dir/home/pi/pico/pico-sdk/src/rp2_common/pico_standard_link/binary_info.c.obj
 .rodata.__bi_75
                0x1000b4e0        0xc CMakeFiles/fm_example.dir/home/pi/pico/pico-sdk/src/rp2_common/pico_standard_link/binary_info.c.obj
 .rodata.__bi_81
                0x1000b4ec        0xc CMakeFiles/fm_example.dir/home/pi/pico/pico-sdk/src/rp2_common/pico_standard_link/binary_info.c.obj
 .rodata.str1.4
                0x1000b4f8       0x40 CMakeFiles/fm_example.dir/home/pi/pico/pico-sdk/src/rp2_common/pico_standard_link/binary_info.c.obj
 .rodata.__func__.5371
                0x1000b538       0x15 CMakeFiles/fm_example.dir/home/pi/pico/pico-sdk/src/rp2_common/pico_stdio/stdio.c.obj
 *fill*         0x1000b54d        0x3 
 .rodata.__func__.6066
                0x1000b550       0x13 CMakeFiles/fm_example.dir/home/pi/pico/pico-sdk/src/rp2_common/pico_stdio/stdio.c.obj
 *fill*         0x1000b563        0x1 
 .rodata.__wrap_getchar.str1.4
                0x1000b564       0x45 CMakeFiles/fm_example.dir/home/pi/pico/pico-sdk/src/rp2_common/pico_stdio/stdio.c.obj
 *fill*         0x1000b5a9        0x3 
 .rodata.crlf_str.5960
                0x1000b5ac        0x2 CMakeFiles/fm_example.dir/home/pi/pico/pico-sdk/src/rp2_common/pico_stdio/stdio.c.obj
 .rodata.getchar_timeout_us.str1.4
                0x1000b5ae       0x63 CMakeFiles/fm_example.dir/home/pi/pico/pico-sdk/src/rp2_common/pico_stdio/stdio.c.obj